OK licenses/openstreetmap-copyright.html bytes=21344 sha256=dffb9cce1cd61f5ab77ddb965a714f669c5783f59c21048210280ac06030e160 action=preserved-verified-prior-download
OK openfreemap/release/osm_date bytes=10 sha256=7bc9976065dfc54307489a0cd40af33df5cb1ccaa6e5f904d09a561a92c961c0 action=reused-after-byte-verification
OK licenses/openfreemap-README.md bytes=11901 sha256=12167370534e23608ffa6a2564b33e2bdf5090009a7f2d70c36718ff7f907c7d action=reused-after-byte-verification
OK licenses/openfreemap-LICENSE.md bytes=4118 sha256=d1754e5d291e4e8b9b0047ddba0a6ec75e1046ccd61a02c2cea3dac58f3fe355 action=reused-after-byte-verification
OK licenses/ODbL-1.0.txt bytes=25278 sha256=607680718977f6f6c9607972afd98f208573f19251315ed1362a8589b51beaf5 action=downloaded
OK osm-current-bbbike/Seoul.osm.pbf bytes=51794961 sha256=eec1fcac44d0b7b1600c81437ba0a0ea56cd645d16f4eaf55a00786597e0e7e8 action=downloaded
OK osm-current-bbbike/Seoul.poly bytes=84 sha256=6ef1e45108421a44574fc2b4f1a600de0c51960de1deb03ccff21bdff7c7bf08 action=downloaded
OK boundaries-kostat-2013/seoul_municipalities_geo.json bytes=1133982 sha256=cfa0c49df02184981d3f214b52729685fd5444ec1e58f04054bdf99ae4b1e836 action=downloaded
OK boundaries-kostat-2013/seoul_municipalities_geo_simple.json bytes=57732 sha256=2bb208614451c9f2a096cd62204063d6b27e57dcb7650a35ac19c06f1a84eb03 action=downloaded
OK licenses/southkorea-seoul-maps-README.md bytes=3110 sha256=6361e844df9b4069607f324a06cdcbd07bc2e77ee8125048037d51f6f008d948 action=downloaded
OK licenses/Apache-2.0.txt bytes=11358 sha256=cfc7749b96f63bd31c3c42b5c471bf756814053e847c10f3eb003417bc523d30 action=downloaded
OK licenses/mapzen-terrain-attribution.md bytes=12300 sha256=2ce4d3414b4592d17ad56a5af57feb480686ddcfb0a3e4ea0b566d28cde13567 action=downloaded
OK licenses/mapzen-terrain-formats.md bytes=5392 sha256=f37b923b033ddb90ed454902c20a248b0f75985df1129dc2899c8ddf14459c8c action=downloaded
OK licenses/mapzen-terrain-data-sources.md bytes=12162 sha256=dcf07b156bc25930dfe3e1a55d8efd4a2e3b5376393d23bf24d1fc1dd02c5948 action=downloaded
OK terrain-mapzen-geotiff/z11/1745/792.tif bytes=134503 sha256=6dab91a2d3091df1971ed443b5773739d96d5cafe3c0a2e49b2cf8e480f4d074 action=downloaded
OK terrain-mapzen-geotiff/z11/1745/793.tif bytes=138244 sha256=6d3993da3c56a45558e03e5f6cc2f1f2478373820f0a898f64a6264b95d1f7f2 action=downloaded
OK terrain-mapzen-geotiff/z11/1745/794.tif bytes=153283 sha256=79880d085ec9b750efa71fe4ba8116f322fc0ff3a2ae1544f5e825e45d7a519c action=downloaded
OK terrain-mapzen-geotiff/z11/1746/792.tif bytes=169853 sha256=a3e0c549622666b4bbd9a014824528671093c6e3eef08ba8f5a27f0fde7c7b96 action=downloaded
OK terrain-mapzen-geotiff/z11/1746/793.tif bytes=150669 sha256=39e5b320876db402a11ebe47002dcf26563d3a426940e8954de5ee7d05de31ef action=downloaded
OK terrain-mapzen-geotiff/z11/1746/794.tif bytes=163177 sha256=13943d005f521cc4e804b884dfaaafe0520185f2263d747e8aff8e3caa2e73d3 action=downloaded
OK terrain-mapzen-geotiff/z11/1747/792.tif bytes=159429 sha256=0d067dfb7f99aa845d0d590c1c4c25d8fa14a4b562dfe8538f5c6af7b3b85126 action=downloaded
OK terrain-mapzen-geotiff/z11/1747/793.tif bytes=158019 sha256=083e0933230c98d967a7ee7e74d964c683878a32ef8d414d8a1ba2eb5d12da1a action=downloaded
OK terrain-mapzen-geotiff/z11/1747/794.tif bytes=160744 sha256=6d02b38e39ecfd367f10b639aa341693fef87740bcdb3ff0fd5493a06f6292bc action=downloaded
OK openfreemap/mvt/20260830_080001_pt/14/13960/6337.pbf bytes=100512 sha256=0555883289eabfef6159084250376b8b06d5163664dcc6f719e4d00092a51985 action=downloaded
OK openfreemap/mvt/20260830_080001_pt/14/13960/6338.pbf bytes=160770 sha256=a74a30ebff56fe788096a09c8181df93e6666a344b86c0967b0addfb08b14a89 action=downloaded
OK openfreemap/mvt/20260830_080001_pt/14/13960/6341.pbf bytes=34932 sha256=6a8ae18e9f61ab91179de03cba0694ac404e5c2892c98e7ce5b28a48e7d3d29f action=downloaded
OK openfreemap/mvt/20260830_080001_pt/14/13960/6343.pbf bytes=21707 sha256=f3a1cf04c6e75d61e0855b7f4c8d1fad280c7ec3e6baacf5e3d472ea23cc2399 action=downloaded
OK openfreemap/mvt/20260830_080001_pt/14/13960/6344.pbf bytes=35485 sha256=3d1a3e82bc37c96ce41bf3b2270b74655ee3115da4ffbc1d378a0088948edf77 action=downloaded
OK openfreemap/mvt/20260830_080001_pt/14/13960/6342.pbf bytes=23034 sha256=68799eca0cc4efd7982139af39322b6d945ea9562e8cd38abfd6367c48e6c234 action=downloaded
OK openfreemap/mvt/20260830_080001_pt/14/13960/6346.pbf bytes=80984 sha256=8eb296bccfd54eb34ad50af5bd55e1b37c99242c08fd6c017df22e1748d77485 action=downloaded
OK openfreemap/mvt/20260830_080001_pt/14/13960/6340.pbf bytes=15566 sha256=8666c9cdca3a2bdc83d79e6d34928923ed5a76366920360276d9de0aa867882c action=downloaded
OK openfreemap/mvt/20260830_080001_pt/14/13960/6347.pbf bytes=107726 sha256=cc7913029f530d40438c1eee796972b233727d684640422b63b2cc34eb892030 action=downloaded
OK openfreemap/mvt/20260830_080001_pt/14/13960/6349.pbf bytes=110106 sha256=c45f4f2189ae56d45420d538dadb7ab0a68363dbda76addb39408cc56ea5431f action=downloaded
OK openfreemap/mvt/20260830_080001_pt/14/13960/6348.pbf bytes=176001 sha256=caf8f18641fb9dc60ac69d2347b40beb511322bbd78e70fa99e6006f7b4f3e36 action=downloaded
OK openfreemap/mvt/20260830_080001_pt/14/13960/6339.pbf bytes=70349 sha256=5505f543bdb9f8b2c3229c166afc2abe5c301fa8e819a27a85a1dfacad13b463 action=downloaded
OK openfreemap/mvt/20260830_080001_pt/14/13960/6350.pbf bytes=31891 sha256=525851f1ee9a2ed80e381bd59fd9592d927c63677ab94c064afdcc6054e34f66 action=downloaded
OK openfreemap/mvt/20260830_080001_pt/14/13960/6351.pbf bytes=37925 sha256=59723352e271053d578db634f816409964006ffb39d278b2f4631b37abe4758d action=downloaded
OK openfreemap/mvt/20260830_080001_pt/14/13960/6352.pbf bytes=31468 sha256=dd3b71117d325a4ae37995471c1cf3a02f0f0b8ff6f94667bf904fc45b590095 action=downloaded
OK openfreemap/mvt/20260830_080001_pt/14/13960/6353.pbf bytes=19388 sha256=0afb18b6ab2adf439118718e5e7190ae31516b236a226ce46fb8bed000c6ae01 action=downloaded
OK openfreemap/mvt/20260830_080001_pt/14/13961/6338.pbf bytes=217173 sha256=6321532f2d23758c6cc96f2c0d848095062473dbcf958af0d18c4b3b39c82503 action=downloaded
OK openfreemap/mvt/20260830_080001_pt/14/13961/6339.pbf bytes=132386 sha256=182bb158f26c912556ced436ecc7eef1b545ac678e101a81bbfd26215b95e17e action=downloaded
OK openfreemap/mvt/20260830_080001_pt/14/13960/6345.pbf bytes=58404 sha256=271f0e9d4e8b98c8675427e72472e4559d2ec468ca53a90ca98d54157c2397ed action=downloaded
OK openfreemap/mvt/20260830_080001_pt/14/13961/6342.pbf bytes=71223 sha256=e5a5cb7b848c56680010b362bf8c05dc1b6778c2200917b634b19ee912f887ae action=downloaded
OK openfreemap/mvt/20260830_080001_pt/14/13961/6343.pbf bytes=34208 sha256=d5c6aaa718313eb2dc76a3d865e603b9268f3fb160abe06aadd6a6111f666813 action=downloaded
OK openfreemap/mvt/20260830_080001_pt/14/13961/6344.pbf bytes=18137 sha256=baad35f9b0e46c06783fc3b8890476683e2af942d3db97f6332455f967d2b1f1 action=downloaded
OK openfreemap/mvt/20260830_080001_pt/14/13961/6345.pbf bytes=13459 sha256=01962d95bdf24143bf4649a6499652584d267fe2e2df7a26617930cdfb1bfffa action=downloaded
OK openfreemap/mvt/20260830_080001_pt/14/13961/6341.pbf bytes=14672 sha256=9c0955b949d26c1299e1c5b682d7a38e2e9e614448aeb511466b02c1a56cbf78 action=downloaded
OK openfreemap/mvt/20260830_080001_pt/14/13961/6346.pbf bytes=33816 sha256=e232130052c303fa89f5df8dbb8dec110846dd7c356c25dc15d621239b6e582d action=downloaded
OK openfreemap/mvt/20260830_080001_pt/14/13961/6347.pbf bytes=103021 sha256=a23e7b638f7d9aa9fe914c126ddda73db5fe7a1d452a0c39faa6b1a1b8b67b4c action=downloaded
OK openfreemap/mvt/20260830_080001_pt/14/13961/6348.pbf bytes=186758 sha256=dade7b06a4c093b989c57540d5ce68a65daa5ecf463762683be3adb7b41a002c action=downloaded
OK openfreemap/mvt/20260830_080001_pt/14/13961/6349.pbf bytes=143267 sha256=278f4a545713a38631b41e39c303fda460fb64621929fc917386c4686fefda18 action=downloaded
OK openfreemap/mvt/20260830_080001_pt/14/13961/6337.pbf bytes=157718 sha256=5d7c4abe0971e066812a9052b3b105e137b2841f7ba7e27b54dec792dfb8b1fe action=downloaded
OK openfreemap/mvt/20260830_080001_pt/14/13961/6340.pbf bytes=77868 sha256=82af7bdb6baa34444a4bbf2be663fbb6c2800571cf158a68e7bd45ef26e4b169 action=downloaded
OK openfreemap/mvt/20260830_080001_pt/14/13961/6351.pbf bytes=53010 sha256=f359d7f116cd057c0779788ea4f9031037254cdf74373bda3e4c82a2fe6d3640 action=downloaded
OK openfreemap/mvt/20260830_080001_pt/14/13961/6352.pbf bytes=45090 sha256=9c9b5d3d5cb0fc63760181ce07150fe4c9902b628590164771dac29674111ce7 action=downloaded
OK openfreemap/mvt/20260830_080001_pt/14/13961/6353.pbf bytes=14706 sha256=ecc23c38c7f85392dd261b5e683a087d7c5376cf4b9fcafcecbffc931c539df9 action=downloaded
OK openfreemap/mvt/20260830_080001_pt/14/13962/6337.pbf bytes=46377 sha256=fbac675f99b32db0f0d2d747f2bd058726d789e944158ba3b8605b69ebff1fef action=downloaded
OK openfreemap/mvt/20260830_080001_pt/14/13962/6340.pbf bytes=89387 sha256=4b943f89c4db5b9aeb7ce150c04c3a085f1ce5c2dfcb8da08eb62fe1a4b5ce2e action=downloaded
OK openfreemap/mvt/20260830_080001_pt/14/13961/6350.pbf bytes=22067 sha256=3ea1a13a32a62ef28268a1b427468e21da512903dfebf1ed2c91e7713abbc8c9 action=downloaded
OK openfreemap/mvt/20260830_080001_pt/14/13962/6342.pbf bytes=38155 sha256=35f3fc6eb9bfddfc6797c247a00be2bb24a963a147a809a0d604367b8129d4ca action=downloaded
OK openfreemap/mvt/20260830_080001_pt/14/13962/6343.pbf bytes=58201 sha256=4b9dd6a7ea6b084acc96a6fa807ce4193814773deb716bf071cd1969c3713312 action=downloaded
OK openfreemap/mvt/20260830_080001_pt/14/13962/6341.pbf bytes=21480 sha256=8974c360405abd8cbe8fda181d95c89fe342a88f135749425f39b05485011d88 action=downloaded
OK openfreemap/mvt/20260830_080001_pt/14/13962/6344.pbf bytes=52932 sha256=0df3bc77e2a84427cf6d8b073389a70978f5b35942d400575c46223ee4a9c620 action=downloaded
OK openfreemap/mvt/20260830_080001_pt/14/13962/6345.pbf bytes=37017 sha256=e07857c183cff3ad3293f0c3db46a9983e2c56b420f295fde5e532aba97a67cc action=downloaded
OK openfreemap/mvt/20260830_080001_pt/14/13962/6338.pbf bytes=141030 sha256=00088d4b5ee5f580aa124161400730b6eb1664d4eab56c4ccc82a0ddfc9d6a13 action=downloaded
OK openfreemap/mvt/20260830_080001_pt/14/13962/6347.pbf bytes=93823 sha256=2ec894bf74e549388dee4a7e90ec95cc263e842c4c688d47adfcc735660c7667 action=downloaded
OK openfreemap/mvt/20260830_080001_pt/14/13962/6339.pbf bytes=134576 sha256=1ad566b7b673095db29e89d4751fc7be8be93466c21da51771a74109941eb397 action=downloaded
OK openfreemap/mvt/20260830_080001_pt/14/13962/6348.pbf bytes=80493 sha256=c7e2c45d970a82e3ded7f7cb84f8c9bfbab07f7848822612881e8e80c32e0f6f action=downloaded
OK openfreemap/mvt/20260830_080001_pt/14/13962/6350.pbf bytes=45353 sha256=b35ec63a5a510a0d7a44c9fdb40e56b19220fdcc6cc3b72583019e869f382c61 action=downloaded
OK openfreemap/mvt/20260830_080001_pt/14/13962/6349.pbf bytes=129248 sha256=c5fbdb5610d41904fd51824ded634957ed29c0791ef77c212c195fc0e6825876 action=downloaded
OK openfreemap/mvt/20260830_080001_pt/14/13962/6351.pbf bytes=131565 sha256=e1b687210e906c4ab9883f0b0cc8b58f19c6a75c350fee921c7d015c606b4bf1 action=downloaded
OK openfreemap/mvt/20260830_080001_pt/14/13962/6353.pbf bytes=14557 sha256=119369a3479b2b014bc575bbb3f89a913164ced42c5897da243cecc5f72214cb action=downloaded
OK openfreemap/mvt/20260830_080001_pt/14/13962/6352.pbf bytes=80703 sha256=cadbae42a1dce31eef7db7c27a2f5f79688bddbf0b04224994f4d94cc0d46d99 action=downloaded
OK openfreemap/mvt/20260830_080001_pt/14/13963/6337.pbf bytes=24653 sha256=1a29bd2235b3940ebba9ed6aa84f1ab565a2c295642486bd1a82b4088addfd06 action=downloaded
OK openfreemap/mvt/20260830_080001_pt/14/13962/6346.pbf bytes=59292 sha256=9133afec54bfcf97c40cf8bd7bf67effc0357b38f250ee96eab81835a4fc36fe action=downloaded
OK openfreemap/mvt/20260830_080001_pt/14/13963/6339.pbf bytes=37890 sha256=37730333be5f5c0c7ac9d7f9ba92086ac90e164e03b3461c4ddc052e307a3885 action=downloaded
OK openfreemap/mvt/20260830_080001_pt/14/13963/6340.pbf bytes=41775 sha256=bc42cc7e011a3e8847f266e3a19462400a67adbce5bec9cf378f87d4dda7d99b action=downloaded
OK openfreemap/mvt/20260830_080001_pt/14/13963/6343.pbf bytes=34063 sha256=13d30e264df95c1a7d064b2f77f557a680d019a42060a79ff7342ed7ee0ab6c1 action=downloaded
OK openfreemap/mvt/20260830_080001_pt/14/13963/6344.pbf bytes=164198 sha256=3064e3c6d7a16a8960deeab1544a7205a79ba6762506f2346715018a9ffe6f31 action=downloaded
OK openfreemap/mvt/20260830_080001_pt/14/13963/6345.pbf bytes=149607 sha256=1a9563261256d9f0c36d92751ed2099f7059074fa855a3a57756c977f9fafcb6 action=downloaded
OK openfreemap/mvt/20260830_080001_pt/14/13963/6346.pbf bytes=80600 sha256=6d3f0544bb887923c9b7a57a29d8df2d099eb23dfe44e6fe39cd287d7eefeac2 action=downloaded
OK openfreemap/mvt/20260830_080001_pt/14/13963/6338.pbf bytes=60151 sha256=55e98be1b708a624d161830bb47aa51a77f4e100a0047f977fe24e26e1450647 action=downloaded
OK openfreemap/mvt/20260830_080001_pt/14/13963/6342.pbf bytes=41901 sha256=1e426de7314f56ec264844518ff08b6c06f4761235397415252442ec02fbae8e action=downloaded
OK openfreemap/mvt/20260830_080001_pt/14/13963/6348.pbf bytes=46799 sha256=67a732ea99dffa845408737e1755180d712e0785c70458a37c26597ace065305 action=downloaded
OK openfreemap/mvt/20260830_080001_pt/14/13963/6349.pbf bytes=123706 sha256=381f286d034230081b694c7848ec24d715dfc0cfeb2a226b137088a2ee87b71d action=downloaded
OK openfreemap/mvt/20260830_080001_pt/14/13963/6341.pbf bytes=99899 sha256=75bf4c93b63a214542b76a62d2b69e54480079983ff5da2e358b0dc64d9dc77c action=downloaded
OK openfreemap/mvt/20260830_080001_pt/14/13963/6350.pbf bytes=53370 sha256=5f0b68a020685c040abc64d211d5eb2a50ddcb678d772461840c70f3e6838941 action=downloaded
OK openfreemap/mvt/20260830_080001_pt/14/13963/6351.pbf bytes=23238 sha256=0629f929b3b1bb0bd057aba1e9591ac40f4913867f64afac7cf96f68887584d1 action=downloaded
OK openfreemap/mvt/20260830_080001_pt/14/13963/6352.pbf bytes=24932 sha256=23336695a9b4db23e79e915bd2d793025ec6e1a9dc0da0f8f3d6420f6fe1b389 action=downloaded
OK openfreemap/mvt/20260830_080001_pt/14/13964/6337.pbf bytes=25188 sha256=5e394f02e836f33eaf89b1f0f94e338c99592b1a84b367214dff41b68580ee34 action=downloaded
OK openfreemap/mvt/20260830_080001_pt/14/13963/6347.pbf bytes=82077 sha256=5900822f963628161d0b3cd184a28d2f31e06c1ed39d03e891b6a4beb3db1fff action=downloaded
OK openfreemap/mvt/20260830_080001_pt/14/13964/6340.pbf bytes=96757 sha256=fe996e681bd393b7a186f0dee696ec68dcfa8d0c8d19d6a7c39ac3919fca0078 action=downloaded
OK openfreemap/mvt/20260830_080001_pt/14/13963/6353.pbf bytes=24207 sha256=32f4a1cad9f7b2be51b60caac76fedd4f64050a63620baf17777d932ef5cbe35 action=downloaded
OK openfreemap/mvt/20260830_080001_pt/14/13964/6338.pbf bytes=26989 sha256=0cd8ea52317c8f3f33eb824b0a3aac926728b04c105627523cd535cc2c6317ca action=downloaded
OK openfreemap/mvt/20260830_080001_pt/14/13964/6342.pbf bytes=61863 sha256=29048bbc4b54af657b2597529a8c717b7951769abf33d8759818f92097ba4815 action=downloaded
OK openfreemap/mvt/20260830_080001_pt/14/13964/6343.pbf bytes=17369 sha256=38947457c68336731eb040e2705d8dda124bb49ce1c5610e9e69223553711a62 action=downloaded
OK openfreemap/mvt/20260830_080001_pt/14/13964/6344.pbf bytes=153412 sha256=f4ee6a0a7484845eb14b4ea08ef3b3c649459056f047ba2bd41ebf354e5c452c action=downloaded
OK openfreemap/mvt/20260830_080001_pt/14/13964/6345.pbf bytes=298258 sha256=6920490aa36358c7b04a6430c13d8580c70eb59615cbaa83423110ac0ec4b30d action=downloaded
OK openfreemap/mvt/20260830_080001_pt/14/13964/6339.pbf bytes=104160 sha256=d539bcea534ecd2731906cb6c7e028b51a69a78910bde98d2b40fc2fee59ef70 action=downloaded
OK openfreemap/mvt/20260830_080001_pt/14/13964/6346.pbf bytes=253449 sha256=23d7193734da55c70d89c9ee89b538a53b6890b72ecbfbbbef8474320f7375c1 action=downloaded
OK openfreemap/mvt/20260830_080001_pt/14/13964/6349.pbf bytes=97607 sha256=73450d8bb83b4c3659fd1d25418738a72a564f820a365385c697e2bab038c7cb action=downloaded
OK openfreemap/mvt/20260830_080001_pt/14/13964/6341.pbf bytes=161065 sha256=bc599f37f3a7cc69721216c481e3d43e43f167b88bf914e4971eaf783c954bf5 action=downloaded
OK openfreemap/mvt/20260830_080001_pt/14/13964/6351.pbf bytes=18671 sha256=0fdfbcb91a7088c9b66adea208e6d0174254075efb28a423f7169ed7cb9fa3ca action=downloaded
OK openfreemap/mvt/20260830_080001_pt/14/13964/6350.pbf bytes=44126 sha256=543b116dbad17bcc3a3c58cc9a82ce1f4df6967e24b107228492bb9d23b46c3e action=downloaded
OK openfreemap/mvt/20260830_080001_pt/14/13964/6352.pbf bytes=13099 sha256=09b4f3cc1cccd52db7395ac418613e57ad6e39eea16d5198f67d81cd9eeac89a action=downloaded
OK openfreemap/mvt/20260830_080001_pt/14/13964/6347.pbf bytes=135775 sha256=8af019f39bf52d58526ae8bda95f8d6f402867afc8e56ace79c4c81004e43646 action=downloaded
OK openfreemap/mvt/20260830_080001_pt/14/13964/6353.pbf bytes=18085 sha256=308f3ed802947fa4665ae48217f1916c84090383d0ad876de57471d14fb5c9b1 action=downloaded
OK openfreemap/mvt/20260830_080001_pt/14/13964/6348.pbf bytes=110393 sha256=8a0cb8ec0d512fc0918b24e5111f532a315a3c5bfe5d4d6925de645b499946cd action=downloaded
OK openfreemap/mvt/20260830_080001_pt/14/13965/6338.pbf bytes=31318 sha256=1e21b44e267a1bff522529e498fe086acd650443e9387f69015ef867e4dcb381 action=downloaded
OK openfreemap/mvt/20260830_080001_pt/14/13965/6339.pbf bytes=28254 sha256=c19e5d2d540fa76ac79c227e216b0429662bef7125737287cacc50d35166e9de action=downloaded
OK openfreemap/mvt/20260830_080001_pt/14/13965/6340.pbf bytes=41400 sha256=dfc63fb596fd92a57fd0b5069d57a1f5e48a2a1aaf1879494776522bd14eba7d action=downloaded
OK openfreemap/mvt/20260830_080001_pt/14/13965/6342.pbf bytes=54023 sha256=efe2f46f484c334cb6d836b0335f6ac62d21ebdea29dcdea5eb4dfb4b5014a62 action=downloaded
OK openfreemap/mvt/20260830_080001_pt/14/13965/6344.pbf bytes=79825 sha256=cc527d1a277edabf625f856fbe0cb081d827e18b65e120de651fdf85557cfc2e action=downloaded
OK openfreemap/mvt/20260830_080001_pt/14/13965/6337.pbf bytes=46697 sha256=da8e53818d39280f80de31e41b155a546f5973e0b3b9428d442fb220bffbc140 action=downloaded
OK openfreemap/mvt/20260830_080001_pt/14/13965/6345.pbf bytes=217135 sha256=6e4c19ee94fbe92f272223f4da97879ec6d47739efb3f371745ab097cc91900e action=downloaded
OK openfreemap/mvt/20260830_080001_pt/14/13965/6346.pbf bytes=249861 sha256=c2d8fc567c1ab709d37514b5305647228a8583c7a34bed57fca2271a9cf2515c action=downloaded
OK openfreemap/mvt/20260830_080001_pt/14/13965/6347.pbf bytes=188098 sha256=ca7cb400d19880ad6ee9d95f0ca1f70dea02d1672c5e80cdef87d6cee0d99c0d action=downloaded
OK openfreemap/mvt/20260830_080001_pt/14/13965/6348.pbf bytes=156992 sha256=a6e5ccd7456bbe4989288c6269ac5cbc4dbbe5f3bb95941e390f24fceb2ea54f action=downloaded
OK openfreemap/mvt/20260830_080001_pt/14/13965/6349.pbf bytes=153121 sha256=be24214893eb7fe52b2299268a7d48822172f8636ef6fb0a2ca60b268f9c4ff3 action=downloaded
OK openfreemap/mvt/20260830_080001_pt/14/13965/6350.pbf bytes=90177 sha256=3bd673877525db30755b82724a2ba60a2676db81be7019f5f364821559fdd0b6 action=downloaded
OK openfreemap/mvt/20260830_080001_pt/14/13965/6351.pbf bytes=19856 sha256=e99f16582b7718e6df0aa25f83a60750fd20d049175e01ad1c9ac567757d53c1 action=downloaded
OK openfreemap/mvt/20260830_080001_pt/14/13965/6352.pbf bytes=14070 sha256=852898c0f7fe594499cba93f856776cbdeeb7fe3de16109f9e4a89a8dbc7a254 action=downloaded
OK openfreemap/mvt/20260830_080001_pt/14/13965/6341.pbf bytes=56558 sha256=c239172b0cb029f4fb4ae97dfbd9dc87c120e20b2d0a37fa921f3e7bcdc67ac2 action=downloaded
OK openfreemap/mvt/20260830_080001_pt/14/13965/6353.pbf bytes=15260 sha256=d3398f241bdbfb7047f5725d85535bb596532a854a2f56de4c454e24906000ae action=downloaded
OK openfreemap/mvt/20260830_080001_pt/14/13965/6343.pbf bytes=36573 sha256=2f6419fe569da861ffdfd1ee3ca8e6da9e5493236a26d3806bdd4dd19c814b57 action=downloaded
OK openfreemap/mvt/20260830_080001_pt/14/13966/6338.pbf bytes=35651 sha256=44f9264d97b231eb6050d390b7779171c04f6cd130b90b8b734c53957719dc6c action=downloaded
OK openfreemap/mvt/20260830_080001_pt/14/13966/6339.pbf bytes=88462 sha256=2632be92b315813a4e62286e43f0812a57e2aa05810dc75fd31051a29a6e5c2a action=downloaded
OK openfreemap/mvt/20260830_080001_pt/14/13966/6340.pbf bytes=91536 sha256=d7157f805a2077626420b72a9189e831aed06fdf4729716f7f5dd9e8d6e283d2 action=downloaded
OK openfreemap/mvt/20260830_080001_pt/14/13966/6341.pbf bytes=41709 sha256=d28d4a143ffae8775497c9ea5d86d916f33d543cb1f1e989c5f0579b75fde885 action=downloaded
OK openfreemap/mvt/20260830_080001_pt/14/13966/6342.pbf bytes=80830 sha256=f96dda89e567ba5c61b1ff97c8dbcbf590ddbb271f515215b4171c1b21c73048 action=downloaded
OK openfreemap/mvt/20260830_080001_pt/14/13966/6343.pbf bytes=123329 sha256=d47dccb654cd3bce2d88f1b7d32dc6ebedc137be29b6fb938d231b55612e1f1d action=downloaded
OK openfreemap/mvt/20260830_080001_pt/14/13966/6344.pbf bytes=90233 sha256=5553b07216cf82646ec7b24cd5059c8e47e560b9134f546558b683742a30885e action=downloaded
OK openfreemap/mvt/20260830_080001_pt/14/13966/6345.pbf bytes=134257 sha256=2abcb7a02ae47af51152dd849d9592c4407a17f9ef669137014430ab5cb1bc55 action=downloaded
OK openfreemap/mvt/20260830_080001_pt/14/13966/6346.pbf bytes=235706 sha256=825499f5830e2fd8d7b6d49e0e3726920a045b6b2ccd5058766c07c1f58f1b7e action=downloaded
OK openfreemap/mvt/20260830_080001_pt/14/13966/6347.pbf bytes=229164 sha256=5731753cab610379d978dc456ec786b009bf8b1c5284e0abda05475800557240 action=downloaded
OK openfreemap/mvt/20260830_080001_pt/14/13966/6348.pbf bytes=182647 sha256=bdb89bb251de1f5470b743f26df14923fb3ff2825614524b3c38b0e06aaf03d6 action=downloaded
OK openfreemap/mvt/20260830_080001_pt/14/13966/6349.pbf bytes=206659 sha256=abdb6dd66604171cd0c82c61b44e3c4364e86f0ff3364991801002acb5420237 action=downloaded
OK openfreemap/mvt/20260830_080001_pt/14/13966/6350.pbf bytes=142617 sha256=5a56f3562bb4d052eb54e1fe5c6d2551fcf72b1fa16588084269590771643351 action=downloaded
OK openfreemap/mvt/20260830_080001_pt/14/13966/6351.pbf bytes=59197 sha256=8da247c35dabda4d1cda87b04b7fea9c210f33c3913ced276e76d24783ac07e0 action=downloaded
OK openfreemap/mvt/20260830_080001_pt/14/13966/6352.pbf bytes=36056 sha256=e96db6c654ff2d96f96e8a2ed18615d9ebc56a5605f9aa2d702ad3930f8516f5 action=downloaded
OK openfreemap/mvt/20260830_080001_pt/14/13966/6353.pbf bytes=38338 sha256=6dd540948b3ab6c8ba288309c76d361773a2a192c64023e992c036a7f512565c action=downloaded
OK openfreemap/mvt/20260830_080001_pt/14/13967/6339.pbf bytes=94814 sha256=37e408939a4ad431db49d2e79e8af56ce6d9248ae0668a6600028def83c1da59 action=downloaded
OK openfreemap/mvt/20260830_080001_pt/14/13966/6337.pbf bytes=23367 sha256=f92a86d4c8dddfadbd56c92893f71df29f8f3f63933ee5249500f26668259730 action=downloaded
OK openfreemap/mvt/20260830_080001_pt/14/13967/6341.pbf bytes=90173 sha256=dfe707f2f38cb6575887358162aded779f05e435f713cdc9587196482b42a16f action=downloaded
OK openfreemap/mvt/20260830_080001_pt/14/13967/6340.pbf bytes=80430 sha256=46dd782527aa32ad57b97cc2977949f677e0fc4bee88566a85604dd76d479e52 action=downloaded
OK openfreemap/mvt/20260830_080001_pt/14/13967/6342.pbf bytes=196564 sha256=c0ae297ce486cc361f4390ef556ffb3c3df202c07886cdbb02e4393df23bca64 action=downloaded
OK openfreemap/mvt/20260830_080001_pt/14/13967/6343.pbf bytes=303694 sha256=ae2bac69961d4a37b8e2dfd72f1eb61e1e75a317bfba653c2bf7bd64cc36b36c action=downloaded
OK openfreemap/mvt/20260830_080001_pt/14/13967/6338.pbf bytes=25596 sha256=5024265be9fd84a2879d6d9e76583ee1b27cd3875b8c6f5595b6dca4fae50ee4 action=downloaded
OK openfreemap/mvt/20260830_080001_pt/14/13967/6344.pbf bytes=271384 sha256=aaf62a3a49606e1db90177aa9bcb467419f9d574fa1805c7a6da878ec2450077 action=downloaded
OK openfreemap/mvt/20260830_080001_pt/14/13967/6345.pbf bytes=285130 sha256=57a9333d70f65370779f92caaa377b024337fcb5888d70ed675431469ddf5d06 action=downloaded
OK openfreemap/mvt/20260830_080001_pt/14/13967/6346.pbf bytes=221112 sha256=b4501e784f01b25a47d1c9c95c3cda248bf095d341fe7ea8a68056b2c5911574 action=downloaded
OK openfreemap/mvt/20260830_080001_pt/14/13967/6348.pbf bytes=248898 sha256=e536a747e6c4f3eddbb7dc67e314a76784bfc23f23009114fb62dcb7dc358cf7 action=downloaded
OK openfreemap/mvt/20260830_080001_pt/14/13967/6347.pbf bytes=321327 sha256=ed250a68e5ab318716735296f0a86afb1d463e085bf9e89506c00c1579b44407 action=downloaded
OK openfreemap/mvt/20260830_080001_pt/14/13967/6349.pbf bytes=252890 sha256=2202d89cdc6314babbb3945f9f8cfa91cd35f51026375991605161717ec562d7 action=downloaded
OK openfreemap/mvt/20260830_080001_pt/14/13967/6337.pbf bytes=24001 sha256=7ba30c4a7d1b76a2fca7305e02a065b03e8225b3f2b1b29257a5e2824d117168 action=downloaded
OK openfreemap/mvt/20260830_080001_pt/14/13967/6352.pbf bytes=58167 sha256=2e758568d30e90711150f3438de79250cb96346944c32f7010c9266751e4ccf1 action=downloaded
OK openfreemap/mvt/20260830_080001_pt/14/13967/6351.pbf bytes=140726 sha256=4171e631dd6ee431674241e856cc31c6fabb92064d21c4eb6c8e203b8afcfd7f action=downloaded
OK openfreemap/mvt/20260830_080001_pt/14/13967/6350.pbf bytes=168975 sha256=18d523a82fa469d0981da1192c9683d5d905e05c948342ebb7e071b9984795d5 action=downloaded
OK openfreemap/mvt/20260830_080001_pt/14/13967/6353.pbf bytes=138213 sha256=2d759163a817fbc64655d405de41e2ce18649ba2d15312ee85457242f69be08e action=downloaded
OK openfreemap/mvt/20260830_080001_pt/14/13968/6338.pbf bytes=14579 sha256=171c520817679a3b7fae4369333f3a1c4bf947f024a64972bd0a6e4a48011d70 action=downloaded
OK openfreemap/mvt/20260830_080001_pt/14/13968/6340.pbf bytes=110776 sha256=433279dae973ec4cb0310617c3d5b5f55654cd2f142970c249bf382f17618019 action=downloaded
OK openfreemap/mvt/20260830_080001_pt/14/13968/6341.pbf bytes=189075 sha256=60129fc5dadca8053cb04f171bb328c6bda4d311c8b22a53674bd5e9359b76de action=downloaded
OK openfreemap/mvt/20260830_080001_pt/14/13968/6337.pbf bytes=13112 sha256=d75a563451609f9ef7492bf51d83d2cbc06c16d96a8e8302940f4ea9c8153630 action=downloaded
OK openfreemap/mvt/20260830_080001_pt/14/13968/6342.pbf bytes=251735 sha256=4a2b4ae3dd8615d2e78481933ec20647854aa289f2b31c62fd8bae07f5b9a579 action=downloaded
OK openfreemap/mvt/20260830_080001_pt/14/13968/6343.pbf bytes=255848 sha256=790ce5b9b2d7ac217f564ad8d75d7652f35c1632906ffe7094244884ab88860f action=downloaded
OK openfreemap/mvt/20260830_080001_pt/14/13968/6344.pbf bytes=437324 sha256=b193f0799cf2fa4893c658c3ab4729b4da4aa39c3e2ea4d5a2d4c74af1f050de action=downloaded
OK openfreemap/mvt/20260830_080001_pt/14/13968/6345.pbf bytes=728209 sha256=0f499059ee859a1e97568534e99a7a623d03e63c5c69fc46c681dc700ff604f6 action=downloaded
OK openfreemap/mvt/20260830_080001_pt/14/13968/6346.pbf bytes=185758 sha256=fcafda414b968d1587f0cca6ffd7ee53c712e14e56fb3f73ba2bf90bd677318f action=downloaded
OK openfreemap/mvt/20260830_080001_pt/14/13968/6347.pbf bytes=256507 sha256=c3234e435eae4ce2c5a4a6c9523e7e80b303b630fba7ce163ce760eb7eef54d7 action=downloaded
OK openfreemap/mvt/20260830_080001_pt/14/13968/6348.pbf bytes=294038 sha256=07cd61888d394e01a49c191b57d2b319f12899ac1ad0b3f0971f8ff9069f1fd6 action=downloaded
OK openfreemap/mvt/20260830_080001_pt/14/13968/6349.pbf bytes=262006 sha256=285b1768ce4406900582213c47a533f66d79b0b8e2274bcb2e30a5e8f045fc98 action=downloaded
OK openfreemap/mvt/20260830_080001_pt/14/13968/6350.pbf bytes=126765 sha256=e2df7b2840408e609151f4e2056013ee1b514ba1b2c8ca1f68a2a0ae36d9f12d action=downloaded
OK openfreemap/mvt/20260830_080001_pt/14/13968/6351.pbf bytes=40598 sha256=2412897b4ea68fde93235ba65ca4c22484606ab4aa9ea9594b764f89aea042ff action=downloaded
OK openfreemap/mvt/20260830_080001_pt/14/13968/6352.pbf bytes=20769 sha256=ae94a87f17ae18af6aecd44a7cd959f8d51deb2fd9f633f5aae7aef22b314b11 action=downloaded
OK openfreemap/mvt/20260830_080001_pt/14/13968/6353.pbf bytes=73671 sha256=f242716d88a2baa3d1172cdfe85d51a83344c8f6937388359216eb8191baf8af action=downloaded
OK openfreemap/mvt/20260830_080001_pt/14/13969/6337.pbf bytes=9313 sha256=0b6b7a3c62d2b00f82290584c639a8b0d2f51ff7564696295245af50cbc64266 action=downloaded
OK openfreemap/mvt/20260830_080001_pt/14/13968/6339.pbf bytes=43677 sha256=60d42ba5698cbc8af8aa8b8eb3ef1fb4e8ddb5de424ea83dbfe371ec99aca444 action=downloaded
OK openfreemap/mvt/20260830_080001_pt/14/13969/6338.pbf bytes=10384 sha256=809bf1c2dbdd06962636827aa6795e2a309d0151581a005cdf1f675dd201c716 action=downloaded
OK openfreemap/mvt/20260830_080001_pt/14/13969/6339.pbf bytes=25601 sha256=e50184bd92506c117fd881ef644f77cfa2e58b125111cb2e2131ed7bb2a5ad8a action=downloaded
OK openfreemap/mvt/20260830_080001_pt/14/13969/6340.pbf bytes=40273 sha256=fec63b7251a5d02eaccf6807653392b84326c64ce8c5eb4a064264327453e8a5 action=downloaded
OK openfreemap/mvt/20260830_080001_pt/14/13969/6341.pbf bytes=38828 sha256=ba279993be8563e4a86413ee47654f48684bca40bf54eb30ed6897b8311b7bce action=downloaded
OK openfreemap/mvt/20260830_080001_pt/14/13969/6342.pbf bytes=109044 sha256=71d235dd6dd992414cf1a813faaa2f50961135919371c48ebc5ff171bfa1a947 action=downloaded
OK openfreemap/mvt/20260830_080001_pt/14/13969/6343.pbf bytes=167656 sha256=c37b4d68d6e07e2830422b24feba5cd1a08406f29f0029ffe9a037a91b09c9b8 action=downloaded
OK openfreemap/mvt/20260830_080001_pt/14/13969/6344.pbf bytes=265925 sha256=f758bb7fb04a0a36ad3f95ce70ccb1863b995f83e327e45dfa6599931eee0b23 action=downloaded
OK openfreemap/mvt/20260830_080001_pt/14/13969/6346.pbf bytes=207897 sha256=a984fe5d907bc09ebb271330dbd7a3a6a6c4a1b74a47d349a7932f3b0a19af3e action=downloaded
OK openfreemap/mvt/20260830_080001_pt/14/13969/6345.pbf bytes=526640 sha256=76d64d104d3081d54ab82baffbd0f191ff0b4505914c4d7ed468dda840a40b25 action=downloaded
OK openfreemap/mvt/20260830_080001_pt/14/13969/6347.pbf bytes=165234 sha256=2431a8acf27f15f69598d1e53f8bed49174b2a06717f41c5c7b1aa0515aba3d0 action=downloaded
OK openfreemap/mvt/20260830_080001_pt/14/13969/6348.pbf bytes=290758 sha256=051094943f01f42237fd828157faa58b5bb7ab1170fdb237bc93b0993b123f05 action=downloaded
OK openfreemap/mvt/20260830_080001_pt/14/13969/6350.pbf bytes=133237 sha256=7b594474de96fe81a459b44de2d5030596bcc2c94546ed2848f4f2571b52b7da action=downloaded
OK openfreemap/mvt/20260830_080001_pt/14/13969/6349.pbf bytes=313329 sha256=534d5d5017cd48de1cd944b07a9aec4eced3d3c29b08ddce2c6dae383f52949e action=downloaded
OK openfreemap/mvt/20260830_080001_pt/14/13969/6351.pbf bytes=30294 sha256=0f6577b416d23be0a2d462882d3d9e9a74cd6bc358fea2d8ed2ce32c6558d38c action=downloaded
OK openfreemap/mvt/20260830_080001_pt/14/13969/6352.pbf bytes=9244 sha256=d3bed675f14a58631e9bdcf4118e7f2cb8b1bf86298f1eec90b6ddcc5b3f2c61 action=downloaded
OK openfreemap/mvt/20260830_080001_pt/14/13969/6353.pbf bytes=39956 sha256=948fe57b12f529da0f2667cb4d99334acce9416916c35ce0097d274e1629b8f8 action=downloaded
OK openfreemap/mvt/20260830_080001_pt/14/13970/6337.pbf bytes=22416 sha256=ed3b4a37b7dcc5f5fd249d4bff5d9353cf842a6fcaa78973e967eb56cc19b6d3 action=downloaded
OK openfreemap/mvt/20260830_080001_pt/14/13970/6340.pbf bytes=18644 sha256=f081e295d2fe1d75ddd2f7ccf1279d2507a241c9e8f715ff2c1cf7e67228b48c action=downloaded
OK openfreemap/mvt/20260830_080001_pt/14/13970/6341.pbf bytes=27802 sha256=dd385d489fe1f0ae0b8c0314887b6a1b27ccb16d66a71b1925141bb1b8471484 action=downloaded
OK openfreemap/mvt/20260830_080001_pt/14/13970/6342.pbf bytes=64962 sha256=561d94e2bc4c6fd813fd99d4e9efb65ca0566aee95973edc5c0d247769959f63 action=downloaded
OK openfreemap/mvt/20260830_080001_pt/14/13970/6343.pbf bytes=234926 sha256=f20ab2cd89af3938fc53a79512c4f70ca29bbd8f685000efc96b75889c5a3f9a action=downloaded
OK openfreemap/mvt/20260830_080001_pt/14/13970/6344.pbf bytes=747502 sha256=25112ed3779930cae46621fb96b07d1fc3dbb0c2ab7304175428364196ac3fa4 action=downloaded
OK openfreemap/mvt/20260830_080001_pt/14/13970/6339.pbf bytes=20870 sha256=ff455c2c8c2bda6fa60994b5702d2d8dd4f490f369efc4845dc98e4297a85054 action=downloaded
OK openfreemap/mvt/20260830_080001_pt/14/13970/6345.pbf bytes=584089 sha256=496f2e8e19a52ee0025e6a89485d433f7f2ac331ed6b3fd560e20feab013c1dc action=downloaded
OK openfreemap/mvt/20260830_080001_pt/14/13970/6347.pbf bytes=136507 sha256=4d1ff030d7c83815c5afde46fa25bbd33e7332bce7b403c483ae6335a69ef9f8 action=downloaded
OK openfreemap/mvt/20260830_080001_pt/14/13970/6348.pbf bytes=141613 sha256=9d2d410729d695314bf669925a6d84f903a98059890ae0cd431b804dcabf916e action=downloaded
OK openfreemap/mvt/20260830_080001_pt/14/13970/6346.pbf bytes=246580 sha256=30a7c4cd1518d4a9c277e5fe2a714ba99f482ddf6fdcb6c3ab7c38e4d40698a9 action=downloaded
OK openfreemap/mvt/20260830_080001_pt/14/13970/6338.pbf bytes=11207 sha256=90e852518ac2871a8bf5100b550dac496632f338152c0d620dfff489b970e6b8 action=downloaded
OK openfreemap/mvt/20260830_080001_pt/14/13970/6351.pbf bytes=15816 sha256=560f2c7355a187850454cd653094a419e9b9abaf50dc5068113998aa7b8f7da1 action=downloaded
OK openfreemap/mvt/20260830_080001_pt/14/13970/6352.pbf bytes=17010 sha256=9061c2e16ef2b379d6a26c8d30b040a3f91ad2768dcbc7a32aa99cbf2d6d111e action=downloaded
OK openfreemap/mvt/20260830_080001_pt/14/13970/6350.pbf bytes=136591 sha256=9b686137e13aad0597258e36b9d610dc9e6173d1752b331fd5d6c12bb9d23119 action=downloaded
OK openfreemap/mvt/20260830_080001_pt/14/13970/6349.pbf bytes=294317 sha256=a8dc2791128f0ac2227fbb3338f833d402ccb185a808d6e3962bc83358db7460 action=downloaded
OK openfreemap/mvt/20260830_080001_pt/14/13970/6353.pbf bytes=67072 sha256=d2c625e82335d1a421858ac0f589f5ed2bf25a022e4956724674ea9e02142975 action=downloaded
OK openfreemap/mvt/20260830_080001_pt/14/13971/6338.pbf bytes=13624 sha256=7eeb101060ab71b541cb64570b9b39c492042827c9e4d52e741ccd63c72ac589 action=downloaded
OK openfreemap/mvt/20260830_080001_pt/14/13971/6339.pbf bytes=18656 sha256=d329d5a9902ef559ad01259fc017665bbefd6c96dc9780e5e1e0248e29147cb3 action=downloaded
OK openfreemap/mvt/20260830_080001_pt/14/13971/6340.pbf bytes=13184 sha256=00c8c5cc86e6c2ed50c1adf87bf7c3d6caf6c08d1e80a93832a8f5122edecc7b action=downloaded
OK openfreemap/mvt/20260830_080001_pt/14/13971/6342.pbf bytes=75109 sha256=9b60a79c092a7a8d69bdc69139bd56f28bb430b3c225494c56684f1c3c0e1c4c action=downloaded
OK openfreemap/mvt/20260830_080001_pt/14/13971/6343.pbf bytes=319533 sha256=b4a39a878acebea86e5baced2265470aacf84b6b370b7e6721fdd4ff36882305 action=downloaded
OK openfreemap/mvt/20260830_080001_pt/14/13971/6344.pbf bytes=961580 sha256=85b8fd7580c33d5a302951bb14e05daeb7f66a7d15ab11bda3b88eb44a33a00f action=downloaded
OK openfreemap/mvt/20260830_080001_pt/14/13971/6345.pbf bytes=595169 sha256=4a055ac7604e5bb22a7103f6a9736f779d2602d9f5b27b897cd3d5bc8e80170e action=downloaded
OK openfreemap/mvt/20260830_080001_pt/14/13971/6341.pbf bytes=28838 sha256=1be73f5e66f7e3eecf593ba5b55ca846829a91bbe30175622d2371a202e31c40 action=downloaded
OK openfreemap/mvt/20260830_080001_pt/14/13971/6346.pbf bytes=254225 sha256=98847a38698e9e39d7e923d8b92be1981394e147dd44cf26b5934e4f73d8d92a action=downloaded
OK openfreemap/mvt/20260830_080001_pt/14/13971/6347.pbf bytes=107092 sha256=7fe61bda30b5736236c053fe1b25ae03a78fd1db0b160e277a0ded7ceca34888 action=downloaded
OK openfreemap/mvt/20260830_080001_pt/14/13971/6337.pbf bytes=7371 sha256=4683967e82685990904c6626fbc0c5deb97ca898f58ce8a7fc96bc3e72e9c639 action=downloaded
OK openfreemap/mvt/20260830_080001_pt/14/13971/6348.pbf bytes=203365 sha256=33c9255e9b7c3caa3d3aa48c150d794058f01f85240019c58dd64c1f792aa615 action=downloaded
OK openfreemap/mvt/20260830_080001_pt/14/13971/6350.pbf bytes=67689 sha256=2c721e228ae41fe6609d2ba545ff0a488d20241344440be53eeb156dec697722 action=downloaded
OK openfreemap/mvt/20260830_080001_pt/14/13971/6349.pbf bytes=247917 sha256=e88201f7855b1402a4d9f951a0e0472bcb89223393aa9f320af78e1d75f6f66f action=downloaded
OK openfreemap/mvt/20260830_080001_pt/14/13971/6351.pbf bytes=27837 sha256=3998206a946b9e3dbbee522f088ffef921a9eb41adc05ed0e7ee199b86580350 action=downloaded
OK openfreemap/mvt/20260830_080001_pt/14/13971/6352.pbf bytes=86173 sha256=3741aa5b5ca8409c2b7e8183f6ae48089779ec5c2c56ec412e88fae2799f1c4c action=downloaded
OK openfreemap/mvt/20260830_080001_pt/14/13971/6353.pbf bytes=48641 sha256=d9e76dc6a656a160ea5ed6c1411d473d3ec01f35ca7d2be2826bb7bec80cb09c action=downloaded
OK openfreemap/mvt/20260830_080001_pt/14/13972/6339.pbf bytes=85532 sha256=786e07a8b540127d3c1b96453763949a589e1dfc923c802cd338747b93e89ede action=downloaded
OK openfreemap/mvt/20260830_080001_pt/14/13972/6340.pbf bytes=189357 sha256=e9048cf99e1822cccd31f4c9499cdba6485e926abceba630a6abd11069fc594f action=downloaded
OK openfreemap/mvt/20260830_080001_pt/14/13972/6337.pbf bytes=13045 sha256=77c046fa44250ff219addea6f184104bd745c6e22420e2169670f4ee4015f831 action=downloaded
OK openfreemap/mvt/20260830_080001_pt/14/13972/6341.pbf bytes=166341 sha256=d5e6017d385b28ebd6f2248df5ee98caf692cac8a802771aa3d02e1a8775eff8 action=downloaded
OK openfreemap/mvt/20260830_080001_pt/14/13972/6342.pbf bytes=216510 sha256=61931b249e8742a1a0b7d26982d3ef7e4a34badd44ba01f73cc265d0efb182fb action=downloaded
OK openfreemap/mvt/20260830_080001_pt/14/13972/6343.pbf bytes=306987 sha256=5839be122c548eb6020f0d3160d2f8f576d16dacac7bb39f0c170a0194727942 action=downloaded
OK openfreemap/mvt/20260830_080001_pt/14/13972/6345.pbf bytes=335014 sha256=ab99e929ff4362c4062fb0671e27939f2d27d193a89b0cdd0203bca1dc2d9536 action=downloaded
OK openfreemap/mvt/20260830_080001_pt/14/13972/6344.pbf bytes=550460 sha256=7e8f519cc0d984f02bc1b744aa377102027b2e6f98da8427814167802fdfd6b2 action=downloaded
OK openfreemap/mvt/20260830_080001_pt/14/13972/6346.pbf bytes=168851 sha256=c407716ae0fe0f2efb641a101e5b9beafcb2f9cf1c9e68869a6cf8ece47a0e92 action=downloaded
OK openfreemap/mvt/20260830_080001_pt/14/13972/6347.pbf bytes=332860 sha256=ce43251193f39707493c40224ce1cf880252b487de694aca93cb9ac5f5ba3cac action=downloaded
OK openfreemap/mvt/20260830_080001_pt/14/13972/6348.pbf bytes=413995 sha256=6e9054b365d05f96bd067fc375c358c7464671e95261cdb8b943dcbba63a6bb2 action=downloaded
OK openfreemap/mvt/20260830_080001_pt/14/13972/6349.pbf bytes=206824 sha256=611b91964462bafa04eeaa2ea7e6bbcad3fe8d941967509f958ed1f9c47314ed action=downloaded
OK openfreemap/mvt/20260830_080001_pt/14/13972/6350.pbf bytes=46246 sha256=92b814f32c80c2868a5cab5d2f091468180a3cdf10076283a410e0b8cd456232 action=downloaded
OK openfreemap/mvt/20260830_080001_pt/14/13972/6351.pbf bytes=39367 sha256=1ec33e84e5a3d483049d03dcff152d9c8cb6d7e375600e8d23801a3e6680acef action=downloaded
OK openfreemap/mvt/20260830_080001_pt/14/13972/6338.pbf bytes=16519 sha256=aa5da5ed55dc429aaf2b596fa6b205ffcce0fb15d900afcd267a067e7c90d96b action=downloaded
OK openfreemap/mvt/20260830_080001_pt/14/13973/6337.pbf bytes=39205 sha256=2a42e19fd98f8753b9af5fd4e0e48492981067a812fd46bd39678758dc744329 action=downloaded
OK openfreemap/mvt/20260830_080001_pt/14/13973/6338.pbf bytes=76881 sha256=fdb406d62c767ec0263ce96f1528e917564a36d34d226d2364558114cce5ce81 action=downloaded
OK openfreemap/mvt/20260830_080001_pt/14/13973/6339.pbf bytes=162123 sha256=a6f09599084f45828293203b6488134b1e23a9a152d7ad3d0f8cde62cf8e0882 action=downloaded
OK openfreemap/mvt/20260830_080001_pt/14/13973/6340.pbf bytes=207012 sha256=324b9dbda49d96fb9e83c70da3bed4e10019f4ab42c02af60ff62aed498337fb action=downloaded
OK openfreemap/mvt/20260830_080001_pt/14/13972/6353.pbf bytes=21819 sha256=c88b616ac85ca41dca282ed94562a6975d3855f50ec9dce7ddc6d888df8fcb38 action=downloaded
OK openfreemap/mvt/20260830_080001_pt/14/13973/6341.pbf bytes=183041 sha256=d388360fbc60c10310364d49db695c7815dd5c7e44a465d9ea0d5eeeb87ced28 action=downloaded
OK openfreemap/mvt/20260830_080001_pt/14/13973/6342.pbf bytes=248850 sha256=97f3d0ecd10512006a0a64ffe305385431c0f25c4357922e6cd9f40eb88b0fcc action=downloaded
OK openfreemap/mvt/20260830_080001_pt/14/13973/6343.pbf bytes=363116 sha256=a8b1653eede6990500eec330e5c5e0f0c1ebd4ba948bf2ef50245bb916b07b8a action=downloaded
OK openfreemap/mvt/20260830_080001_pt/14/13973/6344.pbf bytes=426484 sha256=cf9c20540ddf1596ecb02a28d0ecd32e89aae547497582b411a3ebee470ef9cc action=downloaded
OK openfreemap/mvt/20260830_080001_pt/14/13973/6345.pbf bytes=269499 sha256=50ed0f254d30e337706ecb0ba6ed61b42d451d15af8947ed1f2be894e0327d5a action=downloaded
OK openfreemap/mvt/20260830_080001_pt/14/13973/6346.pbf bytes=284188 sha256=84abd2ccb107c39d8a12bf3505b7a43d5aa88552d301640a02a6f7ff6f59a58f action=downloaded
OK openfreemap/mvt/20260830_080001_pt/14/13973/6347.pbf bytes=681479 sha256=ddb695042a413f3eb8362e66c1f9d93c0ed9d8ec05e1061b455309e062c629a4 action=downloaded
OK openfreemap/mvt/20260830_080001_pt/14/13973/6349.pbf bytes=274136 sha256=19ee9e4ad6df8f5ccfd83d9d30bb8b89f3b70a1248ff3d9b9caed27357bd2d33 action=downloaded
OK openfreemap/mvt/20260830_080001_pt/14/13973/6350.pbf bytes=127104 sha256=cc718a1c40bb89f9d8524e2690468f0b901d821d3c07fd4a35b652cd3a332ce1 action=downloaded
OK openfreemap/mvt/20260830_080001_pt/14/13973/6348.pbf bytes=566827 sha256=a62575d4a30804b18b88522a96f3ca3a130e726427ee432e37c287ea5a35b338 action=downloaded
OK openfreemap/mvt/20260830_080001_pt/14/13972/6352.pbf bytes=60065 sha256=ff9cf04da414eda9588f63119538a20c762cbbb543d03d4a8cbcd89eb98c5bc9 action=downloaded
OK openfreemap/mvt/20260830_080001_pt/14/13973/6352.pbf bytes=16626 sha256=a7cb5f1bbae1abd16f2279f8b1dcc281edf4b36af3e438261e66277e5eb5deb6 action=downloaded
OK openfreemap/mvt/20260830_080001_pt/14/13973/6351.pbf bytes=20448 sha256=9273af5482ccc40d07a514fc5ed3daae3324d659ca2fe064fba1a631e389be82 action=downloaded
OK openfreemap/mvt/20260830_080001_pt/14/13974/6337.pbf bytes=57065 sha256=4185f66d83c6ed938b612663a8f0b9816bf75d8ec795ba4f9453e1dbd4728036 action=downloaded
OK openfreemap/mvt/20260830_080001_pt/14/13974/6338.pbf bytes=115566 sha256=7a65755baa9d1827913c7f334cc40007928353d4a6c2baaf8b5370f8d6b5ea72 action=downloaded
OK openfreemap/mvt/20260830_080001_pt/14/13974/6339.pbf bytes=174534 sha256=900601ea553c01d2bb6ded420545bc970aba452d7695f2d0bc923c372023aa4d action=downloaded
OK openfreemap/mvt/20260830_080001_pt/14/13973/6353.pbf bytes=14655 sha256=5bdeb96725fb01526a62b40e4311c8a30dc17d53024db9927a4694341f4d3950 action=downloaded
OK openfreemap/mvt/20260830_080001_pt/14/13974/6340.pbf bytes=131529 sha256=a3b9d894e4a8f6ff9c03c33f8e62872ad1e598a94ebc3b2139d5339f2ce40965 action=downloaded
OK openfreemap/mvt/20260830_080001_pt/14/13974/6341.pbf bytes=198061 sha256=53d2d79e31b9ecc8b6a3523363485040f0689c071f9bb725ba4df7cf88f08ed4 action=downloaded
OK openfreemap/mvt/20260830_080001_pt/14/13974/6342.pbf bytes=284218 sha256=ceecbc5ad3fdddb1c5351fde84f4223d2fb2a2a944496438f27bbc89bb4f8ee3 action=downloaded
OK openfreemap/mvt/20260830_080001_pt/14/13974/6343.pbf bytes=517583 sha256=c385576ec09d26baf631480cabde10f070626e61d3383c96bc6f376ec21e7e1f action=downloaded
OK openfreemap/mvt/20260830_080001_pt/14/13974/6344.pbf bytes=443457 sha256=41be5f242868116bea62b9ed04c9451bbc87dd16b2d0552b8988a7071d6a830e action=downloaded
OK openfreemap/mvt/20260830_080001_pt/14/13974/6345.pbf bytes=341917 sha256=06d79fb1b05fabf174c50729f4463f87a5d75c447bf48c65a5eb8dfe37962725 action=downloaded
OK openfreemap/mvt/20260830_080001_pt/14/13974/6346.pbf bytes=372453 sha256=f3c2a1013b649bc5a7d98df0686f48ba0e03adb51ffa544d359ae4743e8b4642 action=downloaded
OK openfreemap/mvt/20260830_080001_pt/14/13974/6347.pbf bytes=339645 sha256=590f689f583c18325466a5e5c27b6ac09274155e25267622023d741289500516 action=downloaded
OK openfreemap/mvt/20260830_080001_pt/14/13974/6348.pbf bytes=330296 sha256=a73e163d0e0210256058d8bf0e64eb4417f04ab03c074fd343ccb4a0963d637d action=downloaded
OK openfreemap/mvt/20260830_080001_pt/14/13974/6350.pbf bytes=78009 sha256=291362a340c57dbdff1cf4bb29dd05518572924e7ba34914e9de1795e923d33d action=downloaded
OK openfreemap/mvt/20260830_080001_pt/14/13974/6349.pbf bytes=161235 sha256=0d706c409c06ac99038b18e943bbf218a0038fbe138a2522302d9f3513a61f85 action=downloaded
OK openfreemap/mvt/20260830_080001_pt/14/13974/6351.pbf bytes=40853 sha256=a1bd5c91ca1bff2b8f1ce0a45f64a661cd72590ddbc01df9a51e81049de30c4a action=downloaded
OK openfreemap/mvt/20260830_080001_pt/14/13974/6352.pbf bytes=15802 sha256=26edafa51f4b351501799f205da0fb1861b0d1302ed2397c613e70a4e95ac3af action=downloaded
OK openfreemap/mvt/20260830_080001_pt/14/13974/6353.pbf bytes=7818 sha256=1a91fb9db16b084f166cb328a1b8a2c76e361a4ed65fc247bc90721ab2ff08d1 action=downloaded
OK openfreemap/mvt/20260830_080001_pt/14/13975/6337.pbf bytes=11378 sha256=4cfcf2e106ec40ab803f55638e02160a76bcf49e0c234e7e3dafffdf298caec6 action=downloaded
OK openfreemap/mvt/20260830_080001_pt/14/13975/6338.pbf bytes=42885 sha256=52054e79d162aff8006f6bbd62dafdc01971af8e37af124661eee730f084ac58 action=downloaded
OK openfreemap/mvt/20260830_080001_pt/14/13975/6339.pbf bytes=105916 sha256=bf6490dc7d8a98861568e7310058049ca840ef88ee842fda29cb069f3954f2d1 action=downloaded
OK openfreemap/mvt/20260830_080001_pt/14/13975/6340.pbf bytes=98529 sha256=e796b75c8438a12b015a1f49b23577cbeb43bdba213ed8f62709e337765afd57 action=downloaded
OK openfreemap/mvt/20260830_080001_pt/14/13975/6341.pbf bytes=217762 sha256=101572fed9370e0a7c097e8aa2104e50665156004688ffc0d33850d9efc89094 action=downloaded
OK openfreemap/mvt/20260830_080001_pt/14/13975/6342.pbf bytes=277598 sha256=1d340ecbf264cca694cc43b1e1369c832bd161d8128a1ed1ce0fe8487c358b8a action=downloaded
OK openfreemap/mvt/20260830_080001_pt/14/13975/6343.pbf bytes=391380 sha256=0e4914355395791912c00a8f7df69a08235b0c0301b0340124cfcf395b474396 action=downloaded
OK openfreemap/mvt/20260830_080001_pt/14/13975/6344.pbf bytes=400761 sha256=c1b61213d9ced2dbaa67be41e2bfe44453c8c25d5780a72dad6e44b4027fd6ef action=downloaded
OK openfreemap/mvt/20260830_080001_pt/14/13975/6345.pbf bytes=457205 sha256=5b1774e33e6da5f07ce2c6fb6a9f636470216401e13b7d62040d2a0180204dce action=downloaded
OK openfreemap/mvt/20260830_080001_pt/14/13975/6346.pbf bytes=413459 sha256=a370ab0fc7d9152109ff9a3e4c081f780866d627074e11f3fa7c3ffddc060ec6 action=downloaded
OK openfreemap/mvt/20260830_080001_pt/14/13975/6347.pbf bytes=166240 sha256=b4636e213a692d85e9d9f6752ce0e24a8320e1c6ab935bdec918e9593ee4b1ef action=downloaded
OK openfreemap/mvt/20260830_080001_pt/14/13975/6348.pbf bytes=243642 sha256=eccb0196039de241df31ae190914058a222fd0d19521239480ec93a3ee9fb2d7 action=downloaded
OK openfreemap/mvt/20260830_080001_pt/14/13975/6349.pbf bytes=109553 sha256=81ac40e5c16fb6474e2f7b70c2e73e5b4878f783b7c3c3865755152149fca698 action=downloaded
OK openfreemap/mvt/20260830_080001_pt/14/13975/6350.pbf bytes=39111 sha256=e836b4edaf34b568b6dbc11f52aebaf87acecd5e0d1c02fd3e9ba32eba4f3788 action=downloaded
OK openfreemap/mvt/20260830_080001_pt/14/13975/6351.pbf bytes=20415 sha256=aa5dc02287ace3c524f6989f0bbad599a430e3c2a4ac4805889a00d93a6fe24b action=downloaded
OK openfreemap/mvt/20260830_080001_pt/14/13975/6352.pbf bytes=18864 sha256=b87740d91545b67fc0d452f1eec62db056ad8103522b9fcc44d0e23b7e2abaa9 action=downloaded
OK openfreemap/mvt/20260830_080001_pt/14/13975/6353.pbf bytes=15797 sha256=ba6309b4eacd48178cb7126b4d3e21667f1d3a9b142193d277e47020975dd9b8 action=downloaded
OK openfreemap/mvt/20260830_080001_pt/14/13976/6337.pbf bytes=9320 sha256=e5c941557adead55c62a9f260868c0aec077a837407b6ee09df77ae8b12190dc action=downloaded
OK openfreemap/mvt/20260830_080001_pt/14/13976/6338.pbf bytes=17952 sha256=1e01df4f534d325801a2951af4eaae14935ffeb7ccea74527e2ec283be233712 action=downloaded
OK openfreemap/mvt/20260830_080001_pt/14/13976/6339.pbf bytes=23183 sha256=626ce18e5aa38898b466cb79ba3895861837542f675275f098252fa5e4ca3078 action=downloaded
OK openfreemap/mvt/20260830_080001_pt/14/13976/6340.pbf bytes=31306 sha256=1feaeddd8d9cf5067e4eb3548c1b76b5c9a14d0e804bb87b3ecce119f047e130 action=downloaded
OK openfreemap/mvt/20260830_080001_pt/14/13976/6341.pbf bytes=75963 sha256=6246b319f6b8b427a577781beea6812df90e74fe1058e3fcb016d4d88cf843c7 action=downloaded
OK openfreemap/mvt/20260830_080001_pt/14/13976/6342.pbf bytes=268139 sha256=7c7d263505690244d218304a782089ed43b2d76eca91843b1d2a6fede10abbc1 action=downloaded
OK openfreemap/mvt/20260830_080001_pt/14/13976/6344.pbf bytes=87022 sha256=d4828aa94a88c6473f246425fd205a9651540773b4092950acd7fc27ac9ff55a action=downloaded
OK openfreemap/mvt/20260830_080001_pt/14/13976/6343.pbf bytes=220941 sha256=4856cd131eb18922c25e1a711dc57bb1afd7648ac42091aa43f8eeb204b3f4fa action=downloaded
OK openfreemap/mvt/20260830_080001_pt/14/13976/6345.pbf bytes=151823 sha256=7dc22b895b6120d2484a660648d116cd5db8fa4acf91e77eb2c8d4163ecb82d6 action=downloaded
OK openfreemap/mvt/20260830_080001_pt/14/13976/6346.pbf bytes=149502 sha256=57bcd251f643322555b6dd9c73c529b15eec06315d0942e68b2ea5760b4e6b80 action=downloaded
OK openfreemap/mvt/20260830_080001_pt/14/13976/6347.pbf bytes=226700 sha256=8633eabf6cbdeffc8c617dafa70706d096153ef313fab4c937e4e6fb74cef6f4 action=downloaded
OK openfreemap/mvt/20260830_080001_pt/14/13976/6348.pbf bytes=293281 sha256=914b4355131e72718723a906662324addd59a18c9502a20336746f1c0f361cb2 action=downloaded
OK openfreemap/mvt/20260830_080001_pt/14/13976/6349.pbf bytes=98331 sha256=5821c2b7cced1f4a952b29a356cd4e08bbb9654a2c08f457e414861cf73f40b3 action=downloaded
OK openfreemap/mvt/20260830_080001_pt/14/13976/6350.pbf bytes=75857 sha256=28ac4063295f011ed91913eb3f028482e358874e64814912fa2be0dbf10960f8 action=downloaded
OK openfreemap/mvt/20260830_080001_pt/14/13976/6353.pbf bytes=60074 sha256=b70510c309b42d70c6d6d4e17c42d468a83a112ef0343db384a48588e82d89a7 action=downloaded
OK openfreemap/mvt/20260830_080001_pt/14/13976/6352.pbf bytes=34087 sha256=fecaac70519b2e20997e98a7e5a63195ac98632ca150d5963e2355e9a6dd4f90 action=downloaded
OK openfreemap/mvt/20260830_080001_pt/14/13977/6337.pbf bytes=12725 sha256=cebf611ba10b8a432766cce424d443b245ac3e5a4ff3d7c31ec051897957feed action=downloaded
OK openfreemap/mvt/20260830_080001_pt/14/13977/6339.pbf bytes=76037 sha256=293af0cc7c2292a2adcde82868637620d518811e56f46afab041c7094a57d6ed action=downloaded
OK openfreemap/mvt/20260830_080001_pt/14/13977/6340.pbf bytes=74404 sha256=0997f2f59e4c30ea040d340e991a5cde72412fcd33b3c28e0c0dac3ca529428e action=downloaded
OK openfreemap/mvt/20260830_080001_pt/14/13977/6341.pbf bytes=44760 sha256=f107af824ac110f1efcd9b2625f5ec09dc2984dc7efe5c167ac872ff1267f025 action=downloaded
OK openfreemap/mvt/20260830_080001_pt/14/13977/6342.pbf bytes=91906 sha256=3fb5139cdea68881d21746011279762108ff83b180090eafd98ebf311deaab82 action=downloaded
OK openfreemap/mvt/20260830_080001_pt/14/13977/6343.pbf bytes=66451 sha256=9376d48721c3a7f9f7a65c8c68627ad5aa707fb91795333a7a8ae6703cb0e1f5 action=downloaded
OK openfreemap/mvt/20260830_080001_pt/14/13977/6344.pbf bytes=32811 sha256=468665af9d7625fd14540f1e23d4ebe5e69915c97281daecdc86ee25de5747ad action=downloaded
OK openfreemap/mvt/20260830_080001_pt/14/13977/6345.pbf bytes=104089 sha256=8939e1d42d0af9a9b6aeb06f65fc35a72d621c3f3471e0e48a6d8de4d0ae06dd action=downloaded
OK openfreemap/mvt/20260830_080001_pt/14/13977/6338.pbf bytes=29192 sha256=e0ad832e7cb32d461625aaa0a2890b1283310df85ae287b5862a592f392469b8 action=downloaded
OK openfreemap/mvt/20260830_080001_pt/14/13977/6346.pbf bytes=221926 sha256=978d63a55cdf7eb2bcbde1b7a1a2b9e3ed626432e298e79729ff3872c1185a93 action=downloaded
OK openfreemap/mvt/20260830_080001_pt/14/13977/6347.pbf bytes=222291 sha256=132b2e737f5f2f9d245ac241278a5835b77ef426fa72e66c453ff340db20a84e action=downloaded
OK openfreemap/mvt/20260830_080001_pt/14/13977/6348.pbf bytes=257239 sha256=d4d0ebb5f035da83145f496302d62664c6b150f5bb4f4d821a6f523e7e2a91e5 action=downloaded
OK openfreemap/mvt/20260830_080001_pt/14/13977/6349.pbf bytes=215275 sha256=93ea71cb48f8276416e39e049c6747db1f7633a784f17f544cccab8e41874dc9 action=downloaded
OK openfreemap/mvt/20260830_080001_pt/14/13976/6351.pbf bytes=50703 sha256=ec4a57eb5f1ae537bba20c0c11fb05c158a637102587d63a69eeac0cf0fdc3bb action=downloaded
OK openfreemap/mvt/20260830_080001_pt/14/13977/6350.pbf bytes=89719 sha256=947442f8d56b0a2e880af7b0ac9ac0dc08584d3a78848eabbaea6bd1dc975bc1 action=downloaded
OK openfreemap/mvt/20260830_080001_pt/14/13977/6351.pbf bytes=141824 sha256=3d8e8feefad293d3b2a6ddda01a65f07623c35a02dbc655266184fccdfb7e995 action=downloaded
OK openfreemap/mvt/20260830_080001_pt/14/13977/6352.pbf bytes=124137 sha256=003550370791603b603ce16ad3abf25c930bcc3e98320c9d4293e014f56a2bc2 action=downloaded
OK openfreemap/mvt/20260830_080001_pt/14/13978/6337.pbf bytes=9535 sha256=e5d7081f122da425c67c7ee08a63ffc394286b56d42de0000aab688cc9fb295e action=downloaded
OK openfreemap/mvt/20260830_080001_pt/14/13978/6338.pbf bytes=20904 sha256=2560d96642b98bc4aec9cbb8d225668bad92148c5815c97524834ef7c88b879a action=downloaded
OK openfreemap/mvt/20260830_080001_pt/14/13977/6353.pbf bytes=104347 sha256=88336bed9fc009a8f15e7fefbfe248a29136984defb7e21c34b6eee3e3c61095 action=downloaded
OK openfreemap/mvt/20260830_080001_pt/14/13978/6339.pbf bytes=58470 sha256=8bf94dad60c7877812a2b24ca026b8ed55b79bf9a372dec01511bea9a30018e8 action=downloaded
OK openfreemap/mvt/20260830_080001_pt/14/13978/6340.pbf bytes=55471 sha256=0d0f839a3b9056ab7a3fc78488354dcef72481b778939cbc76ea61c3e92bb2cf action=downloaded
OK openfreemap/mvt/20260830_080001_pt/14/13978/6341.pbf bytes=73693 sha256=4eac6352fdc1236f202fae917d23985fe8f425f6f81e75218907b6b3a7eb2373 action=downloaded
OK openfreemap/mvt/20260830_080001_pt/14/13978/6344.pbf bytes=49134 sha256=5f8e5db0bb19bdeb66c3a1104d868200e1eebdb38c22ac6a18be470ad78f8500 action=downloaded
OK openfreemap/mvt/20260830_080001_pt/14/13978/6343.pbf bytes=106540 sha256=d993c15f6119c399d5b0f89c7c3d4384c67106de1fcb9ab36ff3c90e6b816bab action=downloaded
OK openfreemap/mvt/20260830_080001_pt/14/13978/6345.pbf bytes=152006 sha256=da0d0c33d8384dc0d45f641fcb612b06d325d0fd1c8466b47c028986aa72801b action=downloaded
OK openfreemap/mvt/20260830_080001_pt/14/13978/6346.pbf bytes=166599 sha256=805f9d3bb6a299a44d455d477b14c60178a4e741b965c025d56a89a0ee5025b6 action=downloaded
OK openfreemap/mvt/20260830_080001_pt/14/13978/6347.pbf bytes=91204 sha256=665bc081ec7eb275a1f366824188f5fee2427813ec40c1ef31a653dcce9dbe18 action=downloaded
OK openfreemap/mvt/20260830_080001_pt/14/13978/6348.pbf bytes=179930 sha256=859fd35059ce9835a9deb144f453bccfeced09c79c2f6e17e55284ae42d60fcf action=downloaded
OK openfreemap/mvt/20260830_080001_pt/14/13978/6349.pbf bytes=188009 sha256=6e00919c4216641c5645db2e1e8f3aae21983f4c2fd38d6996a7dfb4fbf30b66 action=downloaded
OK openfreemap/mvt/20260830_080001_pt/14/13978/6350.pbf bytes=114026 sha256=29af48c29376c5185910aefcb19f6120e3c5d151f6980fee11b8c51e6fb95e41 action=downloaded
OK openfreemap/mvt/20260830_080001_pt/14/13978/6351.pbf bytes=194423 sha256=d78d3904e1196906cd4f8da5faef53898e50a3a22772173f13f97e91054cbf2a action=downloaded
OK openfreemap/mvt/20260830_080001_pt/14/13978/6353.pbf bytes=77873 sha256=bb9a2f09df98ef0fa39a5541150d3bd12c6c8b183f5bf3d61163eb0a686d16fa action=downloaded
OK openfreemap/mvt/20260830_080001_pt/14/13978/6352.pbf bytes=134879 sha256=d06e35664935fbbfbd0b3ab81566f30be5fb17bddd0cc116baa7cb70656a4b53 action=downloaded
OK openfreemap/mvt/20260830_080001_pt/14/13979/6338.pbf bytes=25832 sha256=3f05ae00fbe0151bc412b4388d577a1e96c1bfce5ec15a133b24642d08ceea6a action=downloaded
OK openfreemap/mvt/20260830_080001_pt/14/13979/6339.pbf bytes=37618 sha256=e7b3083c85c66a2a254cb0e5314991e5157287b4ed70ec59cf0492ac42277669 action=downloaded
OK openfreemap/mvt/20260830_080001_pt/14/13978/6342.pbf bytes=158425 sha256=25c9b604b3e584f938bb55875c2b0f0da1133894ce5ff3d9d23aac4bae8d0966 action=downloaded
OK openfreemap/mvt/20260830_080001_pt/14/13979/6342.pbf bytes=119857 sha256=8ace6e13a9ca393af377e34a4c90c789a50dd967849e701057bf70e76b3216c7 action=downloaded
OK openfreemap/mvt/20260830_080001_pt/14/13979/6343.pbf bytes=87212 sha256=ffef0db37b38d6b4d1ce24a9687ebf51fd20a3c00f7112a7545ecbcb0d7863d8 action=downloaded
OK openfreemap/mvt/20260830_080001_pt/14/13979/6344.pbf bytes=84511 sha256=4ab4bb18dce31334c9acfeda84d556e6a19e92c553d9ed70ec63cb6c9dd24cae action=downloaded
OK openfreemap/mvt/20260830_080001_pt/14/13979/6340.pbf bytes=28442 sha256=7abf0ab0ef95c4bbcaaa3d79b1f23b299c37cba69ede950865d22f7665babdfc action=downloaded
OK openfreemap/mvt/20260830_080001_pt/14/13979/6345.pbf bytes=120657 sha256=e435fe8155d1bbb66a94d25037c6a04f088d4ab56f175b1ff4e8c83c616a7875 action=downloaded
OK openfreemap/mvt/20260830_080001_pt/14/13979/6346.pbf bytes=38961 sha256=517a18e269bcc3d72ca7d73381b2006a2e0d7c0fb7e5f55c860f635a348dafe7 action=downloaded
OK openfreemap/mvt/20260830_080001_pt/14/13979/6348.pbf bytes=49407 sha256=85047e16ca2b99a043fffebaf64cf79ef2b62d98abe49ee9d39724a0e698e2e0 action=downloaded
OK openfreemap/mvt/20260830_080001_pt/14/13979/6337.pbf bytes=24901 sha256=3f3b27a5b61bb8050cc0481a2c5849c3d2bdd49639edae3dfe0258b43f9dc205 action=downloaded
OK openfreemap/mvt/20260830_080001_pt/14/13979/6349.pbf bytes=39016 sha256=9e14f49c5de120d3af13a4e5c0df8f37c2f5277c5bebb714e6260b30728edb50 action=downloaded
OK openfreemap/mvt/20260830_080001_pt/14/13979/6350.pbf bytes=62430 sha256=d8eb83bba1d04f398caf5609eb74123f94a991bd112f1cc6cf5d0f24f300a9c6 action=downloaded
OK openfreemap/mvt/20260830_080001_pt/14/13979/6351.pbf bytes=139117 sha256=65a8d768e015b2bc776e6368d6820687fb03368b062678557c4e0ed0a6334936 action=downloaded
OK openfreemap/mvt/20260830_080001_pt/14/13979/6352.pbf bytes=80653 sha256=d15d6be188efda641178c818e044fba1d808c42ae75298e140e03101a33177fe action=downloaded
OK openfreemap/mvt/20260830_080001_pt/14/13979/6353.pbf bytes=23472 sha256=46b95351e82e32cfac6da14aa3c29ecdc5accbdbdfdbe942c9b2a63aaba1229b action=downloaded
OK openfreemap/mvt/20260830_080001_pt/14/13979/6341.pbf bytes=76294 sha256=507cd94f643470b209eec0668d7182c1b1045e57bb4cbe7058ac60fa78f1c1f0 action=downloaded
OK openfreemap/mvt/20260830_080001_pt/14/13980/6338.pbf bytes=27959 sha256=d2b2ed328d96b47a2fa0cbd44f559791d6d1c7287b8cb71916baf01baeb98b6b action=downloaded
OK openfreemap/mvt/20260830_080001_pt/14/13980/6339.pbf bytes=52496 sha256=bf70d7040e96c9b1afce9364f683a7e4d8edad87bacacfed7968cb1a32583025 action=downloaded
OK openfreemap/mvt/20260830_080001_pt/14/13980/6340.pbf bytes=34822 sha256=43620ddc5de390a44402628433bb19f999569d4daab3c245dcd934e638ab1456 action=downloaded
OK openfreemap/mvt/20260830_080001_pt/14/13980/6341.pbf bytes=32137 sha256=860d51edf857762f114c300b1b357aba8add6259b5802091ae618d33720a2790 action=downloaded
OK openfreemap/mvt/20260830_080001_pt/14/13980/6342.pbf bytes=37665 sha256=3767cfbedc83fa3677a42c7d95c349acc998d390404c7d60947c7edd2ea6797a action=downloaded
OK openfreemap/mvt/20260830_080001_pt/14/13979/6347.pbf bytes=33328 sha256=ebd93633dfc8a5fe4c35eddf5bdca15568a53eabf7450d0295326534709de071 action=downloaded
OK openfreemap/mvt/20260830_080001_pt/14/13980/6343.pbf bytes=53205 sha256=976a273b3325febed15817df9415170b9993d1ef8f2ef47aa47270b60e63cc6c action=downloaded
OK openfreemap/mvt/20260830_080001_pt/14/13980/6344.pbf bytes=203393 sha256=394c97fbbdff6cde8cd47cdd4a59a0e6a66bc5633790c7da1fccc2aff4685389 action=downloaded
OK openfreemap/mvt/20260830_080001_pt/14/13980/6346.pbf bytes=85678 sha256=490fe84ef6018fc124d5ce5b97ad271b67a724424f86233e286db4e0e89540c6 action=downloaded
OK openfreemap/mvt/20260830_080001_pt/14/13980/6345.pbf bytes=226197 sha256=93ffb41fc4685b7cb8bb65f763db671a65310220ec9295bca214e5dd1e319513 action=downloaded
OK openfreemap/mvt/20260830_080001_pt/14/13980/6347.pbf bytes=27379 sha256=a758fc5dd093620a44f92674efddd908eaddffac11105ec01bfdc5236fa45c16 action=downloaded
OK openfreemap/mvt/20260830_080001_pt/14/13980/6349.pbf bytes=23015 sha256=1b97d569733c09c43f45f0c1581f4adde2233603a843e70c32a67b8889e11614 action=downloaded
OK openfreemap/mvt/20260830_080001_pt/14/13980/6350.pbf bytes=19114 sha256=04b20696f0f57712a4b976ae37024ae0dc24ee87160ff55d371ef610f453b1e3 action=downloaded
OK openfreemap/mvt/20260830_080001_pt/14/13980/6352.pbf bytes=17869 sha256=6d766d263c7fe1a35c18c158c284c387bc3bf373230547423267dd918a2a2d39 action=downloaded
OK openfreemap/mvt/20260830_080001_pt/14/13980/6337.pbf bytes=35037 sha256=28ae35b205ac7cf73b9635e5d954ff87de58eb02429476f51c160a0f871babdf action=downloaded
OK openfreemap/mvt/20260830_080001_pt/14/13980/6353.pbf bytes=13095 sha256=25c2eae697850c39924adac03ba3acbc829504954d59a6ca6c1eadb2d807e99a action=downloaded
OK openfreemap/mvt/20260830_080001_pt/14/13980/6348.pbf bytes=11733 sha256=4b73847346da0961154f6f0d0b7d7a987b0795ca22953e4c3a094437bb19a9a7 action=downloaded
OK openfreemap/mvt/20260830_080001_pt/14/13980/6351.pbf bytes=14871 sha256=0df7aa68f7e77118fb9e77aa903f5db0e1c1376b53bc7411a34db26cbfb34f14 action=downloaded
COMPLETE downloads=379
