Unity Editor version:    6000.7.0a5 (a15235a53881)
Branch:                  trunk
Build type:              Release
Batch mode:              YES
macOS version:           Version 26.6.2 (Build 25G83)
Darwin version:          25.6.0
Architecture:            arm64
Running under Rosetta:   NO
Available memory:        65536 MB
Date:                    2026-09-10T17:05:36Z
VBCSCompilerPreWarmer: pre-warm launched (dotnet PID 63179)
VBCSCompiler prewarm took 10.68 ms

The following diagnostic switches are modified from their default values:
	DebugAllocatorMode: ReleaseMemory (default DecommitMemory)

[Licensing::Module] Trying to connect to existing licensing client channel...
[Licensing::IpcConnector] Successfully connected to: "LicenseClient-ilseoblee" at "2026-09-10T17:05:36.774443Z"
Launching external process: /Applications/Unity/Hub/Editor/6000.7.0a5/Unity.app/Contents/Helpers/PackageManager/Server/UnityPackageManager

COMMAND LINE ARGUMENTS:
/Applications/Unity/Hub/Editor/6000.7.0a5/Unity.app/Contents/MacOS/Unity
-batchmode
-projectPath
/Users/ilseoblee/workspace/seoul-kenshi-wt/unity-poc-mac/Game
-runTests
-testPlatform
EditMode
-testFilter
Janseon.Foundation.Tests.PortraitCommanderCardDockTests
-testResults
/Users/ilseoblee/workspace/seoul-kenshi-wt/unity-poc-mac/.omo/evidence/unity-html-poc-ui-parity/task-05/red.xml
-logFile
/Users/ilseoblee/workspace/seoul-kenshi-wt/unity-poc-mac/.omo/evidence/unity-html-poc-ui-parity/task-05/red.log
Successfully changed project path to: /Users/ilseoblee/workspace/seoul-kenshi-wt/unity-poc-mac/Game
/Users/ilseoblee/workspace/seoul-kenshi-wt/unity-poc-mac/Game
[UnityMemory] Configuration Parameters - Can be set up in boot.config
    "memorysetup-temp-allocator-size-gi-baking-worker=262144"
    "memorysetup-temp-allocator-size-gi-baking-worker=262144"
    "memorysetup-temp-allocator-size-gi-baking-worker=262144"
    "memorysetup-temp-allocator-size-gi-baking-worker=262144"
    "memorysetup-temp-allocator-size-gi-baking-worker=262144"
    "memorysetup-temp-allocator-size-nav-mesh-worker=65536"
    "memorysetup-temp-allocator-size-audio-worker=65536"
    "memorysetup-temp-allocator-size-cloud-worker=32768"
    "memorysetup-entities-archetype-allocator-budget=16777216"
    "memorysetup-entities-query-allocator-budget=16777216"
    "memorysetup-temp-allocator-size-preload-manager=33554432"
    "memorysetup-remapper-allocator-initial-capacity=32768"
    "memorysetup-temp-allocator-size-gfx=262144"
    "memorysetup-allocator-temp-initial-block-size-main=262144"
    "memorysetup-allocator-temp-initial-block-size-worker=262144"
    "memorysetup-temp-allocator-size-background-worker=32768"
    "memorysetup-temp-allocator-size-job-worker=262144"
    "memorysetup-bucket-allocator-granularity=16"
    "memorysetup-bucket-allocator-bucket-count=8"
    "memorysetup-bucket-allocator-block-size=33554432"
    "memorysetup-bucket-allocator-block-count=8"
    "memorysetup-main-allocator-block-size=16777216"
    "memorysetup-thread-allocator-block-size=16777216"
    "memorysetup-main-allocator-mimalloc-enabled=1"
    "memorysetup-gfx-main-allocator-block-size=16777216"
    "memorysetup-gfx-thread-allocator-block-size=16777216"
    "memorysetup-cache-allocator-block-size=4194304"
    "memorysetup-typetree-allocator-block-size=2097152"
    "memorysetup-profiler-bucket-allocator-granularity=16"
    "memorysetup-profiler-bucket-allocator-bucket-count=8"
    "memorysetup-profiler-bucket-allocator-block-size=33554432"
    "memorysetup-profiler-bucket-allocator-block-count=8"
    "memorysetup-profiler-allocator-block-size=16777216"
    "memorysetup-profiler-editor-allocator-block-size=1048576"
    "memorysetup-temp-allocator-size-main=16777216"
    "memorysetup-job-temp-allocator-block-size=2097152"
    "memorysetup-job-temp-allocator-block-size-background=1048576"
    "memorysetup-job-temp-allocator-reduction-small-platforms=262144"
Logging is directed to a specific file, skipping project log.
Player connection [8286970240]  Target information:

Player connection [8286970240]  * "[IP] 192.168.0.218 [Port] 55504 [Flags] 2 [Guid] 1805635615 [EditorId] 1805635615 [Version] 1048832 [Id] OSXEditor(0,MacBook-Pro-2.local) [Debug] 1 [PackageName] OSXEditor [ProjectName] Editor" 

Player connection [8286970240]  * "[IP] 192.168.0.205 [Port] 55504 [Flags] 2 [Guid] 1805635615 [EditorId] 1805635615 [Version] 1048832 [Id] OSXEditor(0,MacBook-Pro-2.local) [Debug] 1 [PackageName] OSXEditor [ProjectName] Editor" 

Player connection [8286970240]  * "[IP] 100.71.30.111 [Port] 55504 [Flags] 2 [Guid] 1805635615 [EditorId] 1805635615 [Version] 1048832 [Id] OSXEditor(0,MacBook-Pro-2.local) [Debug] 1 [PackageName] OSXEditor [ProjectName] Editor" 

Player connection [8286970240] Host joined multi-casting on [225.0.0.222:54997]...
Player connection [8286970240] Host joined alternative multi-casting on [225.0.0.222:34997]...
Input System module state changed to: Initialized.
[Physics::Module] Initialized fallback backend.
[Physics::Module] Id: 0xdecafbad
Launching external process: /Applications/Unity/Hub/Editor/6000.7.0a5/Unity.app/Contents/Helpers/UnityLicensingClient.app/Contents/MacOS/Unity.Licensing.Client
[Licensing::Client] Error: HandshakeResponse reported an error:
	ResponseCode: 505
	ResponseStatus: Unsupported protocol version '1.19.0-rc.1'.
[Licensing::Module] Error: Failed to handshake to channel: "LicenseClient-ilseoblee"
[Licensing::IpcConnector] LicenseClient-ilseoblee channel disconnected successfully.
[Licensing::IpcConnector] Channel LicenseClient-ilseoblee-6000.7.0 doesn't exist
[Licensing::Module] Successfully launched the LicensingClient (PId: 63187)
[Package Manager] Connected to IPC stream "Upm-63173" after 0.2 seconds.
[Licensing::Module] Licensing is not yet initialized.
Initialising UDS system complete:
  - System type: Client
  - Resource namespace: bc31946deaae9c39d09efafd19ef4cc7
  - Shared memory size: 1073741824
  - Command buffer id: 1052672
  - Command buffer size: 8192
  - Hashmap size: 4194304
  - Service connected: false
[Licensing::IpcConnector] Successfully connected to: "LicenseClient-ilseoblee-6000.7.0" at "2026-09-10T17:05:37.349404Z"
[Licensing::Client] Handshaking with LicensingClient:
  Version:                 1.19.0-rc.1+a1d64c6
  Session Id:              c632c72001aa42d99388a848e5c1eb07
  Correlation Id:          b63e2d99e948c7130a3b9e2120332bde
  External correlation Id: 3725871565195692879
  Machine Id:              JxhzwWg3pWfWMny3n9AfODBHuIE=
[Licensing::Module] Successfully connected to LicensingClient on channel: "LicenseClient-ilseoblee-6000.7.0" (connect: 0.39s, validation: 0.00s, handshake: 0.05s)
[Licensing::IpcConnector] Successfully connected to: "LicenseClient-ilseoblee-6000.7.0-notifications" at "2026-09-10T17:05:37.402474Z"
[Licensing::Module] Connected to LicensingClient (PId: 63187, launch time: 0.00, total connection time: 0.44s)
[Licensing::Module] Error: Access token is unavailable; failed to update
[Licensing::Client] Successfully resolved entitlement details
[Licensing::Module] License group:
  Id: 86166-UnityPersXXXX
  Product: Unity Personal
  Type: Assigned
  Expiration: Unlimited
[Licensing::Client] Successfully updated license, isAsync: True, time: 0.00
[Licensing::Module] Licensing Background thread has ended after 0.63s
[Licensing::Module] Licensing is initialized (took 0.35s).
[Licensing::Client] Successfully resolved entitlement details
Library Redirect Path: Library/
Launching Unity Data Store - /Applications/Unity/Hub/Editor/6000.7.0a5/Unity.app/Contents/Helpers/Unity.DataStore 
Unity Data Store artifact dir = Library/DataStore, working dir = /Users/ilseoblee/workspace/seoul-kenshi-wt/unity-poc-mac/Game[Physics::Module] Selected backend.
[Physics::Module] Name: PhysX
[Physics::Module] Id: 0xf2b8ea05
[Physics::Module] SDK Version: 4.1.2
[Physics::Module] Integration Version: 1.0.0
[Physics::Module] Threading Mode: Multi-Threaded
Unity Data Store running and initialised
Initialize engine version: 6000.7.0a5 (a15235a53881)
[EntityIdStore] init: VM path (explicit commit), pageSize=16384, blockCount=262144, entitiesPerBlock=1024, slots reserved=4294967296 bytes
[Subsystems] Discovering subsystems at path /Applications/Unity/Hub/Editor/6000.7.0a5/Unity.app/Contents/Resources/UnitySubsystems
[Subsystems] Discovering subsystems at path /Users/ilseoblee/workspace/seoul-kenshi-wt/unity-poc-mac/Game/Assets
GfxDevice: creating device client; kGfxThreadingModeNonThreaded
 preferred device: Apple M5 Pro (high power)
Metal devices available: 1
0: Apple M5 Pro (high power)
Using device Apple M5 Pro (high power)
Initializing Metal device caps: Apple M5 Pro
Mac GPU Family: 2
Apple GPU Family: 9
MSL Version: 3.0
Has Float MSAA: 1
Has Float Filtering: 1
ReadWrite Texture Tier: 2
Initialize mono
Mono path[0] = '/Applications/Unity/Hub/Editor/6000.7.0a5/Unity.app/Contents/Resources/Scripting/Managed'
Mono path[1] = '/Applications/Unity/Hub/Editor/6000.7.0a5/Unity.app/Contents/Resources/Scripting/BCLExtensions/runtime/netstandard2.1'
Mono path[2] = '/Applications/Unity/Hub/Editor/6000.7.0a5/Unity.app/Contents/Resources/Scripting/MonoBleedingEdge/lib/mono/unityjit-macos'
Mono config path = '/Applications/Unity/Hub/Editor/6000.7.0a5/Unity.app/Contents/Resources/Scripting/MonoBleedingEdge/etc'
Using monoOptions --debugger-agent=transport=dt_socket,embedding=1,server=y,suspend=n,address=127.0.0.1:56173
CodeReloadManager initialized
ImportWorker Server TCP listen port: 0
AcceleratorClientConnectionCallback - disconnected - :0
Begin MonoManager ReloadAssembly
Registering precompiled unity dll's ...
Register platform support module: /Applications/Unity/Hub/Editor/6000.7.0a5/PlaybackEngines/WebGLSupport/UnityEditor.WebGL.Extensions.dll
Register platform support module: /Applications/Unity/Hub/Editor/6000.7.0a5/PlaybackEngines/MacStandaloneSupport/UnityEditor.OSXStandalone.Extensions.dll
Register platform support module: /Applications/Unity/Hub/Editor/6000.7.0a5/PlaybackEngines/WindowsStandaloneSupport/UnityEditor.WindowsStandalone.Extensions.dll
[Licensing::Client] Successfully resolved entitlement details
Register platform support module: /Applications/Unity/Hub/Editor/6000.7.0a5/PlaybackEngines/AndroidPlayer/UnityEditor.Android.Extensions.dll
[Licensing::Client] Successfully resolved entitlement details
Register platform support module: /Applications/Unity/Hub/Editor/6000.7.0a5/PlaybackEngines/iOSSupport/UnityEditor.iOS.Extensions.dll
Register platform support module: /Applications/Unity/Hub/Editor/6000.7.0a5/PlaybackEngines/LinuxStandaloneSupport/UnityEditor.LinuxStandalone.Extensions.dll
Registered in 0.004584 seconds.
[usbmuxd] Start listen thread
[usbmuxd] Listen thread started
[usbmuxd] Send listen message
[MODES] ModeService[none].Initialize
[MODES] ModeService[none].LoadModes
[MODES] Loading mode Default (0) for mode-current-id-잔선: 서울
Package Manager log level set to [2]
Native extension for LinuxStandalone target not found
Native extension for iOS target not found
Native extension for Android target not found
Native extension for WindowsStandalone target not found
Native extension for OSXStandalone target not found
Native extension for WebGL target not found
[Licensing::Client] Successfully resolved entitlement details
Diagnostic switches are active and may impact performance or degrade your user experience. Switches can be configured through the Diagnostics section in the Preferences window.
	DebugAllocatorMode: 0
ScheduleIndexationOnStartup MainProcess:False IndexOnStartup:False
Scripting: successfully reloaded assembly
- Finished resetting the current domain, in  3.146 seconds
Domain Reload Profiling: 3459ms
	BeginReloadAssembly (72ms)
	RebuildNativeTypeToScriptingClass (13ms)
	initialDomainReloadingComplete (32ms)
	LoadAllAssembliesAndSetupDomain (194ms)
		LoadAssemblies (73ms)
		TypeCache.Refresh (123ms)
			TypeCache.ScanAssembly (114ms)
		AnalyzeDomain (0ms)
	FinalizeReload (3146ms)
		SetupLoadedEditorAssemblies (0ms)
			InitializePlatformSupportModulesInManaged (44ms)
			BeforeProcessingInitializeOnLoad (70ms)
			ProcessInitializeOnLoadAttributes (26ms)
			ProcessInitializeOnLoadMethodAttributes (2854ms)
[Licensing::Client] Successfully resolved entitlement details
Application.AssetDatabase Initial Refresh Start
[Package Manager] Restoring resolved packages state from cache
[Licensing::Client] Successfully resolved entitlement details
[Package Manager] Registered 59 packages:
  Packages from [https://packages.unity.com]:
    com.unity.ide.rider@3.0.38 (location: /Users/ilseoblee/workspace/seoul-kenshi-wt/unity-poc-mac/Game/Library/PackageCache/com.unity.ide.rider@1f60b3138684)
    com.unity.ide.visualstudio@2.0.26 (location: /Users/ilseoblee/workspace/seoul-kenshi-wt/unity-poc-mac/Game/Library/PackageCache/com.unity.ide.visualstudio@a99d56dec63f)
    com.unity.inputsystem@1.20.0 (location: /Users/ilseoblee/workspace/seoul-kenshi-wt/unity-poc-mac/Game/Library/PackageCache/com.unity.inputsystem@7a4e1a2a8194)
    com.unity.nuget.newtonsoft-json@3.2.2 (location: /Users/ilseoblee/workspace/seoul-kenshi-wt/unity-poc-mac/Game/Library/PackageCache/com.unity.nuget.newtonsoft-json@4dfd81071c64)
    com.unity.searcher@4.9.5 (location: /Users/ilseoblee/workspace/seoul-kenshi-wt/unity-poc-mac/Game/Library/PackageCache/com.unity.searcher@a463122f2c00)
    com.unity.nuget.mono-cecil@1.11.6 (location: /Users/ilseoblee/workspace/seoul-kenshi-wt/unity-poc-mac/Game/Library/PackageCache/com.unity.nuget.mono-cecil@ecb9724e46ff)
  Built-in packages:
    com.unity.render-pipelines.universal@17.7.0 (location: /Users/ilseoblee/workspace/seoul-kenshi-wt/unity-poc-mac/Game/Library/PackageCache/com.unity.render-pipelines.universal@c657e0850617)
    com.unity.test-framework@1.8.0 (location: /Users/ilseoblee/workspace/seoul-kenshi-wt/unity-poc-mac/Game/Library/PackageCache/com.unity.test-framework@4c309923fa3b)
    com.unity.ugui@2.7.0 (location: /Users/ilseoblee/workspace/seoul-kenshi-wt/unity-poc-mac/Game/Library/PackageCache/com.unity.ugui@8e276752998c)
    com.unity.modules.accessibility@1.0.0 (location: /Users/ilseoblee/workspace/seoul-kenshi-wt/unity-poc-mac/Game/Library/PackageCache/com.unity.modules.accessibility)
    com.unity.modules.adaptiveperformance@1.0.0 (location: /Users/ilseoblee/workspace/seoul-kenshi-wt/unity-poc-mac/Game/Library/PackageCache/com.unity.modules.adaptiveperformance)
    com.unity.modules.ai@1.0.0 (location: /Users/ilseoblee/workspace/seoul-kenshi-wt/unity-poc-mac/Game/Library/PackageCache/com.unity.modules.ai)
    com.unity.modules.androidjni@1.0.0 (location: /Users/ilseoblee/workspace/seoul-kenshi-wt/unity-poc-mac/Game/Library/PackageCache/com.unity.modules.androidjni)
    com.unity.modules.animation@1.0.0 (location: /Users/ilseoblee/workspace/seoul-kenshi-wt/unity-poc-mac/Game/Library/PackageCache/com.unity.modules.animation)
    com.unity.modules.assetbundle@1.0.0 (location: /Users/ilseoblee/workspace/seoul-kenshi-wt/unity-poc-mac/Game/Library/PackageCache/com.unity.modules.assetbundle)
    com.unity.modules.audio@1.0.0 (location: /Users/ilseoblee/workspace/seoul-kenshi-wt/unity-poc-mac/Game/Library/PackageCache/com.unity.modules.audio)
    com.unity.modules.cloth@1.0.0 (location: /Users/ilseoblee/workspace/seoul-kenshi-wt/unity-poc-mac/Game/Library/PackageCache/com.unity.modules.cloth)
    com.unity.modules.director@1.0.0 (location: /Users/ilseoblee/workspace/seoul-kenshi-wt/unity-poc-mac/Game/Library/PackageCache/com.unity.modules.director)
    com.unity.modules.imageconversion@1.0.0 (location: /Users/ilseoblee/workspace/seoul-kenshi-wt/unity-poc-mac/Game/Library/PackageCache/com.unity.modules.imageconversion)
    com.unity.modules.imgui@1.0.0 (location: /Users/ilseoblee/workspace/seoul-kenshi-wt/unity-poc-mac/Game/Library/PackageCache/com.unity.modules.imgui)
    com.unity.modules.jsonserialize@1.0.0 (location: /Users/ilseoblee/workspace/seoul-kenshi-wt/unity-poc-mac/Game/Library/PackageCache/com.unity.modules.jsonserialize)
    com.unity.modules.particlesystem@1.0.0 (location: /Users/ilseoblee/workspace/seoul-kenshi-wt/unity-poc-mac/Game/Library/PackageCache/com.unity.modules.particlesystem)
    com.unity.modules.physics@1.0.0 (location: /Users/ilseoblee/workspace/seoul-kenshi-wt/unity-poc-mac/Game/Library/PackageCache/com.unity.modules.physics)
    com.unity.modules.physics2d@1.0.0 (location: /Users/ilseoblee/workspace/seoul-kenshi-wt/unity-poc-mac/Game/Library/PackageCache/com.unity.modules.physics2d)
    com.unity.modules.physicscore2d@1.0.0 (location: /Users/ilseoblee/workspace/seoul-kenshi-wt/unity-poc-mac/Game/Library/PackageCache/com.unity.modules.physicscore2d)
    com.unity.modules.screencapture@1.0.0 (location: /Users/ilseoblee/workspace/seoul-kenshi-wt/unity-poc-mac/Game/Library/PackageCache/com.unity.modules.screencapture)
    com.unity.modules.smartstrings@1.0.0 (location: /Users/ilseoblee/workspace/seoul-kenshi-wt/unity-poc-mac/Game/Library/PackageCache/com.unity.modules.smartstrings)
    com.unity.modules.terrain@1.0.0 (location: /Users/ilseoblee/workspace/seoul-kenshi-wt/unity-poc-mac/Game/Library/PackageCache/com.unity.modules.terrain)
    com.unity.modules.terrainphysics@1.0.0 (location: /Users/ilseoblee/workspace/seoul-kenshi-wt/unity-poc-mac/Game/Library/PackageCache/com.unity.modules.terrainphysics)
    com.unity.modules.tetgen@1.0.0 (location: /Users/ilseoblee/workspace/seoul-kenshi-wt/unity-poc-mac/Game/Library/PackageCache/com.unity.modules.tetgen)
    com.unity.modules.tilemap@1.0.0 (location: /Users/ilseoblee/workspace/seoul-kenshi-wt/unity-poc-mac/Game/Library/PackageCache/com.unity.modules.tilemap)
    com.unity.modules.timelinefoundation@1.0.0 (location: /Users/ilseoblee/workspace/seoul-kenshi-wt/unity-poc-mac/Game/Library/PackageCache/com.unity.modules.timelinefoundation)
    com.unity.modules.ui@1.0.0 (location: /Users/ilseoblee/workspace/seoul-kenshi-wt/unity-poc-mac/Game/Library/PackageCache/com.unity.modules.ui)
    com.unity.modules.uielements@1.0.0 (location: /Users/ilseoblee/workspace/seoul-kenshi-wt/unity-poc-mac/Game/Library/PackageCache/com.unity.modules.uielements)
    com.unity.modules.umbra@1.0.0 (location: /Users/ilseoblee/workspace/seoul-kenshi-wt/unity-poc-mac/Game/Library/PackageCache/com.unity.modules.umbra)
    com.unity.modules.unityanalytics@1.0.0 (location: /Users/ilseoblee/workspace/seoul-kenshi-wt/unity-poc-mac/Game/Library/PackageCache/com.unity.modules.unityanalytics)
    com.unity.modules.unitywebrequest@1.0.0 (location: /Users/ilseoblee/workspace/seoul-kenshi-wt/unity-poc-mac/Game/Library/PackageCache/com.unity.modules.unitywebrequest)
    com.unity.modules.unitywebrequestassetbundle@1.0.0 (location: /Users/ilseoblee/workspace/seoul-kenshi-wt/unity-poc-mac/Game/Library/PackageCache/com.unity.modules.unitywebrequestassetbundle)
    com.unity.modules.unitywebrequestaudio@1.0.0 (location: /Users/ilseoblee/workspace/seoul-kenshi-wt/unity-poc-mac/Game/Library/PackageCache/com.unity.modules.unitywebrequestaudio)
    com.unity.modules.unitywebrequesttexture@1.0.0 (location: /Users/ilseoblee/workspace/seoul-kenshi-wt/unity-poc-mac/Game/Library/PackageCache/com.unity.modules.unitywebrequesttexture)
    com.unity.modules.unitywebrequestwww@1.0.0 (location: /Users/ilseoblee/workspace/seoul-kenshi-wt/unity-poc-mac/Game/Library/PackageCache/com.unity.modules.unitywebrequestwww)
    com.unity.modules.vectorgraphics@1.0.0 (location: /Users/ilseoblee/workspace/seoul-kenshi-wt/unity-poc-mac/Game/Library/PackageCache/com.unity.modules.vectorgraphics)
    com.unity.modules.vehicles@1.0.0 (location: /Users/ilseoblee/workspace/seoul-kenshi-wt/unity-poc-mac/Game/Library/PackageCache/com.unity.modules.vehicles)
    com.unity.modules.video@1.0.0 (location: /Users/ilseoblee/workspace/seoul-kenshi-wt/unity-poc-mac/Game/Library/PackageCache/com.unity.modules.video)
    com.unity.modules.wind@1.0.0 (location: /Users/ilseoblee/workspace/seoul-kenshi-wt/unity-poc-mac/Game/Library/PackageCache/com.unity.modules.wind)
    com.unity.modules.xr@1.0.0 (location: /Users/ilseoblee/workspace/seoul-kenshi-wt/unity-poc-mac/Game/Library/PackageCache/com.unity.modules.xr)
    com.unity.modules.subsystems@1.0.0 (location: /Users/ilseoblee/workspace/seoul-kenshi-wt/unity-poc-mac/Game/Library/PackageCache/com.unity.modules.subsystems)
    com.unity.modules.hierarchycore@1.0.0 (location: /Users/ilseoblee/workspace/seoul-kenshi-wt/unity-poc-mac/Game/Library/PackageCache/com.unity.modules.hierarchycore)
    com.unity.ext.nunit@2.1.1 (location: /Users/ilseoblee/workspace/seoul-kenshi-wt/unity-poc-mac/Game/Library/PackageCache/com.unity.ext.nunit@f6178be85c6e)
    com.unity.render-pipelines.core@17.7.0 (location: /Users/ilseoblee/workspace/seoul-kenshi-wt/unity-poc-mac/Game/Library/PackageCache/com.unity.render-pipelines.core@c86064616c0c)
    com.unity.shadergraph@17.7.0 (location: /Users/ilseoblee/workspace/seoul-kenshi-wt/unity-poc-mac/Game/Library/PackageCache/com.unity.shadergraph@f32f227ad317)
    com.unity.render-pipelines.universal-config@17.7.0 (location: /Users/ilseoblee/workspace/seoul-kenshi-wt/unity-poc-mac/Game/Library/PackageCache/com.unity.render-pipelines.universal-config@767fc04a69c2)
    com.unity.graph-authoring@1.0.0 (location: /Users/ilseoblee/workspace/seoul-kenshi-wt/unity-poc-mac/Game/Library/PackageCache/com.unity.graph-authoring@cfd2588851ee)
    com.unity.burst@2.0.0 (location: /Users/ilseoblee/workspace/seoul-kenshi-wt/unity-poc-mac/Game/Library/PackageCache/com.unity.burst@626e66ab421b)
    com.unity.collections@6.7.0 (location: /Users/ilseoblee/workspace/seoul-kenshi-wt/unity-poc-mac/Game/Library/PackageCache/com.unity.collections@642e35c36221)
    com.unity.profiling.core@1.0.3 (location: /Users/ilseoblee/workspace/seoul-kenshi-wt/unity-poc-mac/Game/Library/PackageCache/com.unity.profiling.core@9f367c25a5d3)
    com.unity.test-framework.performance@6.6.0 (location: /Users/ilseoblee/workspace/seoul-kenshi-wt/unity-poc-mac/Game/Library/PackageCache/com.unity.test-framework.performance@2779acc3f9c0)
  Local packages:
    com.islee.unity-remote@file:/Users/ilseoblee/workspace/seoul-kenshi-wt/unity-poc-mac/tools/unity-remote/unity-package (location: /Users/ilseoblee/workspace/seoul-kenshi-wt/unity-poc-mac/tools/unity-remote/unity-package)
  Git packages:
    jp.hadashikick.vcontainer@https://github.com/hadashiA/VContainer.git?path=VContainer/Assets/VContainer#1.19.0 (location: /Users/ilseoblee/workspace/seoul-kenshi-wt/unity-poc-mac/Game/Library/PackageCache/jp.hadashikick.vcontainer@dcf16cda6a65)
[Subsystems] No new subsystems found in resolved package list.
[Package Manager] Done registering packages in 0.00 seconds
ADB: OOP importers: 'AudioImporter' is OOP-eligible (per-importer)
ADB: OOP importers: 'ComputeShaderImporter' is OOP-eligible (per-importer)
ADB: OOP importers: 'FBXImporter' is OOP-eligible (per-importer)
ADB: OOP importers: 'Mesh3DSImporter' is OOP-eligible (per-importer)
ADB: OOP importers: 'PrefabImporter' is OOP-eligible (per-importer)
ADB: OOP importers: 'RayTracingShaderImporter' is OOP-eligible (per-importer)
ADB: OOP importers: 'ShaderImporter' is OOP-eligible (per-importer)
ADB: OOP importers: 'TextScriptImporter' is OOP-eligible (per-importer)
ADB: OOP importers: 'TextureImporter' is OOP-eligible (per-importer)
ADB: OOP importers: 'TrueTypeFontImporter' is OOP-eligible (per-importer)
ADB: OOP importers: 'VideoClipImporter' is OOP-eligible (per-importer)
ADB: OOP importers: queue -1003 composition: TextureImporter, TextureImporter, TextureImporter, TextureImporter, TextureImporter, TextureImporter, TextureImporter, TextureImporter, TextureImporter, TextureImporter, TextureImporter, TextureImporter, TextureImporter, TextureImporter, TextureImporter (only the named importers above run OOP; the rest stay in-process)
ADB: OOP importers: queue -1001 composition: ShaderImporter, ComputeShaderImporter, RayTracingShaderImporter (only the named importers above run OOP; the rest stay in-process)
ADB: OOP importers: queue 2 composition: TrueTypeFontImporter, TrueTypeFontImporter, TrueTypeFontImporter, TrueTypeFontImporter (only the named importers above run OOP; the rest stay in-process)
ADB: OOP importers: queue 100 composition: Mesh3DSImporter, FBXImporter, FBXImporter, FBXImporter, FBXImporter, FBXImporter, FBXImporter, FBXImporter, FBXImporter, FBXImporter, FBXImporter (only the named importers above run OOP; the rest stay in-process)
ADB: OOP importers: queue 1050 composition: TextScriptImporter, TextScriptImporter, TextScriptImporter, TextScriptImporter, TextScriptImporter, TextScriptImporter, TextScriptImporter, TextScriptImporter, TextScriptImporter, TextScriptImporter, TextScriptImporter, TextScriptImporter (only the named importers above run OOP; the rest stay in-process)
ADB: OOP importers: queue 1100 composition: AudioImporter, AudioImporter, AudioImporter, AudioImporter, AudioImporter, AudioImporter, AudioImporter, AudioImporter, AudioImporter, AudioImporter (only the named importers above run OOP; the rest stay in-process)
ADB: OOP importers: queue 1500 composition: PrefabImporter (only the named importers above run OOP; the rest stay in-process)
ADB: OOP importers: queue 1700 composition: VideoClipImporter, VideoClipImporter, VideoClipImporter, VideoClipImporter, VideoClipImporter, VideoClipImporter, VideoClipImporter, VideoClipImporter, VideoClipImporter, VideoClipImporter (only the named importers above run OOP; the rest stay in-process)
[ScriptCompilation] Requested script compilation because: AssetDatabase observed changes in script compilation related files
Starting: /Applications/Unity/Hub/Editor/6000.7.0a5/Unity.app/Contents/Resources/BuildPipeline/bee_backend --ipc --defer-dag-verification --dagfile="Library/Bee/200b0aE.dag" --continue-on-failure --profile="Library/Bee/backend1.traceevents" ScriptAssemblies
WorkingDir: /Users/ilseoblee/workspace/seoul-kenshi-wt/unity-poc-mac/Game
DisplayProgressbar: Compiling Scripts
Starting: /Applications/Unity/Hub/Editor/6000.7.0a5/Unity.app/Contents/Resources/Scripting/DotNetSdk/dotnet "/Applications/Unity/Hub/Editor/6000.7.0a5/Unity.app/Contents/Resources/BuildPipeline/ScriptCompilationBuildProgram.exe" "Library/Bee/200b0aE.dag.json" "Library/Bee/200b0aE-inputdata.json" "Library/Bee/buildprogram0.traceevents"
ExitCode: 4 Duration: 0s73ms
Rebuilding DAG because FileSignature timestamp changed: Library/Bee/200b0aE-inputdata.json
*** Tundra requires additional run (0.05 seconds), 0 items updated, 6 evaluated
WorkingDir: /Users/ilseoblee/workspace/seoul-kenshi-wt/unity-poc-mac/Game
ExitCode: 0 Duration: 0s628ms
Starting: /Applications/Unity/Hub/Editor/6000.7.0a5/Unity.app/Contents/Resources/BuildPipeline/bee_backend --ipc --defer-dag-verification --dagfile="Library/Bee/200b0aE.dag" --continue-on-failure --dagfilejson="Library/Bee/200b0aE.dag.json" --profile="Library/Bee/backend2.traceevents" ScriptAssemblies
WorkingDir: /Users/ilseoblee/workspace/seoul-kenshi-wt/unity-poc-mac/Game
warn: Unity.ILPP.Runner.PostProcessingAssemblyLoadContext[0]
      Assembly unityeditor.ios.extensions.xcode has duplicate hint path. Ignoring "/Applications/Unity/Hub/Editor/6000.7.0a5/PlaybackEngines/iOSSupport/UnityEditor.iOS.Extensions.Xcode.dll" in favor of "/Applications/Unity/Hub/Editor/6000.7.0a5/PlaybackEngines/MacStandaloneSupport/UnityEditor.iOS.Extensions.Xcode.dll"
warn: Unity.ILPP.Runner.PostProcessingAssemblyLoadContext[0]
      Assembly system.runtime.interopservices.windowsruntime has duplicate hint path. Ignoring "/Applications/Unity/Hub/Editor/6000.7.0a5/Unity.app/Contents/Resources/Scripting/UnityReferenceAssemblies/unity-4.8-api/Facades/System.Runtime.InteropServices.WindowsRuntime.dll" in favor of "/Applications/Unity/Hub/Editor/6000.7.0a5/Unity.app/Contents/Resources/Scripting/NetStandard/Extensions/2.0.0/System.Runtime.InteropServices.WindowsRuntime.dll"
warn: Unity.ILPP.Runner.PostProcessingAssemblyLoadContext[0]
      Assembly system.componentmodel.composition has duplicate hint path. Ignoring "/Applications/Unity/Hub/Editor/6000.7.0a5/Unity.app/Contents/Resources/Scripting/UnityReferenceAssemblies/unity-4.8-api/System.ComponentModel.Composition.dll" in favor of "/Applications/Unity/Hub/Editor/6000.7.0a5/Unity.app/Contents/Resources/Scripting/NetStandard/compat/2.1.0/shims/netfx/System.ComponentModel.Composition.dll"
ExitCode: 0 Duration: 0s660ms
Finished compiling graph: 766 nodes, 15123 flattened edges (12999 ToBuild, 122 ToUse), maximum node priority 849
[415/763    0s] WriteText Library/Bee/artifacts/200b0aE.dag/Janseon.Foundation.EditModeTests.rsp
[587/763    0s] ILPP-Configuration Library/ilpp-configuration.nevergeneratedoutput
[759/763    0s] Csc Library/Bee/artifacts/200b0aE.dag/Janseon.Foundation.EditModeTests.dll (+2 others)
Assets/Tests/EditMode/UiToolkitVisualQaDefectTests.cs(125,18): warning CS8321: The local function 'Add' is declared but never used
[760/763    0s] ILPostProcess Library/Bee/artifacts/200b0aE.dag/post-processed/Janseon.Foundation.EditModeTests.dll (+pdb)
Processing assembly Library/Bee/artifacts/200b0aE.dag/Janseon.Foundation.EditModeTests.dll, with 141 defines and 315 references
processors: Unity.Jobs.CodeGen.JobsILPostProcessor, zzzUnity.Burst.CodeGen.BurstILPostProcessor
1 processor(s) skipped this assembly
running Unity.Jobs.CodeGen.JobsILPostProcessor
[761/763    0s] CopyFiles Library/ScriptAssemblies/Janseon.Foundation.EditModeTests.pdb
[762/763    0s] CopyFiles Library/ScriptAssemblies/Janseon.Foundation.EditModeTests.dll
*** Tundra build success (0.65 seconds), 6 items updated, 763 evaluated
Assets/Tests/EditMode/UiToolkitVisualQaDefectTests.cs(125,18): warning CS8321: The local function 'Add' is declared but never used
AssetDatabase: script compilation time: 1.842650s
Begin MonoManager ReloadAssembly
Symbol file LoadedFromMemory is not a mono symbol file
'Packages/com.unity.render-pipelines.core/Editor/Deprecated.cs' contains partial class of Unity.Object, exactly 1 of the partial classes needs to be in a file with the same filename. This is to know the one that can be referenced from ie. GameObjects
'Packages/com.unity.render-pipelines.core/Editor/Deprecated.cs' contains partial class of Unity.Object, exactly 1 of the partial classes needs to be in a file with the same filename. This is to know the one that can be referenced from ie. GameObjects
[MODES] ModeService[none].Initialize
[MODES] ModeService[none].LoadModes
Native extension for LinuxStandalone target not found
Native extension for iOS target not found
Native extension for Android target not found
Native extension for WindowsStandalone target not found
Native extension for OSXStandalone target not found
Native extension for WebGL target not found
ScheduleIndexationOnStartup MainProcess:True IndexOnStartup:False
Diagnostic switches are active and may impact performance or degrade your user experience. Switches can be configured through the Diagnostics section in the Preferences window.
	DebugAllocatorMode: 0
Scripting: successfully reloaded assembly
- Finished resetting the current domain, in  0.319 seconds
Domain Reload Profiling: 789ms
	BeginReloadAssembly (195ms)
		DisableScriptedObjects (7ms)
		CreateAndSetChildDomain (123ms)
	RebuildCommonClasses (4ms)
	RebuildNativeTypeToScriptingClass (7ms)
	initialDomainReloadingComplete (24ms)
	LoadAllAssembliesAndSetupDomain (240ms)
		LoadAssemblies (107ms)
		TypeCache.Refresh (47ms)
			TypeCache.ScanAssembly (40ms)
		AnalyzeDomain (18ms)
			BuildScriptInfoCaches (16ms)
	FinalizeReload (319ms)
		SetupLoadedEditorAssemblies (0ms)
			InitializePlatformSupportModulesInManaged (8ms)
			BeforeProcessingInitializeOnLoad (45ms)
			ProcessInitializeOnLoadAttributes (51ms)
			ProcessInitializeOnLoadMethodAttributes (32ms)
		AwakeInstancesAfterBackupRestoration (9ms)
Launching external process: /Applications/Unity/Hub/Editor/6000.7.0a5/Unity.app/Contents/Helpers/UnityShaderCompiler
Starting new worker id: 0 with log in /Users/ilseoblee/workspace/seoul-kenshi-wt/unity-poc-mac/Game/Logs/AssetImportWorkerHW0.log
Importing 'GUID: d19f4f8a13b6edb48b986a47ec96402e - Path: Packages/com.unity.render-pipelines.core/Runtime/PathTracing/Shaders/LightmapShadowMaskIntegration.urtshader' with importer (ScriptedImporter : Unity.Rendering.LightTransport.Editor:UnityEditor.Rendering.UnifiedRayTracing:UnifiedRTShaderImporter)
Launched and connected shader compiler UnityShaderCompiler after 0.04 seconds
Imported 'GUID: d19f4f8a13b6edb48b986a47ec96402e' -> (Import Result ID: 'fc2afb4c63f4d5f8a40e79621d2d3386') in 0.063 seconds [static and dynamic dependencies]. Details - ImportResultOutputID=4f3479c947afb442c6f505bd61c7d28e DependenciesID=48aa1612bb2717be01748a460d661861 StaticDependenciesID=9fd4e9b2e1ad89e7cbffc601eff4d03f 
Importing 'GUID: 737a1597422c12547a8714d76a9406ec - Path: Packages/com.unity.render-pipelines.core/Runtime/PathTracing/Shaders/LightmapGBufferDebug.urtshader' with importer (ScriptedImporter : Unity.Rendering.LightTransport.Editor:UnityEditor.Rendering.UnifiedRayTracing:UnifiedRTShaderImporter)
Imported 'GUID: 737a1597422c12547a8714d76a9406ec' -> (Import Result ID: '9f1fd4a945f24703a4470335a70423e3') in 0.003 seconds [static and dynamic dependencies]. Details - ImportResultOutputID=0d7e23b430ce78ac0ebc76a953d713f9 DependenciesID=6ad9892aaafd7385bc564cfa705e3cab StaticDependenciesID=b513b01e29d0aa4d28825e4d4fb57fb4 
Importing 'GUID: f32463968f29423cad25aee15a14b9f1 - Path: Packages/com.unity.render-pipelines.core/Runtime/Lighting/SurfaceCache/PunctualLightSampling.urtshader' with importer (ScriptedImporter : Unity.Rendering.LightTransport.Editor:UnityEditor.Rendering.UnifiedRayTracing:UnifiedRTShaderImporter)
Imported 'GUID: f32463968f29423cad25aee15a14b9f1' -> (Import Result ID: 'cdbc4414ffe8e8d94360a116bee6267b') in 0.005 seconds [static and dynamic dependencies]. Details - ImportResultOutputID=827e6677a3e9253212020948d92f986d DependenciesID=01c0f82b28d20a0b26d7ba5ca544af75 StaticDependenciesID=b63d74c4e924df89cb98a36e44fc1845 
Importing 'GUID: 1451d029813b192429211be28181beab - Path: Packages/com.unity.render-pipelines.core/Runtime/PathTracing/Shaders/LightmapNormalIntegration.urtshader' with importer (ScriptedImporter : Unity.Rendering.LightTransport.Editor:UnityEditor.Rendering.UnifiedRayTracing:UnifiedRTShaderImporter)
Imported 'GUID: 1451d029813b192429211be28181beab' -> (Import Result ID: '067931363ea436b36b67a3c79a1922a9') in 0.002 seconds [static and dynamic dependencies]. Details - ImportResultOutputID=c40fc000b2bfb68a7e7bbfeb573d9d4a DependenciesID=18be16990b05f93c33f55082cd7f3ddd StaticDependenciesID=5afd8eadeec03e368f74c3a5603c453d 
Importing 'GUID: 94a070d33e408384bafc1dea4a565df9 - Path: Packages/com.unity.render-pipelines.core/Editor/Lighting/ProbeVolume/RenderingLayerMask/TraceRenderingLayerMask.urtshader' with importer (ScriptedImporter : Unity.Rendering.LightTransport.Editor:UnityEditor.Rendering.UnifiedRayTracing:UnifiedRTShaderImporter)
Imported 'GUID: 94a070d33e408384bafc1dea4a565df9' -> (Import Result ID: '8c0124d50108dc8bb969343da38ecd7d') in 0.002 seconds [static and dynamic dependencies]. Details - ImportResultOutputID=2a609c576263cc224003122e287b25c6 DependenciesID=9b14f73d26eea7567ab3343aada73a20 StaticDependenciesID=25a592d065c9c4788553066128367c57 
Importing 'GUID: 94a39d12848d8d64ca962a72b74e7c50 - Path: Packages/com.unity.render-pipelines.core/Runtime/Lighting/SurfaceCache/Estimation.urtshader' with importer (ScriptedImporter : Unity.Rendering.LightTransport.Editor:UnityEditor.Rendering.UnifiedRayTracing:UnifiedRTShaderImporter)
Imported 'GUID: 94a39d12848d8d64ca962a72b74e7c50' -> (Import Result ID: 'd2f2e90458ac80e694b8f9331cafa828') in 0.003 seconds [static and dynamic dependencies]. Details - ImportResultOutputID=c40ae84626cb04ff4639bda7351b324d DependenciesID=a4701a77d8fa6dc97f1cc9f9dbcfee85 StaticDependenciesID=ffb0a11028fb7b99287455d15347e1d8 
Importing 'GUID: f5ba4d424d4566249b3d94cf81a3e916 - Path: Packages/com.unity.render-pipelines.core/Runtime/PathTracing/Shaders/LightmapDirectDirectionalAndEnvironmentIntegration.urtshader' with importer (ScriptedImporter : Unity.Rendering.LightTransport.Editor:UnityEditor.Rendering.UnifiedRayTracing:UnifiedRTShaderImporter)
Imported 'GUID: f5ba4d424d4566249b3d94cf81a3e916' -> (Import Result ID: '11906ca1345982b43db801a90e2f0039') in 0.003 seconds [static and dynamic dependencies]. Details - ImportResultOutputID=e69d82fbf833bcfcd4241ea6bbbc2942 DependenciesID=bc3dddde7c85dacf4effe6aed3105c6e StaticDependenciesID=d4bdfd2147f181839dcd88d16b4cc45b 
Importing 'GUID: 7624adbeb148b5c48ab5ab660cc2602a - Path: Packages/com.unity.render-pipelines.core/Runtime/PathTracing/Shaders/LightmapIndirectIntegration.urtshader' with importer (ScriptedImporter : Unity.Rendering.LightTransport.Editor:UnityEditor.Rendering.UnifiedRayTracing:UnifiedRTShaderImporter)
Imported 'GUID: 7624adbeb148b5c48ab5ab660cc2602a' -> (Import Result ID: '97ebe4cb8e131c28745f87a3689e415d') in 0.003 seconds [static and dynamic dependencies]. Details - ImportResultOutputID=f5437043755fbca53e762fb66a938d70 DependenciesID=97262b99cc6f15411a147bc13775911b StaticDependenciesID=637eaa30376abb268136eb146f59c034 
Importing 'GUID: 5951703b3d165764c95c653e98350884 - Path: Packages/com.unity.render-pipelines.core/Runtime/PathTracing/Shaders/LightmapDirectBRDFIntegration.urtshader' with importer (ScriptedImporter : Unity.Rendering.LightTransport.Editor:UnityEditor.Rendering.UnifiedRayTracing:UnifiedRTShaderImporter)
Imported 'GUID: 5951703b3d165764c95c653e98350884' -> (Import Result ID: '61ca38ed0e316156cd35df8f8384d148') in 0.003 seconds [static and dynamic dependencies]. Details - ImportResultOutputID=289271f2f2a25a7c621dca22c8ec4266 DependenciesID=a5d6bcb6b4b267c57d120f2a43aff446 StaticDependenciesID=059ad849da4bff5dcc29e3cff7813344 
Importing 'GUID: 99ac6221b6ecd7b479be13e8b9866300 - Path: Packages/com.unity.render-pipelines.core/Tests/Editor/PathTracing/Shaders/TerrainRayMarchingTest.urtshader' with importer (ScriptedImporter : Unity.Rendering.LightTransport.Editor:UnityEditor.Rendering.UnifiedRayTracing:UnifiedRTShaderImporter)
Imported 'GUID: 99ac6221b6ecd7b479be13e8b9866300' -> (Import Result ID: '97ac358e9dba242606791ca091d8027d') in 0.002 seconds [static and dynamic dependencies]. Details - ImportResultOutputID=505bc7d6cfaf6af02d2dcf3766bc4d3b DependenciesID=9bd33ad8da85e2e811cfbb4887330bd7 StaticDependenciesID=dc53200b7c0c8c0e6f9de4f99348b559 
Importing 'GUID: e9f4de6d1e07fb94f9a60d35b618f724 - Path: Packages/com.unity.render-pipelines.core/Runtime/PathTracing/Shaders/LightmapGBufferIntegration.urtshader' with importer (ScriptedImporter : Unity.Rendering.LightTransport.Editor:UnityEditor.Rendering.UnifiedRayTracing:UnifiedRTShaderImporter)
Imported 'GUID: e9f4de6d1e07fb94f9a60d35b618f724' -> (Import Result ID: 'ba38074cc80cbb6aa1886154d78dc8b4') in 0.002 seconds [static and dynamic dependencies]. Details - ImportResultOutputID=5a918dc0f0e80d6b60ea29823408a977 DependenciesID=9c12400add6de90e1479645666df103d StaticDependenciesID=3c625e26646b7228663e0de2b2c1d69b 
Importing 'GUID: 5a2a534753fbdb44e96c3c78b5a6999d - Path: Packages/com.unity.render-pipelines.core/Editor/Lighting/ProbeVolume/DynamicGI/DynamicGISkyOcclusion.urtshader' with importer (ScriptedImporter : Unity.Rendering.LightTransport.Editor:UnityEditor.Rendering.UnifiedRayTracing:UnifiedRTShaderImporter)
Imported 'GUID: 5a2a534753fbdb44e96c3c78b5a6999d' -> (Import Result ID: '8ccc6d40ce91f409599b2dbe2cb69e42') in 0.002 seconds [static and dynamic dependencies]. Details - ImportResultOutputID=609dda035783210da308db63b3f04e75 DependenciesID=24fef7fe4907eb1bc3fdfc4dbcbfb750 StaticDependenciesID=72ee5fda06862b709c15f6cbb7db6f05 
Importing 'GUID: 5bbebdef5916845478fcef13fa10d89f - Path: Packages/com.unity.render-pipelines.core/Runtime/PathTracing/Shaders/LightmapDirectStochasticLightIntegration.urtshader' with importer (ScriptedImporter : Unity.Rendering.LightTransport.Editor:UnityEditor.Rendering.UnifiedRayTracing:UnifiedRTShaderImporter)
Imported 'GUID: 5bbebdef5916845478fcef13fa10d89f' -> (Import Result ID: '7ceffd3791bf28ad50f16add1019e851') in 0.002 seconds [static and dynamic dependencies]. Details - ImportResultOutputID=06e2f42818fe5d0b5c6747d1d3ad7fd6 DependenciesID=8ff9138980665564706a79aa2deb796a StaticDependenciesID=471ca71b6b19c4611a46691a7356c8a6 
Importing 'GUID: 1c410815c01ce1d4d82c645c0cd45747 - Path: Packages/com.unity.render-pipelines.core/Runtime/PathTracing/Shaders/LightmapAOIntegration.urtshader' with importer (ScriptedImporter : Unity.Rendering.LightTransport.Editor:UnityEditor.Rendering.UnifiedRayTracing:UnifiedRTShaderImporter)
Imported 'GUID: 1c410815c01ce1d4d82c645c0cd45747' -> (Import Result ID: 'a8fa2ac29134a41948351a2954abe206') in 0.002 seconds [static and dynamic dependencies]. Details - ImportResultOutputID=13fd76866aac39f8e914cf55bbe87cc3 DependenciesID=d3510ad022cc197b527c605e1cbcc531 StaticDependenciesID=219d1b7269d01f2442d424f53e04d073 
Importing 'GUID: 2c32233d92a2d0745930664c087c5c9a - Path: Packages/com.unity.render-pipelines.core/Runtime/PathTracing/Shaders/ProbeIntegrationValidity.urtshader' with importer (ScriptedImporter : Unity.Rendering.LightTransport.Editor:UnityEditor.Rendering.UnifiedRayTracing:UnifiedRTShaderImporter)
Imported 'GUID: 2c32233d92a2d0745930664c087c5c9a' -> (Import Result ID: '6b5d2fc1753fb7c1bb4013ec60de3168') in 0.002 seconds [static and dynamic dependencies]. Details - ImportResultOutputID=e872612bc0ed51b5fa223d624ca4c2ad DependenciesID=5c200fb1e356142d3cca3b571f87b778 StaticDependenciesID=89ce6b5e76d568c473e42bb2e82d857d 
Importing 'GUID: ace95ac84e213794891b4bd7c9b3c158 - Path: Packages/com.unity.render-pipelines.core/Runtime/PathTracing/Shaders/LightmapValidityIntegration.urtshader' with importer (ScriptedImporter : Unity.Rendering.LightTransport.Editor:UnityEditor.Rendering.UnifiedRayTracing:UnifiedRTShaderImporter)
Imported 'GUID: ace95ac84e213794891b4bd7c9b3c158' -> (Import Result ID: '61f735c67ab65fc4d3be975cefa4d618') in 0.002 seconds [static and dynamic dependencies]. Details - ImportResultOutputID=36d1d0710621c7388c4dc8ec7c0f7e56 DependenciesID=bf6508840e5457c0d5a78abbd4eac108 StaticDependenciesID=af3a8789fbe725883be9c99ebb7cf5e2 
Importing 'GUID: 5ecdabd800f05984696f22ba95284516 - Path: Packages/com.unity.render-pipelines.core/Runtime/PathTracing/Shaders/ProbeIntegrationIndirect.urtshader' with importer (ScriptedImporter : Unity.Rendering.LightTransport.Editor:UnityEditor.Rendering.UnifiedRayTracing:UnifiedRTShaderImporter)
Imported 'GUID: 5ecdabd800f05984696f22ba95284516' -> (Import Result ID: '273885a745a338534e9d05866c501c2e') in 0.003 seconds [static and dynamic dependencies]. Details - ImportResultOutputID=3256e5e951c05d85a80b73f0b8601bcf DependenciesID=c5e0b9c3109498686a8601e77bf6a41b StaticDependenciesID=1ad901001e2e557153e1de5753d25220 
Importing 'GUID: de3013e16d99f2746ab1735ec06a660b - Path: Packages/com.unity.render-pipelines.core/Runtime/PathTracing/Shaders/ProbeIntegrationOcclusion.urtshader' with importer (ScriptedImporter : Unity.Rendering.LightTransport.Editor:UnityEditor.Rendering.UnifiedRayTracing:UnifiedRTShaderImporter)
Imported 'GUID: de3013e16d99f2746ab1735ec06a660b' -> (Import Result ID: '03778018e7703dc70502a9894b8a5c85') in 0.002 seconds [static and dynamic dependencies]. Details - ImportResultOutputID=82bcaa2422e9e96f8bc0db34ce2af121 DependenciesID=2eae1299ae2860a36905322ceb03fb2d StaticDependenciesID=d23a0c4a2896e547ad436f2fd232bb27 
Importing 'GUID: fe7f1a959d1d3f544a208b7e8805e6cd - Path: Packages/com.unity.render-pipelines.core/Runtime/PathTracing/Shaders/ProbeIntegrationDirectDirectionalAndEnvironment.urtshader' with importer (ScriptedImporter : Unity.Rendering.LightTransport.Editor:UnityEditor.Rendering.UnifiedRayTracing:UnifiedRTShaderImporter)
Imported 'GUID: fe7f1a959d1d3f544a208b7e8805e6cd' -> (Import Result ID: '92625e2016a5d60fd788ff4541fd8250') in 0.002 seconds [static and dynamic dependencies]. Details - ImportResultOutputID=528d1bdabf2388db1189c047a4b581a2 DependenciesID=de93aa1693be30308ccc24ede15b4955 StaticDependenciesID=b8525778ccd6bf87644fae631483c773 
Importing 'GUID: 1f9bfe60b4ad75943a5281839c1a4e5c - Path: Packages/com.unity.render-pipelines.core/Runtime/PathTracing/Shaders/ProbeIntegrationDirectStochasticLight.urtshader' with importer (ScriptedImporter : Unity.Rendering.LightTransport.Editor:UnityEditor.Rendering.UnifiedRayTracing:UnifiedRTShaderImporter)
Imported 'GUID: 1f9bfe60b4ad75943a5281839c1a4e5c' -> (Import Result ID: 'e60d0ca470e27ae788abba3766c506f3') in 0.003 seconds [static and dynamic dependencies]. Details - ImportResultOutputID=98e5ade9cd9f1644bd2d4f3d46c617a6 DependenciesID=4f48d10cc76da6f23acce47c8af0eac1 StaticDependenciesID=bb23e9aed0fe8778db1283cad6c57003 
Importing 'GUID: ff2cbab5da58bf04d82c5f34037ed123 - Path: Packages/com.unity.render-pipelines.core/Editor/Lighting/ProbeVolume/VirtualOffset/TraceVirtualOffset.urtshader' with importer (ScriptedImporter : Unity.Rendering.LightTransport.Editor:UnityEditor.Rendering.UnifiedRayTracing:UnifiedRTShaderImporter)
Imported 'GUID: ff2cbab5da58bf04d82c5f34037ed123' -> (Import Result ID: 'f99be78f7a58cac445b81743f9a836f8') in 0.002 seconds [static and dynamic dependencies]. Details - ImportResultOutputID=5f7a4821c1cbeb9ed9305a666a917654 DependenciesID=066dd3c9de80a48c2aeddeb6c8864690 StaticDependenciesID=577fb2ca56f9c9cef1dba593cc7f61b6 
Worker ready: AssetImportWorkerHW0 0

Asset Pipeline Refresh (id=34934a8e32b474c0da659361475528e6): Total: 4.666 seconds - Initiated by InitialRefreshV2(ForceSynchronousImport)
	(Values over 0.05ms)
	Summary:
		Imports: total=21 (actual=21, local cache=0, cache server=0)
		Asset DB Process Time: managed=1 ms, native=812 ms
		Asset DB Callback time: managed=1364 ms, native=162 ms
		Scripting: domain reloads=1, domain reload time=482 ms, compile time=1843 ms, other=0 ms
		Project Asset Count: scripts=1015, non-scripts=2834
		Asset File Changes: new=1, changed=1, moved=0, deleted=0
		Scan Filter Count: 1
	InvokePackagesCallback: 4.203ms
	ApplyChangesToAssetFolders: 0.171ms
	Scan: 251.182ms
	Collect global state as custom dependencies: 2.677ms
	OnSourceAssetsModified: 0.199ms
	CategorizeScriptCompilationAssets: 12.385ms
	ProcessAssetsWithTransientArtifactChanges: 16.114ms
	CategorizeAssets: 34.969ms
	CompileScripts: 1843.267ms
	ImportOutOfDateAssets: 441.897ms (321.093ms without children)
		ImportManagerImport: 119.129ms (0.850ms without children)
			UpdateCategorizedAssets: 0.936ms
		UnloadImportedAssets: 0.117ms
		EnsureUptoDateAssetsAreRegisteredWithGuidPM: 0.261ms
		ImportSchedulerStart: 1.293ms
	PostProcessAllAssets: 1521.312ms
		ComputeShaderImportPostprocess 146.093ms
		RaytracingShaderImportPostprocess 10.694ms
		MonoPostProcessAllAssets: 1363.940ms
			UniversalRenderPipelineGlobalSettingsPostprocessor.OnPostprocessAllAssets 1235.457ms
			SyncVS.PostprocessSyncProject 79.267ms
			AssetPostprocessor.OnPostprocessAllAssets 28.900ms
			StyleCatalogPostProcessor.OnPostprocessAllAssets 5.743ms
			BuilderAssetPostprocessor.OnPostprocessAllAssets 4.078ms
			ShaderGraphAssetPostProcessor.OnPostprocessAllAssets 0.992ms
			AssetChangedListener.OnPostprocessAllAssets 0.794ms
			SpeedTree9Postprocessor.OnPostprocessAllAssets 0.658ms
			EditModeScopePostprocessor.OnPostprocessAllAssets 0.598ms
			RetainedModeAssetPostprocessor.OnPostprocessAllAssets 0.488ms
			MaterialPostprocessor.OnPostprocessAllAssets 0.368ms
			PostProcessor.OnPostprocessAllAssets 0.208ms
			ShaderReflectionAssetPostProcessor.OnPostprocessAllAssets 0.198ms
			ArtifactBrowserPostProcessor.OnPostprocessAllAssets 0.197ms
			InputActionAssetPostprocessor.OnPostprocessAllAssets 0.184ms
			InputActionJsonNameModifierAssetProcessor.OnPostprocessAllAssets 0.158ms
			TextAssetPostProcessor.OnPostprocessAllAssets 0.148ms
			AudioMixerPostprocessor.OnPostprocessAllAssets 0.143ms
			ReferencedClipsPostProcessor.OnPostprocessAllAssets 0.140ms
			AssetEvents.OnPostprocessAllAssets 0.118ms
			Postprocessor.OnPostprocessAllAssets 0.110ms
			TMPro_TexturePostProcessor.OnPostprocessAllAssets 0.101ms
			TerrainToolbarOverlayPostProcessor.OnPostprocessAllAssets 0.099ms
			WindowAssetPostprocessingWatcher.OnPostprocessAllAssets 0.096ms
			ConfigAssetsTracker.OnPostprocessAllAssets 0.074ms
			AssetDatabaseCallbacks.OnPostprocessAllAssets 0.065ms
			ProjectSettingsPostprocessor.OnPostprocessAllAssets 0.060ms
			SpeedTreePostProcessor.OnPostprocessAllAssets 0.054ms
			AudioContainerPostProcessor.OnPostprocessAllAssets 0.054ms
	PostAssetChangesProfiler: 1.823ms
	UnloadStreamsBegin: 0.776ms
	PersistCurrentRevisions: 0.138ms
	GenerateScriptTypeHashes: 0.855ms
	GenerateScriptTypeSerializationHashes: 1.740ms
	Untracked: 533.692ms

Application.AssetDatabase Initial Refresh End
Shader Hidden/ChartRasterizerHardware is not supported: GPU does not support conservative rasterization
Shader Hidden/ChartRasterizerHardware is not supported: GPU does not support conservative rasterization
Scanning for USB devices : 0.223ms
Initializing Unity extensions:
2026-09-11 02:05:47.077 Unity[63173:148413605] NSEventModifierFlagFunction specified to -setKeyEquivalentModifierMask: for item <NSMenuItem: 0x72840d7c0 SDF, ke='Command-F12'>, but is only supported for system-provided menu items; will not be used
2026-09-11 02:05:47.104 Unity[63173:148413605] NSEventModifierFlagFunction specified to -setKeyEquivalentModifierMask: for item <NSMenuItem: 0x72840f7a0 SDF, ke='Command-F12'>, but is only supported for system-provided menu items; will not be used
Unloading 282 Unused Serialized files (Serialized files now loaded: 0)
Unloading 3905 unused Assets / (10.2 MB). Loaded Objects now: 4872.
Memory consumption went from 0.53 GB to 0.52 GB.
Total: 5.739167 ms (FindLiveObjects: 0.230792 ms CreateObjectMapping: 0.050083 ms MarkObjects: 3.831583 ms  DeleteObjects: 1.575042 ms)

[Project] Loading completed in 10.355 seconds
	Project init time: 				9.546 seconds
		Template init time: 		0.000 seconds
		Package Manager init time: 		0.505 seconds
		Asset Database init time: 		0.156 seconds
		Global illumination init time: 	0.001 seconds
		Assemblies load time: 			3.479 seconds
		Unity extensions init time: 	0.004 seconds
		Asset Database refresh time: 	4.666 seconds
	Scene opening time: 			0.733 seconds
##utp:{"type":"ProjectInfo","version":2,"phase":"Immediate","time":1789059947106,"processId":63173,"projectLoad":10.354625208,"projectInit":9.546160125,"templateInit":0.0,"packageManagerInit":0.505041208,"assetDatabaseInit":0.1558885,"globalIlluminationInit":0.000776125,"assembliesLoad":3.478780833,"unityExtensionsInit":0.00412625,"assetDatabaseRefresh":4.666209209,"sceneOpening":0.732620416}
##utp:{"type":"EditorInfo","version":2,"phase":"Immediate","time":1789059947106,"processId":63173,"editorVersion":"6000.7.0a5 (a15235a53881)","branch":"trunk","buildType":"Release","platform":"OSX"}
Subscribe to USB device events
Scanning for USB devices : 0.178ms
Asset Pipeline Refresh (id=43ffae9d6c16b4dab92fc66166d5a242): Total: 0.096 seconds - Initiated by RefreshV2(ForceSynchronousImport)
[Licensing::Client] Successfully resolved entitlement details
Running tests for ExecutionSettings with details:
targetPlatform = 
playerHeartbeatTimeout = 600
filters[0] = 
   Filter with settings:
   testMode = EditMode
   targetPlatform = 
   testNames = null
   groupNames = Janseon.Foundation.Tests.PortraitCommanderCardDockTests
   categoryNames = null
   assemblyNames = null
ignoreTests = {}
featureFlags = null

UnityEngine.Debug:ExtractStackTraceNoAlloc (byte*,int,string)
UnityEngine.StackTraceUtility:ExtractStackTrace () (at /Users/bokken/build/output/unity/unity/Runtime/Export/Scripting/StackTrace.cs:23)
UnityEngine.DebugLogHandler:Internal_Log (UnityEngine.LogType,UnityEngine.LogOption,string,UnityEngine.Object)
UnityEngine.DebugLogHandler:LogFormat (UnityEngine.LogType,UnityEngine.Object,string,object[])
UnityEngine.Logger:Log (UnityEngine.LogType,object)
UnityEngine.Debug:Log (object)
UnityEditor.TestTools.TestRunner.CommandLineTest.Executer:InitializeAndExecuteRun (string[]) (at ./Library/PackageCache/com.unity.test-framework@4c309923fa3b/UnityEditor.TestRunner/CommandLineTest/Executer.cs:53)
UnityEditor.TestTools.TestRunner.CommandLineTest.TestStarter:InitializeAndExecuteRun () (at ./Library/PackageCache/com.unity.test-framework@4c309923fa3b/UnityEditor.TestRunner/CommandLineTest/TestStarter.cs:64)
UnityEditor.EditorApplication:Internal_CallUpdateFunctions () (at /Users/bokken/build/output/unity/unity/Editor/Mono/EditorApplication.cs:463)

(Filename: ./Library/PackageCache/com.unity.test-framework@4c309923fa3b/UnityEditor.TestRunner/CommandLineTest/Executer.cs Line: 53)

Launching external process: /Applications/Unity/Hub/Editor/6000.7.0a5/Unity.app/Contents/Helpers/UnityShaderCompiler
[UnityConnectServicesConfig] config is NOT valid, switching to default
Created GICache directory at /Users/ilseoblee/Library/Caches/com.unity3d.UnityEditor/GiCache. Took: 0.010s, timestamps: [10.357 - 10.367]
Launched and connected shader compiler UnityShaderCompiler after 0.01 seconds
Unloading 1 Unused Serialized files (Serialized files now loaded: 0)
Unloading 1 unused Assets / (4.2 KB). Loaded Objects now: 5031.
Memory consumption went from 467.3 MB to 467.3 MB.
Total: 5.307291 ms (FindLiveObjects: 0.138208 ms CreateObjectMapping: 0.027875 ms MarkObjects: 5.072750 ms  DeleteObjects: 0.018833 ms)

Executing IPrebuildSetup for: Unity.PerformanceTesting.Editor.TestRunBuilder.
UnityEngine.Debug:ExtractStackTraceNoAlloc (byte*,int,string)
UnityEngine.StackTraceUtility:ExtractStackTrace () (at /Users/bokken/build/output/unity/unity/Runtime/Export/Scripting/StackTrace.cs:23)
UnityEngine.DebugLogHandler:Internal_Log (UnityEngine.LogType,UnityEngine.LogOption,string,UnityEngine.Object)
UnityEngine.DebugLogHandler:LogFormat (UnityEngine.LogType,UnityEngine.Object,string,object[])
UnityEngine.Logger:Log (UnityEngine.LogType,object)
UnityEngine.Debug:Log (object)
UnityEditor.TestTools.TestRunner.TestRun.Tasks.BuildActionTaskBase`1/<ExecuteMethods>d__8<UnityEngine.TestTools.IPrebuildSetup>:MoveNext () (at ./Library/PackageCache/com.unity.test-framework@4c309923fa3b/UnityEditor.TestRunner/TestRun/Tasks/BuildActionTaskBase.cs:48)
UnityEditor.TestTools.TestRunner.TestRun.Tasks.BuildActionTaskBase`1/<Execute>d__7<UnityEngine.TestTools.IPrebuildSetup>:MoveNext () (at ./Library/PackageCache/com.unity.test-framework@4c309923fa3b/UnityEditor.TestRunner/TestRun/Tasks/BuildActionTaskBase.cs:34)
UnityEditor.TestTools.TestRunner.TestRun.TestJobRunner:ExecuteStep () (at ./Library/PackageCache/com.unity.test-framework@4c309923fa3b/UnityEditor.TestRunner/TestRun/TestJobRunner.cs:194)
UnityEditor.TestTools.TestRunner.TestRun.TestJobRunner:ExecuteCallback () (at ./Library/PackageCache/com.unity.test-framework@4c309923fa3b/UnityEditor.TestRunner/TestRun/TestJobRunner.cs:129)
UnityEditor.EditorApplication:Internal_CallUpdateFunctions () (at /Users/bokken/build/output/unity/unity/Editor/Mono/EditorApplication.cs:463)

(Filename: ./Library/PackageCache/com.unity.test-framework@4c309923fa3b/UnityEditor.TestRunner/TestRun/Tasks/BuildActionTaskBase.cs Line: 48)

Saving results to: /Users/ilseoblee/Library/Application Support/Janseon Studio/잔선_ 서울/TestResults.xml
Saving results to: /Users/ilseoblee/workspace/seoul-kenshi-wt/unity-poc-mac/.omo/evidence/unity-html-poc-ui-parity/task-05/red.xml
Executing IPostBuildCleanup for: Unity.PerformanceTesting.Editor.TestRunBuilder.
UnityEngine.Debug:ExtractStackTraceNoAlloc (byte*,int,string)
UnityEngine.StackTraceUtility:ExtractStackTrace () (at /Users/bokken/build/output/unity/unity/Runtime/Export/Scripting/StackTrace.cs:23)
UnityEngine.DebugLogHandler:Internal_Log (UnityEngine.LogType,UnityEngine.LogOption,string,UnityEngine.Object)
UnityEngine.DebugLogHandler:LogFormat (UnityEngine.LogType,UnityEngine.Object,string,object[])
UnityEngine.Logger:Log (UnityEngine.LogType,object)
UnityEngine.Debug:Log (object)
UnityEditor.TestTools.TestRunner.TestRun.Tasks.BuildActionTaskBase`1/<ExecuteMethods>d__8<UnityEngine.TestTools.IPostBuildCleanup>:MoveNext () (at ./Library/PackageCache/com.unity.test-framework@4c309923fa3b/UnityEditor.TestRunner/TestRun/Tasks/BuildActionTaskBase.cs:48)
UnityEditor.TestTools.TestRunner.TestRun.Tasks.BuildActionTaskBase`1/<Execute>d__7<UnityEngine.TestTools.IPostBuildCleanup>:MoveNext () (at ./Library/PackageCache/com.unity.test-framework@4c309923fa3b/UnityEditor.TestRunner/TestRun/Tasks/BuildActionTaskBase.cs:34)
UnityEditor.TestTools.TestRunner.TestRun.TestJobRunner:ExecuteStep () (at ./Library/PackageCache/com.unity.test-framework@4c309923fa3b/UnityEditor.TestRunner/TestRun/TestJobRunner.cs:194)
UnityEditor.TestTools.TestRunner.TestRun.TestJobRunner:ExecuteCallback () (at ./Library/PackageCache/com.unity.test-framework@4c309923fa3b/UnityEditor.TestRunner/TestRun/TestJobRunner.cs:129)
UnityEditor.EditorApplication:Internal_CallUpdateFunctions () (at /Users/bokken/build/output/unity/unity/Editor/Mono/EditorApplication.cs:463)

(Filename: ./Library/PackageCache/com.unity.test-framework@4c309923fa3b/UnityEditor.TestRunner/TestRun/Tasks/BuildActionTaskBase.cs Line: 48)

Unloading 8 Unused Serialized files (Serialized files now loaded: 0)
Unloading 0 unused Assets / (0 B). Loaded Objects now: 5045.
Memory consumption went from 434.0 MB to 434.0 MB.
Total: 5.176459 ms (FindLiveObjects: 0.138209 ms CreateObjectMapping: 0.035208 ms MarkObjects: 4.936917 ms  DeleteObjects: 0.005167 ms)

DisplayProgressbar: Undo
Test run completed. Exiting with code 2 (Failed). One or more tests failed.
UnityEngine.Debug:ExtractStackTraceNoAlloc (byte*,int,string)
UnityEngine.StackTraceUtility:ExtractStackTrace () (at /Users/bokken/build/output/unity/unity/Runtime/Export/Scripting/StackTrace.cs:23)
UnityEngine.DebugLogHandler:Internal_Log (UnityEngine.LogType,UnityEngine.LogOption,string,UnityEngine.Object)
UnityEngine.DebugLogHandler:LogFormat (UnityEngine.LogType,UnityEngine.Object,string,object[])
UnityEngine.Logger:Log (UnityEngine.LogType,object)
UnityEngine.Debug:Log (object)
UnityEditor.TestTools.TestRunner.CommandLineTest.Executer:ExitApplication (UnityEditor.TestTools.TestRunner.CommandLineTest.Executer/ReturnCodes,string) (at ./Library/PackageCache/com.unity.test-framework@4c309923fa3b/UnityEditor.TestRunner/CommandLineTest/Executer.cs:81)
UnityEditor.TestTools.TestRunner.CommandLineTest.Executer:ExitIfRunIsCompleted () (at ./Library/PackageCache/com.unity.test-framework@4c309923fa3b/UnityEditor.TestRunner/CommandLineTest/Executer.cs:74)
UnityEditor.EditorApplication:Internal_CallUpdateFunctions () (at /Users/bokken/build/output/unity/unity/Editor/Mono/EditorApplication.cs:463)

(Filename: ./Library/PackageCache/com.unity.test-framework@4c309923fa3b/UnityEditor.TestRunner/CommandLineTest/Executer.cs Line: 81)

MonoPathRemapper: Attempts to remap: 14006; Successful remaps: 224
Serialized file version minimum: 0, current 23
Clearing [NanumGothic SDF] dynamic font asset data.
UnityEngine.Debug:ExtractStackTraceNoAlloc (byte*,int,string)
UnityEngine.StackTraceUtility:ExtractStackTrace () (at /Users/bokken/build/output/unity/unity/Runtime/Export/Scripting/StackTrace.cs:23)
UnityEngine.DebugLogHandler:Internal_Log (UnityEngine.LogType,UnityEngine.LogOption,string,UnityEngine.Object)
UnityEngine.DebugLogHandler:LogFormat (UnityEngine.LogType,UnityEngine.Object,string,object[])
UnityEngine.Logger:Log (UnityEngine.LogType,object)
UnityEngine.Debug:Log (object)
TMPro.EditorEventCallbacks/<>c:<InitializeFontAssetResourceChangeCallBacks>b__0_0 () (at ./Library/PackageCache/com.unity.ugui@8e276752998c/Editor/TMP/TMP_EditorResourceManager.cs:36)
UnityEditor.EditorApplication:Internal_EditorApplicationQuit () (at /Users/bokken/build/output/unity/unity/Editor/Mono/EditorApplication.cs:131)
UnityEditor.TestTools.TestRunner.CommandLineTest.Executer:ExitApplication (UnityEditor.TestTools.TestRunner.CommandLineTest.Executer/ReturnCodes,string) (at ./Library/PackageCache/com.unity.test-framework@4c309923fa3b/UnityEditor.TestRunner/CommandLineTest/Executer.cs:83)
UnityEditor.TestTools.TestRunner.CommandLineTest.Executer:ExitIfRunIsCompleted () (at ./Library/PackageCache/com.unity.test-framework@4c309923fa3b/UnityEditor.TestRunner/CommandLineTest/Executer.cs:74)
UnityEditor.EditorApplication:Internal_CallUpdateFunctions () (at /Users/bokken/build/output/unity/unity/Editor/Mono/EditorApplication.cs:463)

(Filename: ./Library/PackageCache/com.unity.ugui@8e276752998c/Editor/TMP/TMP_EditorResourceManager.cs Line: 36)

Killing ADB server in 0.064401 seconds.
Importing 'GUID: 4b5cdc861f9d54f019c0b7e3344d8040 - Path: Assets/TextMesh Pro/Resources/Fonts & Materials/NanumGothic SDF.asset' with importer (NativeFormatImporter)
Imported 'GUID: 4b5cdc861f9d54f019c0b7e3344d8040' -> (Import Result ID: '0e4e16ae6a09408589c50990f6823ca6') in 0.002 seconds [static dependencies only]. Details - ImportResultOutputID=c1f3ec3717bf414b617a17457c3b7b37 DependenciesID=28da9521b90c6baed2f00c461a9abad8 StaticDependenciesID=ab9b41e714ec43a02d062ea10fee9f53 
Thread 0x17087f000 may have been prematurely finalized
Asset Pipeline Refresh (id=904c9a89b733a46ee80471ce4b04cac4): Total: 0.030 seconds - Initiated by StopAssetImportingV2(NoUpdateAssetOptions)
Input System module state changed to: ShutdownInProgress.
Input Polling Thread exited.
Input System module state changed to: Shutdown.
Thread 0x17118f000 may have been prematurely finalized
Thread 0x17121b000 may have been prematurely finalized
Thread 0x171333000 may have been prematurely finalized
Thread 0x1713bf000 may have been prematurely finalized
Thread 0x17144b000 may have been prematurely finalized
Thread 0x1712a7000 may have been prematurely finalized
[Physics::Module] Cleanup current backend.
[Physics::Module] Id: 0xf2b8ea05
[Licensing::IpcConnector] LicenseClient-ilseoblee-6000.7.0-notifications channel disconnected successfully.
[Licensing::IpcConnector] LicenseClient-ilseoblee-6000.7.0 channel disconnected successfully.
Shut down UDS service system complete
Lingering sessions upon destruction of worker manager
Unity Data Store service was successfully shut down
UDS shutting down local client system
AcceleratorClientConnectionCallback - disconnected - :0
Cleanup mono
CodeReloadManager destroyed
debugger-agent: Unable to listen on 43
[usbmuxd] Stop listen thread
[usbmuxd] Error: 
[usbmuxd] Listen thread exiting
