Operating-Houses.md c9580cea870515eb4cf83dceb345d65da980b94200df69283e15ea210141ecf8
External-Theaters.md a4a44aef11a0275049e3f93f5a91e5c66a1631121212dfd0a9a5727c2785d30b
Synthetic-Actors.md aaaee23f9e2002ab541ba18a96a314823007958b8d7e6ac0cb70baca93456087
Story-Batch-Manifest.md 5c318c8a48323f396abfd1544f96ed46ad5dc8ba112a7248a27b26c761a9098b
Hostile-Ecology-Index.md 079791c2f85095c7f8953c5d7e8eece54fdee6a634baace5976b72010cff2d06
Monster-Batch-Manifest.md c0116edfa06fed349c5dc6f5fc2747bf15900693c67c1a35f00f70bfd3825f56
Regional-Physical-AI-Arcs.md a8b5c45567ac0f9490efce993e9430ed30aa64736da72f8579371176e17485c7
World-Relation-Ledger.md b75f4e62aa0e5fb721c30d6859e6a89a932f8d018bb36f48272cb7a283f04d92
World-Expansion-Index.md 8cf5ef4205f678783d3637218cb27ad7d3d4aae3326f173ab4fae3435891b3ec
Story-Batch-B001.md d2ef625d6267ae4e4c7796445f920dea88c08f29dcafb9e5cd2ab056b88e2438
Story-Batch-B002.md 43d9c1f137f4863732ed94beacef1f41ae61932a8de9291e1d6977ca91dbcd7c
Story-Batch-B003.md 954b3e8e2da8d071a0de622f9cb8e968a9fa74dec3dd654ebe1c024daf17fe13
Story-Batch-B004.md 307ef6113ed256cd2660afaa408fe84ed0f886420963adb92a083791a429ebfb
Story-Batch-B005.md b0e158b2e125d3f5b33c305a43c5401ad1ad92c1c31c46b96e0f36e717da0b24
Story-Batch-B006.md 19452181edf9008829dd3f973df669db2d66a8e12c2e8945bee252d62f97aab5
Story-Batch-B007.md 445d45f11b1d780a773ab0a3f5110dbaa5218322132f535925638756fa11479f
Story-Batch-B008.md bf581928367c575577f5ce82c96363110ff67a5aee2b61d1438595c670ad3d4b
Story-Batch-B009.md 4c91dfda88561cd312eb3b988e8d24acb818e4c9040f55de4082b091ddc71aea
Story-Batch-B010.md b85a0732bee18fab4d1fc8f3cb63aa64b55436e5e1babb77286260ca6a7fb00e
Story-Batch-B011.md cdd47a4f62c9aa3bced485834db271ce1502fcd5b8939a42d77028b8b8facefb
Story-Batch-B012.md 6b2507eb4541722f6034b14294de1169128c4536c42aa9ebe195f4a58308181b
Story-Batch-B013.md 9cdd7bf38adc25e212ad621d8eb370d3493a9aa25c0dbbf06abc193fbd1fd332
Story-Batch-B014.md 8c4183e5b781b174893b3219754c607126d50eb3b555eb1060333f44d38365a3
Story-Batch-B015.md 058e546b3027beb150c1bea49e8a93f4139cd51f5fa0cd202310aa15ad7d786e
Story-Batch-B016.md e117c023e00268d9a89f304ad6e1e57d6e60bfd8c3d77e88a3712174111bc77e
Story-Batch-B018.md ce381851ec3e44f6f23b749bbf89cef0a39c9b3f0a2b2997dc8e507fb0b566e0
Story-Batch-B019.md 9bc8731172738e97e6d63b355b72f0706025740b851d3b05ae880c5a6731462b
Story-Batch-B021.md 60b6b9c5f5f353f9c060a759924f3e9424bc4fabd0c2b9f3404e66f91a319905
Story-Batch-B022.md f1792ae862fa8e266352b2785367ff95d32b261d0fbf3912eae8f9a6f6250700
Story-Batch-B023.md 4b922b92f9ae15081c0affe72365a7e7d7849a312ae524bd64c113fe6846d9b7
Story-Batch-B024.md 0ff80ff5b5f54fc63e042e321708bc38aed16d61677b9cabfc1ac6a57a69c904
Story-Batch-B025.md a0677eb89cca25f9030e713dd50c4f686e36639222030fabdea771e019314ed9
Story-Batch-B026.md 8887395d33e2be3c3865dee880484860d6d41ccec09112292825e289dd419d15
Story-Batch-B027.md b3a3223c1f6644b02abe2a32235d85c4c5e63738cae10ed4359096a8ef5a0416
Story-Batch-B028.md a1c09839114a68f4c998462ebc28df4d5b652b32ce5fb314007db2846e60019f
Story-Batch-B029.md 8a799d7d85e75c3a765e7c3908bc97810a9e14450339caab29afd19bea5b27f9
Story-Batch-B030.md e4531803acc34ad6f9c06f9df7a62a8b978e9c7a6cc8f29160d71ccbcfd36ed4
Story-Batch-B031.md a4424c97ebf14066cf76a9321a754b3a658f447cfe2f385e67584d42b9b52971
Story-Batch-B032.md b80da61c2e4676b9fd2a2df078c522883cca2230e4e6a0e1f728910079ab656f
Story-Batch-B033.md e3cb6ebe50e3d0f2bbce6c2c14b09ac7cc19fd3bbcb993ff0982175a5011d79f
Story-Batch-B034.md 97f4073ee76a95eea1636a50ba2bef4f40ab328a0b53315cd1719313485961a7
Story-Batch-B035.md cff34c4c363aa86f8c888a4dfad7248e1907e12508d1d5f5883a854ca0743b57
Story-Batch-B036.md 6cb6fe6a27c0653c63c79f36a7fb5795ce4bc048d044d03487faafdc3b89b3a2
Story-Batch-B037.md 66fbebd70ce3a6b38adbecbd59bd52455713b011b7819fb1700d5c6fdf888efb
Story-Batch-B038.md eabc84f54ba58d621c819cb87dc3ec7aa7f5a5766c3620d8217f881ca5df9923
Story-Batch-B039.md ceccebf6e3e6ebb65743f7ad9672319aea09764876430d52abd9c22b21661326
Story-Batch-B040.md aad307b1cbfa90cf1a6c7e4ac428c55c0a9a07c01bb05d8436eb124398648e94
Story-Batch-B041.md 0556277a4e4b892f913c3287c250fcc9ac6f17615607b32cf00f37eab8f4c471
Story-Batch-B042.md ab2f84b02a8a2589b13cfd08bfc4c9db2fb5fdc611efb7256d0a5189ce9ad48a
Story-Batch-B043.md 9e2a2e1e35ef1e1d28f98ad476d04d1f09ef4487fc78ba10284de0fd2180d701
Story-Batch-B044.md fda330bd033ea6201ecebe73108f1bfc19786442fb5ceff05b65206b0a6a56bb
Story-Batch-B045.md 73657538268b13ee17c49365e5fa5b55f95587c7e4c5a63550232ea891558654
Story-Batch-B046.md ba3d6ff7632bad69c138c7c93d2ec82c44187bc71e97792f44932480db322e64
Story-Batch-B047.md c54ea794b9864c1108de67f68feec89675288bde7d6d7721c1fbe7b1d20640de
Monster-Batch-M001.md fdc3637355650e018891abfc1cc2adb1c97538f6d2ad9a20a7adc71917bf4a6b
Monster-Batch-M002.md dde88d3ac9fb3c72a70d4b0b9f586167fcc7dd8b4b099136aea546b020b2a212
Monster-Batch-M003.md 319eb2939675fe8c26a3e7942b87088d440c110f0a4d9f760b663c4139c2682e
Monster-Batch-M004.md 6c072f95ec04739e506be26cb504dce414b05f8a71ac76d732aa8e88c5c3bb1f
Monster-Batch-M005.md 6426fa5d872021e52c7f141f190b9aa7eed6c3b2a4145c51e0a9e289e7d8f583
Monster-Batch-M006.md df58633cb534099249b35411e0d2f6e862f3dc2e1c357361bec8d4d355cbc73e
Monster-Batch-M008.md c7b8e6d8acedc12aa544ca71086240e4400eb33737c56d6c0984a61351d4eb69
Monster-Batch-M009.md b0dce72fbd738606d99a573f20aadd67755761891d5e944d1b9544aee3417305
Monster-Batch-M010.md 1e869c20b2fe94efc89dc5056b5c13a5479ea1a2f0c9d7b8f367347f9437bc5e
Monster-Batch-M011.md e521925f37909c2b074652f2995465335d69a8dcab4736e5fa23a90a7bcbb5c3
Monster-Batch-M012.md 00163798efddb3dbe12c4cea0734b108d6aefae72b06c5f3b469a4b378762ef2
Monster-Batch-M013.md c2d71d69fa982e8c3a865b86d6a71d51f8c14b92c86345db164385e45da64697
Monster-Batch-M014.md ba2065184a55bfc36a7d3002ba601908ca836f212f0559c73989f0e7c2f78059
Monster-Batch-M015.md 0c9927d7693d05d6bdf025478517ed2a087d4ac0b1df1836234bd7169155a823
Monster-Batch-M016.md 47d6a217062074878b535630b90ae36a7b362c65698dac9a323fb95197bd4e90
Monster-Batch-M017.md bf1a44ef01f0480d3fd21ea9a69bb1f19bd1a2cc96810b67372637007b5428ab
Monster-Batch-M018.md b9e47a5dcbfa1ce47161e3f6620fea742d213cc2c19fd9e4784cd54dde44e400
Monster-Batch-M019.md bfbf1cc2fa364c35c7cc525c8671fcf04752fc9f77f7b5610431aa18eff03ddc
Monster-Batch-M020.md 19a8cd3f5139a6829df5de3d51ec2b2c74a06aec388c47d9b56254dd54949972
Monster-Batch-M021.md 938c94e557977837bb80d9f00ee8edd02295de6d8ceb7d8a10b5ad69d4fa20e0
Monster-Batch-M022.md aaba8dc51c5a6bce59dc49b319c70127c7011d7158faa9f346f13c34937f1b09
Monster-Batch-M023.md d5dac954be45b917f2f369f66bbb1d26b33dbdfcf4e0ed70347929c8ab7de1dc
Monster-Batch-M024.md 08903bd705d9eae9d4d4a2db418e0b15c256f96415fd5cbec3fb99b67fa97277
Monster-Batch-M025.md 180502463167570cf9354b48dfe375d59aa12a77979159d51a645f522bf568f8
Monster-Batch-M026.md 7a5747b580f8c780a565dcfe49ebeac342d5b46d84024a2ec083a9fde400b59b
Monster-Batch-M027.md bbcff62e93ae8b6ae37ef9ed2bbef173961cce5471a84fd13eeaa9162aba1606
Monster-Batch-M028.md 13ecd31fe88906520e49ef67f36c78cfa4bada3256c75d9047bd5cee91be8617
Monster-Batch-M029.md ca6cc1246b18f54ed9b9d8ff02a379d5a8f466bfa3a49e6221140b14206d90ed
Monster-Batch-M030.md de1c93073546cc31fbb45f1ae201f09b0e84ba6ee80ba88564671d8ffa2cce6c
Monster-Batch-M031.md 7438da5bdb93601a0d08ecb4e97a6b2d2b4875b00796fcb994c0072958fe9381
Monster-Batch-M032.md e00d6a2272dc068f35475cff126330dbf76382b1d5a7bb2d421751988d0a7378
Monster-Batch-M033.md 352ec5218b971d5fb715f8ec1c6feefb9619c2b4c100a3d1441c97354f0b6492
Monster-Batch-M034.md 9282b632ec33749c4315b1b83d553b678ee360b60d03d55fae526d1ba2cc5e56
Monster-Batch-M035.md f6841a278abbbbf1e03f77c181653ada58ef7d13dde53a47e83b169fc38a0eab
Monster-Batch-M036.md 9e93d4cd7c2175c0de6c7f648bce34405fcdea7124160a66e9eaae9455922cfb
Monster-Batch-M037.md 282dbf5bb8b970fb2905a24b15b74f4f4e2854353fc4ed79540a9aaec292b577
Monster-Batch-M038.md 0dab1f572509344a7f5ee53edf57359760e37624c46649c94c5a062a27c3d9df
Monster-Batch-M039.md 8182c63f4ed7f00b070b7b6b4626a7ed0a8fd9ea0612f9237f987c381038f3c2
Monster-Batch-M040.md 09459b9a286b464e8904b520d5ce35a928d04506f0797ed9b7afa8e257fe3f74
Monster-Batch-M041.md 6cd58e45ed74bdd0cad1ddbaefa3eafc8c20219bf3a5eb6ae4fce8802f9d0d49
Monster-Batch-M042.md 550dac0b718912d3d1db15a0c2a94d3044d17d7a219dab482b34fced4ea551b6
Hostile-Group-G01.md dbff29a162dc5ecb95c7500ac4564c0be325ee91dcd3cbcc0f4cf34686520c88
Hostile-Group-G02.md 875dacc128139942a704cf64b7b2386d9a3c2b6d28c0a7a984517118f35ce1ad
Hostile-Group-G03.md d27b0f2acd504c79f0e7ab599c50ddf329a1de12e80cdfb46774040a1d10cdee
Hostile-Group-G04.md 5c8df9820c4ad0cb6e1cc6ec3a09e7a9cb9ed0da496ff7ae0f2ebaa2312834ae
Hostile-Group-G05.md e884b049f526bab86412c74b0a71509aa4162202948b8d10ab7561edb0dc5650
Hostile-Group-G06.md 979f199bec025f024bced0305aec7ee8f9be2b0d61795b4c9c563854a48696f6
Hostile-Group-G07.md 780dc2e14be3153ee5e6665610a0a40b1ba4a158b533b423dc7f0b8c6ec09429
Hostile-Group-G08.md 01a6e8da032ea714099754946a646acd0dc6ae6d99c44f6546db93d0af37e054
Hostile-Group-G09.md bb3edea3f6947ab3c4666bb0c8c9b40043b8370c93f9c91928cbee77f19256a5
Hostile-Group-G10.md 30e56a74dce7883aa19a2407dd814a053647095ac91635cc692333f0b88ad391
Hostile-Group-G11.md 3e8453c76d799a0416107c7111188110f23e303405996502e2e74d070f063c6c
Hostile-Group-G12.md 5b67dcdb8bd8d44586be0378563503272ec9522be226f4158c7314b35ab25f66
Hostile-Group-G13.md 6573ab3e0b2d403044b0bafcef24669b973967ad7d32a38185aa2e5dd9825ea8
Hostile-Group-G14.md e5371a72d6718ed1fb8a49a4be18679f1521b6fb8055b10d4caa1280261bb192
Hostile-Group-G15.md 233230ea21d80d91f05dd4a26714f4e691d8a40c5e3d48847004ecd7d5d696b0
Hostile-Group-G16.md ce6504a333d8d0d607f7c48de4788c8c11cd88a5fdd06b4f3a581b12e64109d8
Hostile-Group-G17.md ac56353668f6f8a12b30e7de4dc9ff84b64c7688ee393d9346266a6b8ef150a8
Hostile-Group-G18.md 03e0e079f9330c42ee9d880108cbffcd5753a4c2e3610102ef0fe3cba7ea408d
Hostile-Group-G19.md 34b659924c9b9b495b7a19f532373193eda3a6940d79f3f337cb0d57d453feed
Hostile-Group-G20.md 5030967a5af9b3c825b9298456a6b6c73e3db24c0852e96aa864bf1d9a305f6d
Hostile-Group-G21.md 8965ae5add89530e4eeb1a77fa9794d0a6169059a5d981b02dd9c34a002d7765
Hostile-Group-G22.md 2dffef01fd70a02e9ea295688095c8e03acf84440509686f8fd11d768b85256a
Hostile-Group-G23.md 744d7f2755ca5cf6dd0bf680199715bb27f7276f1d674d103d55b0eadafa528b
Hostile-Group-G24.md 13f7b51936d1f5aa6819330abc9a6516b2d3dee271f5aa959330f5c724096a92
Hostile-Group-G25.md fcf0b1af667096b45e1889197c48b640d4990179e0d166c12d2c00551b1d3b5d
Hostile-Group-G26.md 92e1f3cdb77287c72d7e0e7fd00db1983c32396d05ea80f5f2387ada09f94502
Hostile-Group-G27.md bfca026e06fa4b864e760a2ea1859b9da5d9e15a3ffe01db2edf2cceb4e8c03d
world-atlas-isometric.svg 3652546a616b6aaad223331ef5c8fe035f5df029bb393ec6277fa50b75ef02f6
house-influence-isometric.svg b5ac933cb245d2f4fc36e4cde1c93510f9464c9bdc5a518bc3fd3dddb455b431
hostile-ecology-isometric.svg 092bdea8bca76aff2451dff1619870ae634dbeb5362c851afabdd92aa96cac7e
atlas b65cc5a5821cb06f62d093e76b1afab655da99481b34fa0e33f46d45dcb8dbb9
