✔︎ Opened a new tab and set it active: tabs[0], page → 서울:전국 · 부대 지휘 UI 설계 템플릿 (http://127.0.0.1:4319/total-war-ui/?qa=red-extra)
- title: "서울:전국 · 부대 지휘 UI 설계 템플릿" [url=http://127.0.0.1:4319/total-war-ui/?qa=red-extra]
- link "화면 내용으로 건너뛰기" [ref=e1]
- banner: "INTERACTION BLUEPRINT / TARGET UI\n         서울:전국\n         원정 부대 지휘 설계 템플릿\n      \n      \n         원정  서남선 조사대\n         현재 구간  신도림 → 구로\n         예시 데이터 · 밸런스/정사 미확정"
- navigation "설계 화면" [ref=e2]:
  - button "원정 경로" [ref=e3]: "01  원정 경로"
  - button "파티 편성" [ref=e4]: "02  파티 편성"
  - button "조우 대응" [ref=e5]: "03  조우 대응"
  - button "전투 배치" [ref=e6]: "04  전투 배치"
  - button "부대 지휘" [ref=e7]: "05  부대 지휘"
  - button "결과와 다음 선택" [ref=e8]: "06  결과와 다음 선택"
- main:
  - region "원정은 귀환만을 뜻하지 않는다" [ref=e9]:
    - text: "CAMPAIGN / ROUTE"
    - heading "원정은 귀환만을 뜻하지 않는다" [level=1]
    - text: "노선을 따라 이동하고 조우를 해결한 뒤에도 원정을 계속할 수 있다. 아래 장소와 수치는 화면 검토용 예시다."
    - region "서남선 이동 경로" [ref=e10]:
      - text: "ROUTE GRAPH"
      - heading "서남선 이동 경로" [level=2]
      - text: "이동 중"
      - button "영등포, 출발 완료" [ref=e11]: "영등포 출발 거점"
      - button "신도림, 현재 위치" [ref=e12]: "신도림 현재 · 폐쇄 승강장"
      - button "구로, 다음 목적지" [ref=e13]: "구로 다음 · 공방 교섭"
      - button "대림, 우회 후보" [ref=e14]: "대림 우회 후보"
      - text: "지나온 구간 현재 도달 가능"
    - complementary:
      - text: "NEXT LEG"
      - heading "구로 공방 연결로" [level=2]
      - text: "SW-03\n             예상 소요 반나절  예시 통행 상태 부분 봉쇄 물자 식량 3일  예시 관계 공방 중립\n             이동 판단 본선의 잔해를 치우는 동안 측선 감시가 필요하다. 교섭이 결렬되면 전투 세션으로 분리된다."
      - button "동행 편성 확인" [ref=e15]: "동행 편성 확인 →"
- contentinfo: "UI/UX 목표 설계 문서 · 질문 무응답 뒤 채택한 카메라/일시정지 기본값 · POC 구현 사실이나 소유자 명시 결정이 아님 total-war-ui-20260919-v1"
No changes detected

ACTION 대림, 우회 후보 @@ -22 +22 @@
-      - button "대림, 우회 후보" [ref=e14]: "대림 우회 후보"
+      - button "대림, 우회 후보" [ref=e14] [focused]: "대림 우회 후보"

ROUTE_DETAIL 구로 공방 연결로
No changes detected

ACTION 조우 대응 - title: "서울:전국 · 부대 지휘 UI 설계 템플릿" [url=http://127.0.0.1:4319/total-war-ui/?qa=red-extra]
- link "화면 내용으로 건너뛰기" [ref=e1]
- banner: "INTERACTION BLUEPRINT / TARGET UI\n         서울:전국\n         원정 부대 지휘 설계 템플릿\n      \n      \n         원정  서남선 조사대\n         현재 구간  신도림 → 구로\n         예시 데이터 · 밸런스/정사 미확정"
- navigation "설계 화면" [ref=e2]:
  - button "원정 경로" [ref=e3]: "01  원정 경로"
  - button "파티 편성" [ref=e4]: "02  파티 편성"
  - button "조우 대응" [ref=e5] [focused]: "03  조우 대응"
  - button "전투 배치" [ref=e6]: "04  전투 배치"
  - button "부대 지휘" [ref=e7]: "05  부대 지휘"
  - button "결과와 다음 선택" [ref=e8]: "06  결과와 다음 선택"
- main:
  - region "조우 대응이 원정의 방향을 바꾼다" [ref=e16]:
    - text: "ENCOUNTER / RESPONSE"
    - heading "조우 대응이 원정의 방향을 바꾼다" [level=1]
    - text: "현장 대응은 원정 결말인 ‘교역’과 다르다. 전투를 선택하면 참가자·목표·퇴로를 확정한 닫힌 세션으로 진입한다."
    - region: "구로 연결로 · 차단막 앞 낯선 작업반 11명  예시 상황 공방 표식을 단 작업반이 잔해 통행료를 요구한다. 뒤편 측선은 좁지만 아직 열려 있다."
    - region:
      - button "01 통행 교섭 관계와 통행 조건을 확인한다 비전투" [ref=e17]
      - button "02 측선 우회 시간과 물자를 더 쓰고 조우를 벗어난다 비전투" [ref=e18]
      - button "03 현장 거래 이 장소의 물자와 통행을 맞바꾼다 비전투" [ref=e19]
      - button "04 전투 준비 목표·퇴로·참가 부대를 확정한다 교전" [ref=e20]
- contentinfo: "UI/UX 목표 설계 문서 · 질문 무응답 뒤 채택한 카메라/일시정지 기본값 · POC 구현 사실이나 소유자 명시 결정이 아님 total-war-ui-20260919-v1"
No changes detected

ACTION 통행 교섭 @@ -6 +6 @@
-  - button "조우 대응" [ref=e5] [focused]: "03  조우 대응"
+  - button "조우 대응" [ref=e5]: "03  조우 대응"
@@ -17 +17 @@
-      - button "01 통행 교섭 관계와 통행 조건을 확인한다 비전투" [ref=e17]
+      - button "01 통행 교섭 관계와 통행 조건을 확인한다 비전투" [ref=e17] [focused]

ENCOUNTER_STATE {
  screen: 'screen-encounter',
  text: '01통행 교섭관계와 통행 조건을 확인한다비전투02측선 우회시간과 물자를 더 쓰고 조우를 벗어난다비전투03현장 거래이 장소의 물자와 통행을 맞바꾼다비전투04전투 준비목표·퇴로·참가 부대를 확정한다교전'
}
No changes detected

ACTION 전투 배치 @@ -7 +7 @@
-  - button "전투 배치" [ref=e6]: "04  전투 배치"
+  - button "전투 배치" [ref=e6] [focused]: "04  전투 배치"
@@ -11,10 +11,18 @@
-  - region "조우 대응이 원정의 방향을 바꾼다" [ref=e16]:
-    - text: "ENCOUNTER / RESPONSE"
-    - heading "조우 대응이 원정의 방향을 바꾼다" [level=1]
-    - text: "현장 대응은 원정 결말인 ‘교역’과 다르다. 전투를 선택하면 참가자·목표·퇴로를 확정한 닫힌 세션으로 진입한다."
-    - region: "구로 연결로 · 차단막 앞 낯선 작업반 11명  예시 상황 공방 표식을 단 작업반이 잔해 통행료를 요구한다. 뒤편 측선은 좁지만 아직 열려 있다."
-    - region:
-      - button "01 통행 교섭 관계와 통행 조건을 확인한다 비전투" [ref=e17] [focused]
-      - button "02 측선 우회 시간과 물자를 더 쓰고 조우를 벗어난다 비전투" [ref=e18]
-      - button "03 현장 거래 이 장소의 물자와 통행을 맞바꾼다 비전투" [ref=e19]
-      - button "04 전투 준비 목표·퇴로·참가 부대를 확정한다 교전" [ref=e20]
+  - region "전투 조건을 잠그고 부대를 배치한다" [ref=e21]:
+    - text: "CLOSED BATTLE SESSION / DEPLOYMENT"
+    - heading "전투 조건을 잠그고 부대를 배치한다" [level=1]
+    - text: "질문 시간 만료 뒤 채택한 설계 기본값은 팬·오빗·줌이 가능한 3D 자유 지휘 카메라다. 탑다운 배치는 공간 문서용 도식이며 실제 3D 렌더가 아니다."
+    - complementary:
+      - text: "SESSION CONTEXT"
+      - heading "구로 연결로 차단전" [level=2]
+      - text: "목표 차단막 뒤 통행로 확보 퇴로 남측 측선 · 현재 개방 보급 식량 3일 · 의약품 보통 증원 확정 없음 닫힌 세션  전투 중 캠페인 세계를 다시 읽지 않는다. 결과는 종료 뒤 ResultId로 한 번만 반영한다."
+    - region "전투 배치 도식" [ref=e22]:
+      - text: "탑다운 DOCUMENTATION SCHEMATIC · 목표 기본값: 3D 자유 지휘(팬·오빗·줌)적 배치 예상 아군 배치 가능"
+      - button "선로 경비조 배치" [ref=e23]: "I 경비조"
+      - button "측선 정찰조 배치" [ref=e24]: "II 정찰조"
+      - button "구호 작업조 배치" [ref=e25]: "III 구호조"
+    - complementary:
+      - text: "FORMATION"
+      - heading "배치 검토" [level=2]
+      - text: "준비됨 I 선로 경비조 전열 · 북향 II 측선 정찰조 좌익 · 북동향 III 구호 작업조 후열 · 북향"
+      - button "배치 확정 · 지휘 시작" [ref=e26]: "배치 확정 · 지휘 시작 →"

No changes detected

ACTION 측선 정찰조 배치 @@ -7 +7 @@
-  - button "전투 배치" [ref=e6] [focused]: "04  전투 배치"
+  - button "전투 배치" [ref=e6]: "04  전투 배치"
@@ -22 +22 @@
-      - button "측선 정찰조 배치" [ref=e24]: "II 정찰조"
+      - button "측선 정찰조 배치" [ref=e24] [focused]: "II 정찰조"

DEPLOY_SELECTION {
  detail: 'FORMATION배치 검토준비됨I선로 경비조전열 · 북향II측선 정찰조좌익 · 북동향III구호 작업조후열 · 북향배치 확정 · 지휘 시작 →'
}
CLEANUP_EXTRA_RED_TAB_CLOSED
[ok | 1808ms]
