✔︎ Opened a new tab and set it active: tabs[0], page → 서울:전국 · 부대 지휘 UI 설계 템플릿 (http://127.0.0.1:4319/total-war-ui/?qa=functional2)
- title: "서울:전국 · 부대 지휘 UI 설계 템플릿" [url=http://127.0.0.1:4319/total-war-ui/?qa=functional2]
- link "화면 내용으로 건너뛰기" [ref=e1]
- banner: "INTERACTION BLUEPRINT / TARGET UI\n         서울:전국\n         원정 부대 지휘 설계 템플릿\n      \n      \n         원정  서남선 조사대\n         현재 구간  신도림 → 구로\n         예시 데이터 · 밸런스/정사 미확정"
- navigation "설계 화면" [ref=e2]:
  - button "원정 경로" [ref=e3]: "01  원정 경로"
  - button "파티 편성" [ref=e4]: "02  파티 편성"
  - button "조우 대응" [ref=e5]: "03  조우 대응"
  - button "전투 배치" [ref=e6]: "04  전투 배치"
  - button "부대 지휘" [ref=e7]: "05  부대 지휘"
  - button "결과와 다음 선택" [ref=e8]: "06  결과와 다음 선택"
- main:
  - region "원정은 귀환만을 뜻하지 않는다" [ref=e9]:
    - text: "CAMPAIGN / ROUTE"
    - heading "원정은 귀환만을 뜻하지 않는다" [level=1]
    - text: "노선을 따라 이동하고 조우를 해결한 뒤에도 원정을 계속할 수 있다. 아래 장소와 수치는 화면 검토용 예시다."
    - region "서남선 이동 경로" [ref=e10]:
      - text: "ROUTE GRAPH"
      - heading "서남선 이동 경로" [level=2]
      - text: "이동 중"
      - button "영등포, 출발 완료" [ref=e11]: "영등포 출발 거점"
      - button "신도림, 현재 위치" [ref=e12]: "신도림 현재 · 폐쇄 승강장"
      - button "구로, 다음 목적지" [ref=e13]: "구로 다음 · 공방 교섭"
      - button "대림, 우회 후보" [ref=e14]: "대림 우회 후보"
      - text: "지나온 구간 현재 도달 가능"
    - complementary:
      - text: "NEXT LEG"
      - heading "구로 공방 연결로" [level=2]
      - text: "SW-03\n             예상 소요 반나절  예시 통행 상태 부분 봉쇄 물자 식량 3일  예시 관계 공방 중립\n             이동 판단 본선의 잔해를 치우는 동안 측선 감시가 필요하다. 교섭이 결렬되면 전투 세션으로 분리된다."
      - button "동행 편성 확인" [ref=e15]: "동행 편성 확인 →"
- contentinfo: "UI/UX 목표 설계 문서 · 질문 무응답 뒤 채택한 카메라/일시정지 기본값 · POC 구현 사실이나 소유자 명시 결정이 아님 total-war-ui-20260919-v1"
No changes detected

ACTION 부대 지휘 - title: "서울:전국 · 부대 지휘 UI 설계 템플릿" [url=http://127.0.0.1:4319/total-war-ui/?qa=functional2]
- link "화면 내용으로 건너뛰기" [ref=e1]
- banner: "INTERACTION BLUEPRINT / TARGET UI\n         서울:전국\n         원정 부대 지휘 설계 템플릿\n      \n      \n         원정  서남선 조사대\n         현재 구간  신도림 → 구로\n         예시 데이터 · 밸런스/정사 미확정"
- navigation "설계 화면" [ref=e2]:
  - button "원정 경로" [ref=e3]: "01  원정 경로"
  - button "파티 편성" [ref=e4]: "02  파티 편성"
  - button "조우 대응" [ref=e5]: "03  조우 대응"
  - button "전투 배치" [ref=e6]: "04  전투 배치"
  - button "부대 지휘" [ref=e7] [focused]: "05  부대 지휘"
  - button "결과와 다음 선택" [ref=e8]: "06  결과와 다음 선택"
- main:
  - region "구로 연결로 차단전" [ref=e16]:
    - text: "LIVE UNIT COMMAND / SCHEMATIC"
    - heading "구로 연결로 차단전" [level=1]
    - text: "목표 통행로 확보 퇴로  남측 개방 전황  교착 · 예시"
    - button "이 파티 전투만 일시정지" [ref=e17]
    - text: "질문 무응답 뒤 채택한 설계 기본값 3D 자유 지휘 카메라: 팬 · 오빗 · 줌 (각도/FOV 수치 미정)일시정지는 이 파티의 닫힌 전투만 멈추며 캠페인 세계와 다른 파티는 계속된다."
    - complementary "아군 부대 목록":
      - text: "부대"
      - button "선택 해제" [ref=e18]
      - button "I 선로 경비조 현재: 차단선 유지 결속 양호" [ref=e19]
      - button "II 측선 정찰조 현재: 좌측 엄폐 이동 결속 양호" [ref=e20]
      - button "III 구호 작업조 현재: 후열 대기 결속 주의" [ref=e21]
      - text: "부대를 선택해야 명령할 수 있다. 영웅 직접 조작이 아닌 부대 단위 지휘다."
    - region "명령 대상과 위치를 선택하는 전장 도식" [ref=e22]:
      - text: "탑다운 DOCUMENTATION SCHEMATIC · 실제 3D 게임 렌더 아님 잔해 · 통과 불가"
      - button "이동 목적지 북측 차단선" [ref=e23]: "이동 지점 A"
      - button "이동 목적지 동측 엄폐" [ref=e24]: "이동 지점 B"
      - button "선로 경비조" [ref=e25]: "I 경비조"
      - button "측선 정찰조" [ref=e26]: "II 정찰조"
      - button "구호 작업조" [ref=e27]: "III 구호조"
      - button "공방 전열대, 공격 대상" [ref=e28]: "A 공방 전열대"
      - button "공방 지원대, 공격 대상" [ref=e29]: "B 공방 지원대"
    - complementary:
      - region:
        - text: "SELECTED UNIT"
        - heading "선택된 부대 없음" [level=2]
        - text: "부대를 선택하면 현재 지시와 교체할 명령을 검토할 수 있다."
      - region "부대 명령" [ref=e30]:
        - button "M 이동 목적지 선택" [ref=e31] [disabled]
        - button "A 공격 대상 선택" [ref=e32] [disabled]
        - button "F 방향 조절 전열 정렬 예시" [ref=e33] [disabled]
        - button "H 정지 즉시 교체" [ref=e34] [disabled]
      - region:
        - text: "ORDER STATE"
        - heading "명령 대기" [level=3]
        - text: "이동 또는 공격을 고른 뒤 유효한 도식 대상에서 미리보기를 만든다.재개 대기 명령 없음"
        - button "취소 · 기존 지시 유지" [ref=e35] [disabled]
        - button "명령 교체 확인" [ref=e36] [disabled]
      - button "철수 · 항복 검토" [ref=e37]
    - text: "수락 기록"
    - list:
      - listitem "세션 시작 · 배치 확정" [ref=e38]
    - text: "시뮬레이션 진행 중"
- contentinfo: "UI/UX 목표 설계 문서 · 질문 무응답 뒤 채택한 카메라/일시정지 기본값 · POC 구현 사실이나 소유자 명시 결정이 아님 total-war-ui-20260919-v1"
PASS empty selection disables commands
No changes detected

ACTION I 선로 경비조 @@ -8 +8 @@
-  - button "부대 지휘" [ref=e7] [focused]: "05  부대 지휘"
+  - button "부대 지휘" [ref=e7]: "05  부대 지휘"
@@ -20 +20 @@
-      - button "I 선로 경비조 현재: 차단선 유지 결속 양호" [ref=e19]
+      - button "I 선로 경비조 현재: 차단선 유지 결속 양호" [ref=e19] [focused]
@@ -36,2 +36,2 @@
-        - heading "선택된 부대 없음" [level=2]
-        - text: "부대를 선택하면 현재 지시와 교체할 명령을 검토할 수 있다."
+        - heading "선로 경비조" [level=2]
+        - text: "현재 지시: 차단선 유지"
@@ -39,4 +39,4 @@
-        - button "M 이동 목적지 선택" [ref=e31] [disabled]
-        - button "A 공격 대상 선택" [ref=e32] [disabled]
-        - button "F 방향 조절 전열 정렬 예시" [ref=e33] [disabled]
-        - button "H 정지 즉시 교체" [ref=e34] [disabled]
+        - button "M 이동 목적지 선택" [ref=e31]
+        - button "A 공격 대상 선택" [ref=e32]
+        - button "F 방향 조절 전열 정렬 예시" [ref=e33]
+        - button "H 정지 즉시 교체" [ref=e34]

No changes detected

ACTION M 이동 @@ -20 +20 @@
-      - button "I 선로 경비조 현재: 차단선 유지 결속 양호" [ref=e19] [focused]
+      - button "I 선로 경비조 현재: 차단선 유지 결속 양호" [ref=e19]
@@ -39 +39 @@
-        - button "M 이동 목적지 선택" [ref=e31]
+        - button "M 이동 목적지 선택" [ref=e31] [focused]
@@ -45,3 +45,3 @@
-        - heading "명령 대기" [level=3]
-        - text: "이동 또는 공격을 고른 뒤 유효한 도식 대상에서 미리보기를 만든다.재개 대기 명령 없음"
-        - button "취소 · 기존 지시 유지" [ref=e35] [disabled]
+        - heading "이동 목적지 선택" [level=3]
+        - text: "밝게 표시된 유효 이동 지점을 선택한다.재개 대기 명령 없음"
+        - button "취소 · 기존 지시 유지" [ref=e35]

No changes detected

ACTION 이동 목적지 북측 차단선 @@ -26 +26 @@
-      - button "이동 목적지 북측 차단선" [ref=e23]: "이동 지점 A"
+      - button "이동 목적지 북측 차단선" [ref=e23] [focused]: "이동 지점 A"
@@ -39 +39 @@
-        - button "M 이동 목적지 선택" [ref=e31] [focused]
+        - button "M 이동 목적지 선택" [ref=e31]
@@ -45,2 +45,2 @@
-        - heading "이동 목적지 선택" [level=3]
-        - text: "밝게 표시된 유효 이동 지점을 선택한다.재개 대기 명령 없음"
+        - heading "이동 미리보기" [level=3]
+        - text: "선로 경비조 → 북측 차단선. 확인하면 현재 지시를 교체한다.재개 대기 명령 없음"
@@ -48 +48 @@
-        - button "명령 교체 확인" [ref=e36] [disabled]
+        - button "명령 교체 확인" [ref=e36]

No changes detected

ACTION 취소 · 기존 지시 유지 @@ -26 +26 @@
-      - button "이동 목적지 북측 차단선" [ref=e23] [focused]: "이동 지점 A"
+      - button "이동 목적지 북측 차단선" [ref=e23]: "이동 지점 A"
@@ -45,4 +45,4 @@
-        - heading "이동 미리보기" [level=3]
-        - text: "선로 경비조 → 북측 차단선. 확인하면 현재 지시를 교체한다.재개 대기 명령 없음"
-        - button "취소 · 기존 지시 유지" [ref=e35]
-        - button "명령 교체 확인" [ref=e36]
+        - heading "명령 대기" [level=3]
+        - text: "미리보기를 취소했다. 기존 지시는 유지되며 수락 기록도 추가되지 않았다.재개 대기 명령 없음"
+        - button "취소 · 기존 지시 유지" [ref=e35] [disabled]
+        - button "명령 교체 확인" [ref=e36] [disabled]

PASS preview cancel preserves order and history
No changes detected

ACTION M 이동 @@ -39 +39 @@
-        - button "M 이동 목적지 선택" [ref=e31]
+        - button "M 이동 목적지 선택" [ref=e31] [focused]
@@ -45,3 +45,3 @@
-        - heading "명령 대기" [level=3]
-        - text: "미리보기를 취소했다. 기존 지시는 유지되며 수락 기록도 추가되지 않았다.재개 대기 명령 없음"
-        - button "취소 · 기존 지시 유지" [ref=e35] [disabled]
+        - heading "이동 목적지 선택" [level=3]
+        - text: "밝게 표시된 유효 이동 지점을 선택한다.재개 대기 명령 없음"
+        - button "취소 · 기존 지시 유지" [ref=e35]

No changes detected

ACTION 이동 목적지 북측 차단선 @@ -26 +26 @@
-      - button "이동 목적지 북측 차단선" [ref=e23]: "이동 지점 A"
+      - button "이동 목적지 북측 차단선" [ref=e23] [focused]: "이동 지점 A"
@@ -39 +39 @@
-        - button "M 이동 목적지 선택" [ref=e31] [focused]
+        - button "M 이동 목적지 선택" [ref=e31]
@@ -45,2 +45,2 @@
-        - heading "이동 목적지 선택" [level=3]
-        - text: "밝게 표시된 유효 이동 지점을 선택한다.재개 대기 명령 없음"
+        - heading "이동 미리보기" [level=3]
+        - text: "선로 경비조 → 북측 차단선. 확인하면 현재 지시를 교체한다.재개 대기 명령 없음"
@@ -48 +48 @@
-        - button "명령 교체 확인" [ref=e36] [disabled]
+        - button "명령 교체 확인" [ref=e36]

No changes detected

ACTION 명령 교체 확인 @@ -20 +20 @@
-      - button "I 선로 경비조 현재: 차단선 유지 결속 양호" [ref=e19]
+      - button "I 선로 경비조 현재: 이동: 북측 차단선 결속 양호" [ref=e19]
@@ -26 +26 @@
-      - button "이동 목적지 북측 차단선" [ref=e23] [focused]: "이동 지점 A"
+      - button "이동 목적지 북측 차단선" [ref=e23]: "이동 지점 A"
@@ -37 +37 @@
-        - text: "현재 지시: 차단선 유지"
+        - text: "현재 지시: 이동: 북측 차단선"
@@ -45,4 +45,4 @@
-        - heading "이동 미리보기" [level=3]
-        - text: "선로 경비조 → 북측 차단선. 확인하면 현재 지시를 교체한다.재개 대기 명령 없음"
-        - button "취소 · 기존 지시 유지" [ref=e35]
-        - button "명령 교체 확인" [ref=e36]
+        - heading "명령 대기" [level=3]
+        - text: "명령이 수락되어 현재 지시를 교체했다.재개 대기 명령 없음"
+        - button "취소 · 기존 지시 유지" [ref=e35] [disabled]
+        - button "명령 교체 확인" [ref=e36] [disabled]
@@ -53,0 +53 @@
+      - listitem "#1 선로 경비조 · 이동: 북측 차단선" [ref=e39]

PASS move replaces current order once
No changes detected

ACTION 이 파티 전투만 일시정지 @@ -15 +15 @@
-    - button "이 파티 전투만 일시정지" [ref=e17]
+    - button "이 파티 전투만 재개" [ref=e17] [focused]
@@ -33,0 +33 @@
+      - text: "이 파티 전투 일시정지 · 명령 입력 가능"
@@ -46 +47 @@
-        - text: "명령이 수락되어 현재 지시를 교체했다.재개 대기 명령 없음"
+        - text: "이 파티의 닫힌 전투만 일시정지했다. 캠페인 세계와 다른 파티는 멈추지 않으며 부대 명령은 계속 입력할 수 있다.재개 대기 명령 없음"
@@ -54 +55 @@
-    - text: "시뮬레이션 진행 중"
+    - text: "이 파티 전투 정지 · 재개 대기 0건"

No changes detected

ACTION A 공격 @@ -15 +15 @@
-    - button "이 파티 전투만 재개" [ref=e17] [focused]
+    - button "이 파티 전투만 재개" [ref=e17]
@@ -41 +41 @@
-        - button "A 공격 대상 선택" [ref=e32]
+        - button "A 공격 대상 선택" [ref=e32] [focused]
@@ -46,3 +46,3 @@
-        - heading "명령 대기" [level=3]
-        - text: "이 파티의 닫힌 전투만 일시정지했다. 캠페인 세계와 다른 파티는 멈추지 않으며 부대 명령은 계속 입력할 수 있다.재개 대기 명령 없음"
-        - button "취소 · 기존 지시 유지" [ref=e35] [disabled]
+        - heading "공격 대상 선택" [level=3]
+        - text: "밝게 표시된 적 부대를 선택한다.재개 대기 명령 없음"
+        - button "취소 · 기존 지시 유지" [ref=e35]

No changes detected

ACTION 공방 전열대, 공격 대상 @@ -31 +31 @@
-      - button "공방 전열대, 공격 대상" [ref=e28]: "A 공방 전열대"
+      - button "공방 전열대, 공격 대상" [ref=e28] [focused]: "A 공방 전열대"
@@ -41 +41 @@
-        - button "A 공격 대상 선택" [ref=e32] [focused]
+        - button "A 공격 대상 선택" [ref=e32]
@@ -46,2 +46,2 @@
-        - heading "공격 대상 선택" [level=3]
-        - text: "밝게 표시된 적 부대를 선택한다.재개 대기 명령 없음"
+        - heading "공격 미리보기" [level=3]
+        - text: "선로 경비조 → 공방 전열대. 확인하면 현재 지시를 교체한다.재개 대기 명령 없음"
@@ -49 +49 @@
-        - button "명령 교체 확인" [ref=e36] [disabled]
+        - button "명령 교체 확인" [ref=e36]

No changes detected

ACTION 명령 교체 확인 @@ -31 +31 @@
-      - button "공방 전열대, 공격 대상" [ref=e28] [focused]: "A 공방 전열대"
+      - button "공방 전열대, 공격 대상" [ref=e28]: "A 공방 전열대"
@@ -46,4 +46,4 @@
-        - heading "공격 미리보기" [level=3]
-        - text: "선로 경비조 → 공방 전열대. 확인하면 현재 지시를 교체한다.재개 대기 명령 없음"
-        - button "취소 · 기존 지시 유지" [ref=e35]
-        - button "명령 교체 확인" [ref=e36]
+        - heading "명령 대기" [level=3]
+        - text: "일시정지 중 입력을 확정했다. 재개 뒤 다음 시뮬레이션 단계에서 입력 순서대로 현재 지시를 교체한다.재개 대기 1건 · 마지막 입력: 선로 경비조 / 공격: 공방 전열대"
+        - button "취소 · 기존 지시 유지" [ref=e35] [disabled]
+        - button "명령 교체 확인" [ref=e36] [disabled]
@@ -55 +55 @@
-    - text: "이 파티 전투 정지 · 재개 대기 0건"
+    - text: "이 파티 전투 정지 · 재개 대기 1건"

PASS paused command does not execute early
No changes detected

ACTION 이 파티 전투만 재개 @@ -15 +15 @@
-    - button "이 파티 전투만 재개" [ref=e17]
+    - button "이 파티 전투만 일시정지" [ref=e17] [focused]
@@ -20 +20 @@
-      - button "I 선로 경비조 현재: 이동: 북측 차단선 결속 양호" [ref=e19]
+      - button "I 선로 경비조 현재: 공격: 공방 전열대 결속 양호" [ref=e19]
@@ -33 +33,0 @@
-      - text: "이 파티 전투 일시정지 · 명령 입력 가능"
@@ -38 +37 @@
-        - text: "현재 지시: 이동: 북측 차단선"
+        - text: "현재 지시: 공격: 공방 전열대"
@@ -47 +46 @@
-        - text: "일시정지 중 입력을 확정했다. 재개 뒤 다음 시뮬레이션 단계에서 입력 순서대로 현재 지시를 교체한다.재개 대기 1건 · 마지막 입력: 선로 경비조 / 공격: 공방 전열대"
+        - text: "재개 · 다음 시뮬레이션 단계에서 1건을 입력 순서대로 수락했다. 같은 부대의 뒤 명령이 앞 지시를 교체한다.재개 대기 명령 없음"
@@ -55 +54,2 @@
-    - text: "이 파티 전투 정지 · 재개 대기 1건"
+      - listitem "#2 선로 경비조 · 공격: 공방 전열대" [ref=e40]
+    - text: "시뮬레이션 진행 중"

PASS resume applies accepted replacement
SCREENSHOT /Users/ilseoblee/.aside/u/0/sessions/2026-09-19_Bfs3jjHCAsJVR82G/artifacts/battle-command-green.png
No changes detected

ACTION 선택 해제 @@ -15 +15 @@
-    - button "이 파티 전투만 일시정지" [ref=e17] [focused]
+    - button "이 파티 전투만 일시정지" [ref=e17]
@@ -19 +19 @@
-      - button "선택 해제" [ref=e18]
+      - button "선택 해제" [ref=e18] [focused]
@@ -36,2 +36,2 @@
-        - heading "선로 경비조" [level=2]
-        - text: "현재 지시: 공격: 공방 전열대"
+        - heading "선택된 부대 없음" [level=2]
+        - text: "부대를 선택하면 현재 지시와 교체할 명령을 검토할 수 있다."
@@ -39,4 +39,4 @@
-        - button "M 이동 목적지 선택" [ref=e31]
-        - button "A 공격 대상 선택" [ref=e32]
-        - button "F 방향 조절 전열 정렬 예시" [ref=e33]
-        - button "H 정지 즉시 교체" [ref=e34]
+        - button "M 이동 목적지 선택" [ref=e31] [disabled]
+        - button "A 공격 대상 선택" [ref=e32] [disabled]
+        - button "F 방향 조절 전열 정렬 예시" [ref=e33] [disabled]
+        - button "H 정지 즉시 교체" [ref=e34] [disabled]
@@ -46 +46 @@
-        - text: "재개 · 다음 시뮬레이션 단계에서 1건을 입력 순서대로 수락했다. 같은 부대의 뒤 명령이 앞 지시를 교체한다.재개 대기 명령 없음"
+        - text: "선택을 해제했다. 기존 부대 지시는 바뀌지 않았고 새 기록도 남지 않았다.재개 대기 명령 없음"

PASS clear selection disables all commands
No changes detected

ACTION 철수 · 항복 검토 @@ -19 +19 @@
-      - button "선택 해제" [ref=e18] [focused]
+      - button "선택 해제" [ref=e18]
@@ -56,0 +56,13 @@
+    - dialog "전투 종료 방식을 확인한다":
+      - text: "EXIT DECISION"
+      - heading "전투 종료 방식을 확인한다" [level=2]
+      - text: "질서 철수는 합법 퇴로가 필요하다. 항복은 적의 수락 뒤에만 종료되며 포획을 자동 확정하지 않는다.\n            문서 시연 상태"
+      - button "퇴로 봉쇄 예시로 전환" [ref=e41]
+      - label:
+        - radio "질서 철수 요청남측 측선으로 통제된 철수" [ref=e42] [checked]
+        - text: "질서 철수 요청 남측 측선으로 통제된 철수"
+      - label:
+        - radio "항복 제안적 수락 필요 · 포획 여부는 별도 결과 사실" [ref=e43]
+        - text: "항복 제안 적 수락 필요 · 포획 여부는 별도 결과 사실"
+      - button "취소 · 전투 상태 유지" [ref=e44] [focused]
+      - button "선택한 종료 확인" [ref=e45]

No changes detected

ACTION 퇴로 봉쇄 예시로 전환 @@ -14 +14 @@
-    - text: "목표 통행로 확보 퇴로  남측 개방 전황  교착 · 예시"
+    - text: "목표 통행로 확보 퇴로  봉쇄 · 질서 철수 불가 전황  교착 · 예시"
@@ -60 +60 @@
-      - button "퇴로 봉쇄 예시로 전환" [ref=e41]
+      - button "퇴로 개방 예시로 전환" [ref=e46] [focused]
@@ -62,2 +62,2 @@
-        - radio "질서 철수 요청남측 측선으로 통제된 철수" [ref=e42] [checked]
-        - text: "질서 철수 요청 남측 측선으로 통제된 철수"
+        - radio "질서 철수 요청봉쇄됨 · LegalFallback 실패로 선택 불가" [ref=e47] [disabled]
+        - text: "질서 철수 요청 봉쇄됨 · LegalFallback 실패로 선택 불가"
@@ -65 +65 @@
-        - radio "항복 제안적 수락 필요 · 포획 여부는 별도 결과 사실" [ref=e43]
+        - radio "항복 제안적 수락 필요 · 포획 여부는 별도 결과 사실" [ref=e43] [checked]
@@ -67 +67 @@
-      - button "취소 · 전투 상태 유지" [ref=e44] [focused]
+      - button "취소 · 전투 상태 유지" [ref=e44]

PASS blocked route keeps surrender available
No changes detected

ACTION 선택한 종료 확인 - title: "서울:전국 · 부대 지휘 UI 설계 템플릿" [url=http://127.0.0.1:4319/total-war-ui/?qa=functional2]
- link "화면 내용으로 건너뛰기" [ref=e1]
- banner: "INTERACTION BLUEPRINT / TARGET UI\n         서울:전국\n         원정 부대 지휘 설계 템플릿\n      \n      \n         원정  서남선 조사대\n         현재 구간  신도림 → 구로\n         예시 데이터 · 밸런스/정사 미확정"
- navigation "설계 화면" [ref=e2]:
  - button "원정 경로" [ref=e3]: "01  원정 경로"
  - button "파티 편성" [ref=e4]: "02  파티 편성"
  - button "조우 대응" [ref=e5]: "03  조우 대응"
  - button "전투 배치" [ref=e6]: "04  전투 배치"
  - button "부대 지휘" [ref=e7]: "05  부대 지휘"
  - button "결과와 다음 선택" [ref=e8]: "06  결과와 다음 선택"
- main:
  - region "전투 결과를 확인하고 원정을 잇는다" [ref=e48]:
    - text: "OUTCOME INSPECTION / EXACTLY ONCE"
    - heading "전투 결과를 확인하고 원정을 잇는다" [level=1]
    - text: "ResultId BTW-SW03-EXAMPLE-01"
    - region:
      - text: "TERMINAL STATE"
      - heading "수락된 항복 · 교전 종료" [level=2]
      - text: "검사 가능"
      - button "승리" [ref=e49]
      - button "패배" [ref=e50]
      - button "질서 철수" [ref=e51]
      - button "패주" [ref=e52]
      - button "수락된 항복" [ref=e53]
      - text: "아군이 제안하고 적이 수락해 교전이 끝났다. 항복은 퇴로 개방을 요구하지 않으며 전원 포획을 자동 확정하지 않는다."
      - article: "아군 상태 부상 2 · 전사 0 (예시)사상 사실은 종료 유형과 별도 기록"
      - article: "신병·구금 대표 1명 구금 협의 (예시)항복·패주와 자동 등치하지 않음"
      - article: "물자 변화 식량 −1일  예시 캠페인 반영 대상"
      - article: "위치 구로 연결로 결과 반영이 귀환 명령은 아님"
      - button "결과를 캠페인에 한 번 반영" [ref=e54]
      - text: "아직 반영하지 않음 · 같은 ResultId의 중복 적용은 세계를 다시 바꾸지 않는다."
    - complementary:
      - text: "NEXT CAMPAIGN CHOICE"
      - heading "다음 행선" [level=2]
      - button "주요 선택 원정 계속 현재 위치에서 다음 구간을 고른다" [ref=e55] [disabled]
      - text: "또는 원정의 결말 선택"
      - button "귀환" [ref=e56] [disabled]: "귀환 거점 장부로 돌아간다"
      - button "정착" [ref=e57] [disabled]: "정착 현재 지역에 남는다"
      - button "정복" [ref=e58] [disabled]: "정복 역과 기반 시설을 장악한다"
      - button "방랑" [ref=e59] [disabled]: "방랑 거점 없이 노선을 잇는다"
      - button "교역" [ref=e60] [disabled]: "교역 다른 장부로 물자를 넘긴다"
      - text: "결과 반영 뒤 선택할 수 있다."
- contentinfo: "UI/UX 목표 설계 문서 · 질문 무응답 뒤 채택한 카메라/일시정지 기본값 · POC 구현 사실이나 소유자 명시 결정이 아님 total-war-ui-20260919-v1"
PASS accepted surrender is separate outcome
No changes detected

ACTION 결과를 캠페인에 한 번 반영 @@ -18,6 +18,6 @@
-      - text: "검사 가능"
-      - button "승리" [ref=e49]
-      - button "패배" [ref=e50]
-      - button "질서 철수" [ref=e51]
-      - button "패주" [ref=e52]
-      - button "수락된 항복" [ref=e53]
+      - text: "반영 완료"
+      - button "승리" [ref=e49] [disabled]
+      - button "패배" [ref=e50] [disabled]
+      - button "질서 철수" [ref=e51] [disabled]
+      - button "패주" [ref=e52] [disabled]
+      - button "수락된 항복" [ref=e53] [disabled]
@@ -29,2 +29,2 @@
-      - button "결과를 캠페인에 한 번 반영" [ref=e54]
-      - text: "아직 반영하지 않음 · 같은 ResultId의 중복 적용은 세계를 다시 바꾸지 않는다."
+      - button "반영 완료 · 같은 ResultId 재적용 없음" [ref=e61] [disabled]
+      - text: "BTW-SW03-EXAMPLE-01 영수증 생성 · 위치, 물자, 부상 사실을 한 번 반영했다."
@@ -34 +34 @@
-      - button "주요 선택 원정 계속 현재 위치에서 다음 구간을 고른다" [ref=e55] [disabled]
+      - button "주요 선택 원정 계속 현재 위치에서 다음 구간을 고른다" [ref=e55]
@@ -36,6 +36,6 @@
-      - button "귀환" [ref=e56] [disabled]: "귀환 거점 장부로 돌아간다"
-      - button "정착" [ref=e57] [disabled]: "정착 현재 지역에 남는다"
-      - button "정복" [ref=e58] [disabled]: "정복 역과 기반 시설을 장악한다"
-      - button "방랑" [ref=e59] [disabled]: "방랑 거점 없이 노선을 잇는다"
-      - button "교역" [ref=e60] [disabled]: "교역 다른 장부로 물자를 넘긴다"
-      - text: "결과 반영 뒤 선택할 수 있다."
+      - button "귀환" [ref=e56]: "귀환 거점 장부로 돌아간다"
+      - button "정착" [ref=e57]: "정착 현재 지역에 남는다"
+      - button "정복" [ref=e58]: "정복 역과 기반 시설을 장악한다"
+      - button "방랑" [ref=e59]: "방랑 거점 없이 노선을 잇는다"
+      - button "교역" [ref=e60]: "교역 다른 장부로 물자를 넘긴다"
+      - text: "반영 완료. 원정 계속이 주요 선택이며 다섯 결말도 선택 가능하다."

PASS result locks after application
No changes detected

ACTION 주요 선택 원정 계속 - title: "서울:전국 · 부대 지휘 UI 설계 템플릿" [url=http://127.0.0.1:4319/total-war-ui/?qa=functional2]
- link "화면 내용으로 건너뛰기" [ref=e1]
- banner: "INTERACTION BLUEPRINT / TARGET UI\n         서울:전국\n         원정 부대 지휘 설계 템플릿\n      \n      \n         원정  서남선 조사대\n         현재 구간  신도림 → 구로\n         예시 데이터 · 밸런스/정사 미확정"
- navigation "설계 화면" [ref=e2]:
  - button "원정 경로" [ref=e3]: "01  원정 경로"
  - button "파티 편성" [ref=e4]: "02  파티 편성"
  - button "조우 대응" [ref=e5]: "03  조우 대응"
  - button "전투 배치" [ref=e6]: "04  전투 배치"
  - button "부대 지휘" [ref=e7]: "05  부대 지휘"
  - button "결과와 다음 선택" [ref=e8]: "06  결과와 다음 선택"
- main:
  - region "원정은 귀환만을 뜻하지 않는다" [ref=e9]:
    - text: "CAMPAIGN / ROUTE"
    - heading "원정은 귀환만을 뜻하지 않는다" [level=1]
    - text: "노선을 따라 이동하고 조우를 해결한 뒤에도 원정을 계속할 수 있다. 아래 장소와 수치는 화면 검토용 예시다."
    - region "서남선 이동 경로" [ref=e10]:
      - text: "ROUTE GRAPH"
      - heading "서남선 이동 경로" [level=2]
      - text: "이동 중"
      - button "영등포, 출발 완료" [ref=e11]: "영등포 출발 거점"
      - button "신도림, 현재 위치" [ref=e12]: "신도림 현재 · 폐쇄 승강장"
      - button "구로, 다음 목적지" [ref=e13]: "구로 다음 · 공방 교섭"
      - button "대림, 우회 후보" [ref=e14]: "대림 우회 후보"
      - text: "지나온 구간 현재 도달 가능"
    - complementary:
      - text: "NEXT LEG"
      - heading "구로 공방 연결로" [level=2]
      - text: "SW-03\n             예상 소요 반나절  예시 통행 상태 부분 봉쇄 물자 식량 3일  예시 관계 공방 중립\n             이동 판단 본선의 잔해를 치우는 동안 측선 감시가 필요하다. 교섭이 결렬되면 전투 세션으로 분리된다."
      - button "동행 편성 확인" [ref=e15]: "동행 편성 확인 →"
- contentinfo: "UI/UX 목표 설계 문서 · 질문 무응답 뒤 채택한 카메라/일시정지 기본값 · POC 구현 사실이나 소유자 명시 결정이 아님 total-war-ui-20260919-v1"
PASS campaign continues without forced return
No changes detected

ACTION 전투 배치 - title: "서울:전국 · 부대 지휘 UI 설계 템플릿" [url=http://127.0.0.1:4319/total-war-ui/?qa=functional2]
- link "화면 내용으로 건너뛰기" [ref=e1]
- banner: "INTERACTION BLUEPRINT / TARGET UI\n         서울:전국\n         원정 부대 지휘 설계 템플릿\n      \n      \n         원정  서남선 조사대\n         현재 구간  신도림 → 구로\n         예시 데이터 · 밸런스/정사 미확정"
- navigation "설계 화면" [ref=e2]:
  - button "원정 경로" [ref=e3]: "01  원정 경로"
  - button "파티 편성" [ref=e4]: "02  파티 편성"
  - button "조우 대응" [ref=e5]: "03  조우 대응"
  - button "전투 배치" [ref=e6] [focused]: "04  전투 배치"
  - button "부대 지휘" [ref=e7]: "05  부대 지휘"
  - button "결과와 다음 선택" [ref=e8]: "06  결과와 다음 선택"
- main:
  - region "전투 조건을 잠그고 부대를 배치한다" [ref=e62]:
    - text: "CLOSED BATTLE SESSION / DEPLOYMENT"
    - heading "전투 조건을 잠그고 부대를 배치한다" [level=1]
    - text: "질문 시간 만료 뒤 채택한 설계 기본값은 팬·오빗·줌이 가능한 3D 자유 지휘 카메라다. 탑다운 배치는 공간 문서용 도식이며 실제 3D 렌더가 아니다."
    - complementary:
      - text: "SESSION CONTEXT"
      - heading "구로 연결로 차단전" [level=2]
      - text: "목표 차단막 뒤 통행로 확보 퇴로 남측 측선 · 현재 개방 보급 식량 3일 · 의약품 보통 증원 확정 없음 닫힌 세션  전투 중 캠페인 세계를 다시 읽지 않는다. 결과는 종료 뒤 ResultId로 한 번만 반영한다."
    - region "전투 배치 도식" [ref=e63]:
      - text: "탑다운 DOCUMENTATION SCHEMATIC · 목표 기본값: 3D 자유 지휘(팬·오빗·줌)적 배치 예상 아군 배치 가능"
      - button "선로 경비조 배치" [ref=e64]: "I 경비조"
      - button "측선 정찰조 배치" [ref=e65]: "II 정찰조"
      - button "구호 작업조 배치" [ref=e66]: "III 구호조"
    - complementary:
      - text: "FORMATION"
      - heading "배치 검토" [level=2]
      - text: "준비됨 I 선로 경비조 전열 · 북향 II 측선 정찰조 좌익 · 북동향 III 구호 작업조 후열 · 북향 배치 도식에서 부대를 선택한다."
      - button "선택 부대 후열 배치" [ref=e67]
      - button "선택 부대 전열 배치" [ref=e68]
      - button "배치 확정 · 지휘 시작" [ref=e69]: "배치 확정 · 지휘 시작 →"
- contentinfo: "UI/UX 목표 설계 문서 · 질문 무응답 뒤 채택한 카메라/일시정지 기본값 · POC 구현 사실이나 소유자 명시 결정이 아님 total-war-ui-20260919-v1"
No changes detected

ACTION 측선 정찰조 배치 @@ -7 +7 @@
-  - button "전투 배치" [ref=e6] [focused]: "04  전투 배치"
+  - button "전투 배치" [ref=e6]: "04  전투 배치"
@@ -22 +22 @@
-      - button "측선 정찰조 배치" [ref=e65]: "II 정찰조"
+      - button "측선 정찰조 배치" [ref=e65] [focused]: "II 정찰조"
@@ -27 +27 @@
-      - text: "준비됨 I 선로 경비조 전열 · 북향 II 측선 정찰조 좌익 · 북동향 III 구호 작업조 후열 · 북향 배치 도식에서 부대를 선택한다."
+      - text: "준비됨 I 선로 경비조 전열 · 북향 II 측선 정찰조 좌익 · 북동향 III 구호 작업조 후열 · 북향 측선 정찰조 배치 선택 · 아래 전열/후열 버튼으로 배치를 조정한다."

No changes detected

ACTION 선택 부대 전열 배치 @@ -22 +22 @@
-      - button "측선 정찰조 배치" [ref=e65] [focused]: "II 정찰조"
+      - button "측선 정찰조 배치" [ref=e65]: "II 정찰조"
@@ -27 +27 @@
-      - text: "준비됨 I 선로 경비조 전열 · 북향 II 측선 정찰조 좌익 · 북동향 III 구호 작업조 후열 · 북향 측선 정찰조 배치 선택 · 아래 전열/후열 버튼으로 배치를 조정한다."
+      - text: "준비됨 I 선로 경비조 전열 · 북향 II 측선 정찰조 좌익 · 북동향 III 구호 작업조 후열 · 북향 측선 정찰조 배치 · 전열로 조정됨. 확정 전에는 전투 명령을 발행하지 않는다."
@@ -29 +29 @@
-      - button "선택 부대 전열 배치" [ref=e68]
+      - button "선택 부대 전열 배치" [ref=e68] [focused]

PASS deployment selection can move forward
CLEANUP_FUNCTIONAL_TAB_CLOSED
[ok | 7290ms]
