Unity Editor version:    6000.7.0a5 (a15235a53881)
Branch:                  trunk
Build type:              Release
Batch mode:              YES
macOS version:           Version 26.6.2 (Build 25G83)
Darwin version:          25.6.0
Architecture:            arm64
Running under Rosetta:   NO
Available memory:        65536 MB
Date:                    2026-09-20T08:37:45Z
VBCSCompilerPreWarmer: pre-warm launched (dotnet PID 9901)
VBCSCompiler prewarm took 2.31 ms

The following diagnostic switches are modified from their default values:
	DebugAllocatorMode: ReleaseMemory (default DecommitMemory)

[Licensing::Module] Trying to connect to existing licensing client channel...
[Licensing::IpcConnector] Successfully connected to: "LicenseClient-ilseoblee" at "2026-09-20T08:37:45.692381Z"
Launching external process: /Applications/Unity/Hub/Editor/6000.7.0a5/Unity.app/Contents/Helpers/PackageManager/Server/UnityPackageManager

COMMAND LINE ARGUMENTS:
/Applications/Unity/Hub/Editor/6000.7.0a5/Unity.app/Contents/MacOS/Unity
-batchmode
-nographics
-projectPath
/Volumes/gameWorkspace/worktrees/seoul-kenshi/layered-full3d-16x9-wave2-task10/GAME
-runTests
-testPlatform
EditMode
-assemblyNames
Janseon.Foundation.EditModeTests
-testFilter
Janseon.Foundation.Tests.PerSoldierBattleTests.OccludedTargetAndDeadAttackerCannotDamage
-testResults
/Volumes/gameWorkspace/worktrees/seoul-kenshi/layered-full3d-16x9-wave2-task10/evidence/layered-full3d-16x9-task10/task-10/failure-mutation-green.xml
-logFile
/Volumes/gameWorkspace/worktrees/seoul-kenshi/layered-full3d-16x9-wave2-task10/evidence/layered-full3d-16x9-task10/task-10/failure-mutation-green.log
Successfully changed project path to: /Volumes/gameWorkspace/worktrees/seoul-kenshi/layered-full3d-16x9-wave2-task10/GAME
/Volumes/gameWorkspace/worktrees/seoul-kenshi/layered-full3d-16x9-wave2-task10/GAME
[UnityMemory] Configuration Parameters - Can be set up in boot.config
    "memorysetup-temp-allocator-size-gi-baking-worker=262144"
    "memorysetup-temp-allocator-size-gi-baking-worker=262144"
    "memorysetup-temp-allocator-size-gi-baking-worker=262144"
    "memorysetup-temp-allocator-size-gi-baking-worker=262144"
    "memorysetup-temp-allocator-size-gi-baking-worker=262144"
    "memorysetup-temp-allocator-size-nav-mesh-worker=65536"
    "memorysetup-temp-allocator-size-audio-worker=65536"
    "memorysetup-temp-allocator-size-cloud-worker=32768"
    "memorysetup-entities-archetype-allocator-budget=16777216"
    "memorysetup-entities-query-allocator-budget=16777216"
    "memorysetup-temp-allocator-size-preload-manager=33554432"
    "memorysetup-remapper-allocator-initial-capacity=32768"
    "memorysetup-temp-allocator-size-gfx=262144"
    "memorysetup-allocator-temp-initial-block-size-main=262144"
    "memorysetup-allocator-temp-initial-block-size-worker=262144"
    "memorysetup-temp-allocator-size-background-worker=32768"
    "memorysetup-temp-allocator-size-job-worker=262144"
    "memorysetup-bucket-allocator-granularity=16"
    "memorysetup-bucket-allocator-bucket-count=8"
    "memorysetup-bucket-allocator-block-size=33554432"
    "memorysetup-bucket-allocator-block-count=8"
    "memorysetup-main-allocator-block-size=16777216"
    "memorysetup-thread-allocator-block-size=16777216"
    "memorysetup-main-allocator-mimalloc-enabled=1"
    "memorysetup-gfx-main-allocator-block-size=16777216"
    "memorysetup-gfx-thread-allocator-block-size=16777216"
    "memorysetup-cache-allocator-block-size=4194304"
    "memorysetup-typetree-allocator-block-size=2097152"
    "memorysetup-profiler-bucket-allocator-granularity=16"
    "memorysetup-profiler-bucket-allocator-bucket-count=8"
    "memorysetup-profiler-bucket-allocator-block-size=33554432"
    "memorysetup-profiler-bucket-allocator-block-count=8"
    "memorysetup-profiler-allocator-block-size=16777216"
    "memorysetup-profiler-editor-allocator-block-size=1048576"
    "memorysetup-temp-allocator-size-main=16777216"
    "memorysetup-job-temp-allocator-block-size=2097152"
    "memorysetup-job-temp-allocator-block-size-background=1048576"
    "memorysetup-job-temp-allocator-reduction-small-platforms=262144"
Logging is directed to a specific file, skipping project log.
Player connection [8456692096]  Target information:

Player connection [8456692096]  * "[IP] 192.168.0.218 [Port] 55504 [Flags] 2 [Guid] 1016165524 [EditorId] 1016165524 [Version] 1048832 [Id] OSXEditor(0,MacBook-Pro-2.local) [Debug] 1 [PackageName] OSXEditor [ProjectName] Editor" 

Player connection [8456692096]  * "[IP] 100.71.30.111 [Port] 55504 [Flags] 2 [Guid] 1016165524 [EditorId] 1016165524 [Version] 1048832 [Id] OSXEditor(0,MacBook-Pro-2.local) [Debug] 1 [PackageName] OSXEditor [ProjectName] Editor" 

Player connection [8456692096]  * "[IP] 192.168.0.208 [Port] 55504 [Flags] 2 [Guid] 1016165524 [EditorId] 1016165524 [Version] 1048832 [Id] OSXEditor(0,MacBook-Pro-2.local) [Debug] 1 [PackageName] OSXEditor [ProjectName] Editor" 

Player connection [8456692096] Host joined multi-casting on [225.0.0.222:54997]...
Player connection [8456692096] Host joined alternative multi-casting on [225.0.0.222:34997]...
Input System module state changed to: Initialized.
[Physics::Module] Initialized fallback backend.
[Physics::Module] Id: 0xdecafbad
[Package Manager] Connected to IPC stream "Upm-9900" after 0.1 seconds.
[Licensing::Module] Licensing is not yet initialized.
Launching external process: /Applications/Unity/Hub/Editor/6000.7.0a5/Unity.app/Contents/Helpers/UnityLicensingClient.app/Contents/MacOS/Unity.Licensing.Client
[Licensing::Client] Error: HandshakeResponse reported an error:
	ResponseCode: 505
	ResponseStatus: Unsupported protocol version '1.19.0-rc.1'.
[Licensing::Module] Error: Failed to handshake to channel: "LicenseClient-ilseoblee"
[Licensing::IpcConnector] LicenseClient-ilseoblee channel disconnected successfully.
[Licensing::IpcConnector] Channel LicenseClient-ilseoblee-6000.7.0 doesn't exist
[Licensing::Module] Successfully launched the LicensingClient (PId: 9903)
[Licensing::IpcConnector] Successfully connected to: "LicenseClient-ilseoblee-6000.7.0" at "2026-09-20T08:37:46.082701Z"
[Licensing::Client] Handshaking with LicensingClient:
  Version:                 1.19.0-rc.1+a1d64c6
  Session Id:              9c8c5fd6e034475c8b0f8c5d10b7e043
  Correlation Id:          6b55f29cd4617142a7b88a5b93be90b8
  External correlation Id: 7877553020610462290
  Machine Id:              JxhzwWg3pWfWMny3n9AfODBHuIE=
[Licensing::Module] Successfully connected to LicensingClient on channel: "LicenseClient-ilseoblee-6000.7.0" (connect: 0.17s, validation: 0.00s, handshake: 0.06s)
[Licensing::IpcConnector] Successfully connected to: "LicenseClient-ilseoblee-6000.7.0-notifications" at "2026-09-20T08:37:46.146078Z"
[Licensing::Module] Connected to LicensingClient (PId: 9903, launch time: 0.00, total connection time: 0.23s)
[Licensing::Module] Error: Access token is unavailable; failed to update
[Licensing::Client] Successfully resolved entitlement details
[Licensing::Module] License group:
  Id: 86166-UnityPersXXXX
  Product: Unity Personal
  Type: Assigned
  Expiration: Unlimited
[Licensing::Client] Successfully updated license, isAsync: True, time: 0.00
[Licensing::Module] Licensing Background thread has ended after 0.45s
[Licensing::Module] Licensing is initialized (took 0.28s).
[Licensing::Client] Successfully resolved entitlement details
Library Redirect Path: Library/
Initialising UDS system complete:
  - System type: Client
  - Resource namespace: a86b5087d33bd68f0d9725a1bc68fae8
  - Shared memory size: 1073741824
  - Command buffer id: 1052672
  - Command buffer size: 8192
  - Hashmap size: 4194304
  - Service connected: false
Launching Unity Data Store - /Applications/Unity/Hub/Editor/6000.7.0a5/Unity.app/Contents/Helpers/Unity.DataStore 
Unity Data Store artifact dir = Library/DataStore, working dir = /Volumes/gameWorkspace/worktrees/seoul-kenshi/layered-full3d-16x9-wave2-task10/GAME[Physics::Module] Selected backend.
[Physics::Module] Name: PhysX
[Physics::Module] Id: 0xf2b8ea05
[Physics::Module] SDK Version: 4.1.2
[Physics::Module] Integration Version: 1.0.0
[Physics::Module] Threading Mode: Multi-Threaded
Unity Data Store running and initialised
Initialize engine version: 6000.7.0a5 (a15235a53881)
[EntityIdStore] init: VM path (explicit commit), pageSize=16384, blockCount=262144, entitiesPerBlock=1024, slots reserved=4294967296 bytes
[Subsystems] Discovering subsystems at path /Applications/Unity/Hub/Editor/6000.7.0a5/Unity.app/Contents/Resources/UnitySubsystems
[Subsystems] Discovering subsystems at path /Volumes/gameWorkspace/worktrees/seoul-kenshi/layered-full3d-16x9-wave2-task10/GAME/Assets
Forcing GfxDevice: Null
GfxDevice: creating device client; kGfxThreadingModeNonThreaded
NullGfxDevice:
    Version:  NULL 1.0 [1.0]
    Renderer: Null Device
    Vendor:   Unity Technologies
Initialize mono
Mono path[0] = '/Applications/Unity/Hub/Editor/6000.7.0a5/Unity.app/Contents/Resources/Scripting/Managed'
Mono path[1] = '/Applications/Unity/Hub/Editor/6000.7.0a5/Unity.app/Contents/Resources/Scripting/BCLExtensions/runtime/netstandard2.1'
Mono path[2] = '/Applications/Unity/Hub/Editor/6000.7.0a5/Unity.app/Contents/Resources/Scripting/MonoBleedingEdge/lib/mono/unityjit-macos'
Mono config path = '/Applications/Unity/Hub/Editor/6000.7.0a5/Unity.app/Contents/Resources/Scripting/MonoBleedingEdge/etc'
Using monoOptions --debugger-agent=transport=dt_socket,embedding=1,server=y,suspend=n,address=127.0.0.1:56900
CodeReloadManager initialized
ImportWorker Server TCP listen port: 0
AcceleratorClientConnectionCallback - disconnected - :0
Begin MonoManager ReloadAssembly
Registering precompiled unity dll's ...
Register platform support module: /Applications/Unity/Hub/Editor/6000.7.0a5/PlaybackEngines/WebGLSupport/UnityEditor.WebGL.Extensions.dll
Register platform support module: /Applications/Unity/Hub/Editor/6000.7.0a5/PlaybackEngines/MacStandaloneSupport/UnityEditor.OSXStandalone.Extensions.dll
Register platform support module: /Applications/Unity/Hub/Editor/6000.7.0a5/PlaybackEngines/WindowsStandaloneSupport/UnityEditor.WindowsStandalone.Extensions.dll
[Licensing::Client] Successfully resolved entitlement details
Register platform support module: /Applications/Unity/Hub/Editor/6000.7.0a5/PlaybackEngines/AndroidPlayer/UnityEditor.Android.Extensions.dll
[Licensing::Client] Successfully resolved entitlement details
Register platform support module: /Applications/Unity/Hub/Editor/6000.7.0a5/PlaybackEngines/iOSSupport/UnityEditor.iOS.Extensions.dll
Register platform support module: /Applications/Unity/Hub/Editor/6000.7.0a5/PlaybackEngines/LinuxStandaloneSupport/UnityEditor.LinuxStandalone.Extensions.dll
Registered in 0.002370 seconds.
[MODES] ModeService[none].Initialize
[MODES] ModeService[none].LoadModes
[MODES] Loading mode Default (0) for mode-current-id-서울:전국
Package Manager log level set to [2]
Native extension for LinuxStandalone target not found
[usbmuxd] Start listen thread
[usbmuxd] Listen thread started
[usbmuxd] Send listen message
Native extension for iOS target not found
Native extension for Android target not found
Native extension for WindowsStandalone target not found
Native extension for OSXStandalone target not found
Native extension for WebGL target not found
[Licensing::Client] Successfully resolved entitlement details
Diagnostic switches are active and may impact performance or degrade your user experience. Switches can be configured through the Diagnostics section in the Preferences window.
	DebugAllocatorMode: 0
ScheduleIndexationOnStartup MainProcess:False IndexOnStartup:False
Scripting: successfully reloaded assembly
- Finished resetting the current domain, in  2.342 seconds
Domain Reload Profiling: 2681ms
	BeginReloadAssembly (52ms)
		CreateAndSetChildDomain (3ms)
	RebuildCommonClasses (4ms)
	RebuildNativeTypeToScriptingClass (10ms)
	initialDomainReloadingComplete (37ms)
	LoadAllAssembliesAndSetupDomain (236ms)
		LoadAssemblies (49ms)
		TypeCache.Refresh (138ms)
			TypeCache.ScanAssembly (128ms)
		AnalyzeDomain (1ms)
	FinalizeReload (2342ms)
		SetupLoadedEditorAssemblies (0ms)
			InitializePlatformSupportModulesInManaged (27ms)
			BeforeProcessingInitializeOnLoad (91ms)
			ProcessInitializeOnLoadAttributes (35ms)
			ProcessInitializeOnLoadMethodAttributes (2000ms)
[Licensing::Client] Successfully resolved entitlement details
Application.AssetDatabase Initial Refresh Start
[Package Manager] Restoring resolved packages state from cache
[Licensing::Client] Successfully resolved entitlement details
[Package Manager] Registered 59 packages:
  Packages from [https://packages.unity.com]:
    com.unity.ide.rider@3.0.38 (location: /Volumes/gameWorkspace/worktrees/seoul-kenshi/layered-full3d-16x9-wave2-task10/GAME/Library/PackageCache/com.unity.ide.rider@1f60b3138684)
    com.unity.ide.visualstudio@2.0.26 (location: /Volumes/gameWorkspace/worktrees/seoul-kenshi/layered-full3d-16x9-wave2-task10/GAME/Library/PackageCache/com.unity.ide.visualstudio@a99d56dec63f)
    com.unity.inputsystem@1.20.0 (location: /Volumes/gameWorkspace/worktrees/seoul-kenshi/layered-full3d-16x9-wave2-task10/GAME/Library/PackageCache/com.unity.inputsystem@7a4e1a2a8194)
    com.unity.nuget.newtonsoft-json@3.2.2 (location: /Volumes/gameWorkspace/worktrees/seoul-kenshi/layered-full3d-16x9-wave2-task10/GAME/Library/PackageCache/com.unity.nuget.newtonsoft-json@4dfd81071c64)
    com.unity.searcher@4.9.5 (location: /Volumes/gameWorkspace/worktrees/seoul-kenshi/layered-full3d-16x9-wave2-task10/GAME/Library/PackageCache/com.unity.searcher@a463122f2c00)
    com.unity.nuget.mono-cecil@1.11.6 (location: /Volumes/gameWorkspace/worktrees/seoul-kenshi/layered-full3d-16x9-wave2-task10/GAME/Library/PackageCache/com.unity.nuget.mono-cecil@ecb9724e46ff)
  Built-in packages:
    com.unity.render-pipelines.universal@17.7.0 (location: /Volumes/gameWorkspace/worktrees/seoul-kenshi/layered-full3d-16x9-wave2-task10/GAME/Library/PackageCache/com.unity.render-pipelines.universal@c657e0850617)
    com.unity.test-framework@1.8.0 (location: /Volumes/gameWorkspace/worktrees/seoul-kenshi/layered-full3d-16x9-wave2-task10/GAME/Library/PackageCache/com.unity.test-framework@4c309923fa3b)
    com.unity.ugui@2.7.0 (location: /Volumes/gameWorkspace/worktrees/seoul-kenshi/layered-full3d-16x9-wave2-task10/GAME/Library/PackageCache/com.unity.ugui@8e276752998c)
    com.unity.modules.accessibility@1.0.0 (location: /Volumes/gameWorkspace/worktrees/seoul-kenshi/layered-full3d-16x9-wave2-task10/GAME/Library/PackageCache/com.unity.modules.accessibility)
    com.unity.modules.adaptiveperformance@1.0.0 (location: /Volumes/gameWorkspace/worktrees/seoul-kenshi/layered-full3d-16x9-wave2-task10/GAME/Library/PackageCache/com.unity.modules.adaptiveperformance)
    com.unity.modules.ai@1.0.0 (location: /Volumes/gameWorkspace/worktrees/seoul-kenshi/layered-full3d-16x9-wave2-task10/GAME/Library/PackageCache/com.unity.modules.ai)
    com.unity.modules.androidjni@1.0.0 (location: /Volumes/gameWorkspace/worktrees/seoul-kenshi/layered-full3d-16x9-wave2-task10/GAME/Library/PackageCache/com.unity.modules.androidjni)
    com.unity.modules.animation@1.0.0 (location: /Volumes/gameWorkspace/worktrees/seoul-kenshi/layered-full3d-16x9-wave2-task10/GAME/Library/PackageCache/com.unity.modules.animation)
    com.unity.modules.assetbundle@1.0.0 (location: /Volumes/gameWorkspace/worktrees/seoul-kenshi/layered-full3d-16x9-wave2-task10/GAME/Library/PackageCache/com.unity.modules.assetbundle)
    com.unity.modules.audio@1.0.0 (location: /Volumes/gameWorkspace/worktrees/seoul-kenshi/layered-full3d-16x9-wave2-task10/GAME/Library/PackageCache/com.unity.modules.audio)
    com.unity.modules.cloth@1.0.0 (location: /Volumes/gameWorkspace/worktrees/seoul-kenshi/layered-full3d-16x9-wave2-task10/GAME/Library/PackageCache/com.unity.modules.cloth)
    com.unity.modules.director@1.0.0 (location: /Volumes/gameWorkspace/worktrees/seoul-kenshi/layered-full3d-16x9-wave2-task10/GAME/Library/PackageCache/com.unity.modules.director)
    com.unity.modules.imageconversion@1.0.0 (location: /Volumes/gameWorkspace/worktrees/seoul-kenshi/layered-full3d-16x9-wave2-task10/GAME/Library/PackageCache/com.unity.modules.imageconversion)
    com.unity.modules.imgui@1.0.0 (location: /Volumes/gameWorkspace/worktrees/seoul-kenshi/layered-full3d-16x9-wave2-task10/GAME/Library/PackageCache/com.unity.modules.imgui)
    com.unity.modules.jsonserialize@1.0.0 (location: /Volumes/gameWorkspace/worktrees/seoul-kenshi/layered-full3d-16x9-wave2-task10/GAME/Library/PackageCache/com.unity.modules.jsonserialize)
    com.unity.modules.particlesystem@1.0.0 (location: /Volumes/gameWorkspace/worktrees/seoul-kenshi/layered-full3d-16x9-wave2-task10/GAME/Library/PackageCache/com.unity.modules.particlesystem)
    com.unity.modules.physics@1.0.0 (location: /Volumes/gameWorkspace/worktrees/seoul-kenshi/layered-full3d-16x9-wave2-task10/GAME/Library/PackageCache/com.unity.modules.physics)
    com.unity.modules.physics2d@1.0.0 (location: /Volumes/gameWorkspace/worktrees/seoul-kenshi/layered-full3d-16x9-wave2-task10/GAME/Library/PackageCache/com.unity.modules.physics2d)
    com.unity.modules.physicscore2d@1.0.0 (location: /Volumes/gameWorkspace/worktrees/seoul-kenshi/layered-full3d-16x9-wave2-task10/GAME/Library/PackageCache/com.unity.modules.physicscore2d)
    com.unity.modules.screencapture@1.0.0 (location: /Volumes/gameWorkspace/worktrees/seoul-kenshi/layered-full3d-16x9-wave2-task10/GAME/Library/PackageCache/com.unity.modules.screencapture)
    com.unity.modules.smartstrings@1.0.0 (location: /Volumes/gameWorkspace/worktrees/seoul-kenshi/layered-full3d-16x9-wave2-task10/GAME/Library/PackageCache/com.unity.modules.smartstrings)
    com.unity.modules.terrain@1.0.0 (location: /Volumes/gameWorkspace/worktrees/seoul-kenshi/layered-full3d-16x9-wave2-task10/GAME/Library/PackageCache/com.unity.modules.terrain)
    com.unity.modules.terrainphysics@1.0.0 (location: /Volumes/gameWorkspace/worktrees/seoul-kenshi/layered-full3d-16x9-wave2-task10/GAME/Library/PackageCache/com.unity.modules.terrainphysics)
    com.unity.modules.tetgen@1.0.0 (location: /Volumes/gameWorkspace/worktrees/seoul-kenshi/layered-full3d-16x9-wave2-task10/GAME/Library/PackageCache/com.unity.modules.tetgen)
    com.unity.modules.tilemap@1.0.0 (location: /Volumes/gameWorkspace/worktrees/seoul-kenshi/layered-full3d-16x9-wave2-task10/GAME/Library/PackageCache/com.unity.modules.tilemap)
    com.unity.modules.timelinefoundation@1.0.0 (location: /Volumes/gameWorkspace/worktrees/seoul-kenshi/layered-full3d-16x9-wave2-task10/GAME/Library/PackageCache/com.unity.modules.timelinefoundation)
    com.unity.modules.ui@1.0.0 (location: /Volumes/gameWorkspace/worktrees/seoul-kenshi/layered-full3d-16x9-wave2-task10/GAME/Library/PackageCache/com.unity.modules.ui)
    com.unity.modules.uielements@1.0.0 (location: /Volumes/gameWorkspace/worktrees/seoul-kenshi/layered-full3d-16x9-wave2-task10/GAME/Library/PackageCache/com.unity.modules.uielements)
    com.unity.modules.umbra@1.0.0 (location: /Volumes/gameWorkspace/worktrees/seoul-kenshi/layered-full3d-16x9-wave2-task10/GAME/Library/PackageCache/com.unity.modules.umbra)
    com.unity.modules.unityanalytics@1.0.0 (location: /Volumes/gameWorkspace/worktrees/seoul-kenshi/layered-full3d-16x9-wave2-task10/GAME/Library/PackageCache/com.unity.modules.unityanalytics)
    com.unity.modules.unitywebrequest@1.0.0 (location: /Volumes/gameWorkspace/worktrees/seoul-kenshi/layered-full3d-16x9-wave2-task10/GAME/Library/PackageCache/com.unity.modules.unitywebrequest)
    com.unity.modules.unitywebrequestassetbundle@1.0.0 (location: /Volumes/gameWorkspace/worktrees/seoul-kenshi/layered-full3d-16x9-wave2-task10/GAME/Library/PackageCache/com.unity.modules.unitywebrequestassetbundle)
    com.unity.modules.unitywebrequestaudio@1.0.0 (location: /Volumes/gameWorkspace/worktrees/seoul-kenshi/layered-full3d-16x9-wave2-task10/GAME/Library/PackageCache/com.unity.modules.unitywebrequestaudio)
    com.unity.modules.unitywebrequesttexture@1.0.0 (location: /Volumes/gameWorkspace/worktrees/seoul-kenshi/layered-full3d-16x9-wave2-task10/GAME/Library/PackageCache/com.unity.modules.unitywebrequesttexture)
    com.unity.modules.unitywebrequestwww@1.0.0 (location: /Volumes/gameWorkspace/worktrees/seoul-kenshi/layered-full3d-16x9-wave2-task10/GAME/Library/PackageCache/com.unity.modules.unitywebrequestwww)
    com.unity.modules.vectorgraphics@1.0.0 (location: /Volumes/gameWorkspace/worktrees/seoul-kenshi/layered-full3d-16x9-wave2-task10/GAME/Library/PackageCache/com.unity.modules.vectorgraphics)
    com.unity.modules.vehicles@1.0.0 (location: /Volumes/gameWorkspace/worktrees/seoul-kenshi/layered-full3d-16x9-wave2-task10/GAME/Library/PackageCache/com.unity.modules.vehicles)
    com.unity.modules.video@1.0.0 (location: /Volumes/gameWorkspace/worktrees/seoul-kenshi/layered-full3d-16x9-wave2-task10/GAME/Library/PackageCache/com.unity.modules.video)
    com.unity.modules.wind@1.0.0 (location: /Volumes/gameWorkspace/worktrees/seoul-kenshi/layered-full3d-16x9-wave2-task10/GAME/Library/PackageCache/com.unity.modules.wind)
    com.unity.modules.xr@1.0.0 (location: /Volumes/gameWorkspace/worktrees/seoul-kenshi/layered-full3d-16x9-wave2-task10/GAME/Library/PackageCache/com.unity.modules.xr)
    com.unity.modules.subsystems@1.0.0 (location: /Volumes/gameWorkspace/worktrees/seoul-kenshi/layered-full3d-16x9-wave2-task10/GAME/Library/PackageCache/com.unity.modules.subsystems)
    com.unity.modules.hierarchycore@1.0.0 (location: /Volumes/gameWorkspace/worktrees/seoul-kenshi/layered-full3d-16x9-wave2-task10/GAME/Library/PackageCache/com.unity.modules.hierarchycore)
    com.unity.ext.nunit@2.1.1 (location: /Volumes/gameWorkspace/worktrees/seoul-kenshi/layered-full3d-16x9-wave2-task10/GAME/Library/PackageCache/com.unity.ext.nunit@f6178be85c6e)
    com.unity.render-pipelines.core@17.7.0 (location: /Volumes/gameWorkspace/worktrees/seoul-kenshi/layered-full3d-16x9-wave2-task10/GAME/Library/PackageCache/com.unity.render-pipelines.core@c86064616c0c)
    com.unity.shadergraph@17.7.0 (location: /Volumes/gameWorkspace/worktrees/seoul-kenshi/layered-full3d-16x9-wave2-task10/GAME/Library/PackageCache/com.unity.shadergraph@f32f227ad317)
    com.unity.render-pipelines.universal-config@17.7.0 (location: /Volumes/gameWorkspace/worktrees/seoul-kenshi/layered-full3d-16x9-wave2-task10/GAME/Library/PackageCache/com.unity.render-pipelines.universal-config@767fc04a69c2)
    com.unity.graph-authoring@1.0.0 (location: /Volumes/gameWorkspace/worktrees/seoul-kenshi/layered-full3d-16x9-wave2-task10/GAME/Library/PackageCache/com.unity.graph-authoring@cfd2588851ee)
    com.unity.burst@2.0.0 (location: /Volumes/gameWorkspace/worktrees/seoul-kenshi/layered-full3d-16x9-wave2-task10/GAME/Library/PackageCache/com.unity.burst@626e66ab421b)
    com.unity.collections@6.7.0 (location: /Volumes/gameWorkspace/worktrees/seoul-kenshi/layered-full3d-16x9-wave2-task10/GAME/Library/PackageCache/com.unity.collections@642e35c36221)
    com.unity.profiling.core@1.0.3 (location: /Volumes/gameWorkspace/worktrees/seoul-kenshi/layered-full3d-16x9-wave2-task10/GAME/Library/PackageCache/com.unity.profiling.core@9f367c25a5d3)
    com.unity.test-framework.performance@6.6.0 (location: /Volumes/gameWorkspace/worktrees/seoul-kenshi/layered-full3d-16x9-wave2-task10/GAME/Library/PackageCache/com.unity.test-framework.performance@2779acc3f9c0)
  Local packages:
    com.islee.unity-remote@file:/Volumes/gameWorkspace/worktrees/seoul-kenshi/layered-full3d-16x9-wave2-task10/TOOL/unity-remote/unity-package (location: /Volumes/gameWorkspace/worktrees/seoul-kenshi/layered-full3d-16x9-wave2-task10/TOOL/unity-remote/unity-package)
  Git packages:
    jp.hadashikick.vcontainer@https://github.com/hadashiA/VContainer.git?path=VContainer/Assets/VContainer#1.19.0 (location: /Volumes/gameWorkspace/worktrees/seoul-kenshi/layered-full3d-16x9-wave2-task10/GAME/Library/PackageCache/jp.hadashikick.vcontainer@dcf16cda6a65)
[Subsystems] No new subsystems found in resolved package list.
[Package Manager] Done registering packages in 0.00 seconds
ADB: OOP importers: 'AudioImporter' is OOP-eligible (per-importer)
ADB: OOP importers: 'ComputeShaderImporter' is OOP-eligible (per-importer)
ADB: OOP importers: 'FBXImporter' is OOP-eligible (per-importer)
ADB: OOP importers: 'Mesh3DSImporter' is OOP-eligible (per-importer)
ADB: OOP importers: 'PrefabImporter' is OOP-eligible (per-importer)
ADB: OOP importers: 'RayTracingShaderImporter' is OOP-eligible (per-importer)
ADB: OOP importers: 'ShaderImporter' is OOP-eligible (per-importer)
ADB: OOP importers: 'TextScriptImporter' is OOP-eligible (per-importer)
ADB: OOP importers: 'TextureImporter' is OOP-eligible (per-importer)
ADB: OOP importers: 'TrueTypeFontImporter' is OOP-eligible (per-importer)
ADB: OOP importers: 'VideoClipImporter' is OOP-eligible (per-importer)
ADB: OOP importers: queue -1003 composition: TextureImporter, TextureImporter, TextureImporter, TextureImporter, TextureImporter, TextureImporter, TextureImporter, TextureImporter, TextureImporter, TextureImporter, TextureImporter, TextureImporter, TextureImporter, TextureImporter, TextureImporter (only the named importers above run OOP; the rest stay in-process)
ADB: OOP importers: queue -1001 composition: ShaderImporter, ComputeShaderImporter, RayTracingShaderImporter (only the named importers above run OOP; the rest stay in-process)
ADB: OOP importers: queue 2 composition: TrueTypeFontImporter, TrueTypeFontImporter, TrueTypeFontImporter, TrueTypeFontImporter (only the named importers above run OOP; the rest stay in-process)
ADB: OOP importers: queue 100 composition: Mesh3DSImporter, FBXImporter, FBXImporter, FBXImporter, FBXImporter, FBXImporter, FBXImporter, FBXImporter, FBXImporter, FBXImporter, FBXImporter (only the named importers above run OOP; the rest stay in-process)
ADB: OOP importers: queue 1050 composition: TextScriptImporter, TextScriptImporter, TextScriptImporter, TextScriptImporter, TextScriptImporter, TextScriptImporter, TextScriptImporter, TextScriptImporter, TextScriptImporter, TextScriptImporter, TextScriptImporter, TextScriptImporter (only the named importers above run OOP; the rest stay in-process)
ADB: OOP importers: queue 1100 composition: AudioImporter, AudioImporter, AudioImporter, AudioImporter, AudioImporter, AudioImporter, AudioImporter, AudioImporter, AudioImporter, AudioImporter (only the named importers above run OOP; the rest stay in-process)
ADB: OOP importers: queue 1500 composition: PrefabImporter (only the named importers above run OOP; the rest stay in-process)
ADB: OOP importers: queue 1700 composition: VideoClipImporter, VideoClipImporter, VideoClipImporter, VideoClipImporter, VideoClipImporter, VideoClipImporter, VideoClipImporter, VideoClipImporter, VideoClipImporter, VideoClipImporter (only the named importers above run OOP; the rest stay in-process)
[ScriptCompilation] Requested script compilation because: AssetDatabase observed changes in script compilation related files
Starting: /Applications/Unity/Hub/Editor/6000.7.0a5/Unity.app/Contents/Resources/BuildPipeline/bee_backend --ipc --defer-dag-verification --dagfile="Library/Bee/200b0aE.dag" --continue-on-failure --profile="Library/Bee/backend1.traceevents" ScriptAssemblies
WorkingDir: /Volumes/gameWorkspace/worktrees/seoul-kenshi/layered-full3d-16x9-wave2-task10/GAME
DisplayProgressbar: Compiling Scripts
warn: Unity.ILPP.Runner.PostProcessingAssemblyLoadContext[0]
      Assembly unityeditor.ios.extensions.xcode has duplicate hint path. Ignoring "/Applications/Unity/Hub/Editor/6000.7.0a5/PlaybackEngines/iOSSupport/UnityEditor.iOS.Extensions.Xcode.dll" in favor of "/Applications/Unity/Hub/Editor/6000.7.0a5/PlaybackEngines/MacStandaloneSupport/UnityEditor.iOS.Extensions.Xcode.dll"
warn: Unity.ILPP.Runner.PostProcessingAssemblyLoadContext[0]
      Assembly system.runtime.interopservices.windowsruntime has duplicate hint path. Ignoring "/Applications/Unity/Hub/Editor/6000.7.0a5/Unity.app/Contents/Resources/Scripting/UnityReferenceAssemblies/unity-4.8-api/Facades/System.Runtime.InteropServices.WindowsRuntime.dll" in favor of "/Applications/Unity/Hub/Editor/6000.7.0a5/Unity.app/Contents/Resources/Scripting/NetStandard/Extensions/2.0.0/System.Runtime.InteropServices.WindowsRuntime.dll"
warn: Unity.ILPP.Runner.PostProcessingAssemblyLoadContext[0]
      Assembly system.componentmodel.composition has duplicate hint path. Ignoring "/Applications/Unity/Hub/Editor/6000.7.0a5/Unity.app/Contents/Resources/Scripting/UnityReferenceAssemblies/unity-4.8-api/System.ComponentModel.Composition.dll" in favor of "/Applications/Unity/Hub/Editor/6000.7.0a5/Unity.app/Contents/Resources/Scripting/NetStandard/compat/2.1.0/shims/netfx/System.ComponentModel.Composition.dll"
ExitCode: 0 Duration: 0s675ms
[580/763    0s] Csc Library/Bee/artifacts/200b0aE.dag/Janseon.Core.dll (+2 others)
[588/763    0s] ILPP-Configuration Library/ilpp-configuration.nevergeneratedoutput
[739/763    0s] ILPostProcess Library/Bee/artifacts/200b0aE.dag/post-processed/Janseon.Foundation.Editor.dll (+pdb)
Processing assembly Library/Bee/artifacts/200b0aE.dag/Janseon.Foundation.Editor.dll, with 141 defines and 317 references
processors: Unity.Jobs.CodeGen.JobsILPostProcessor, zzzUnity.Burst.CodeGen.BurstILPostProcessor
1 processor(s) skipped this assembly
running Unity.Jobs.CodeGen.JobsILPostProcessor
[740/763    0s] ILPostProcess Library/Bee/artifacts/200b0aE.dag/post-processed/Janseon.Data.Editor.dll (+pdb)
Processing assembly Library/Bee/artifacts/200b0aE.dag/Janseon.Data.Editor.dll, with 141 defines and 315 references
processors: Unity.Jobs.CodeGen.JobsILPostProcessor, zzzUnity.Burst.CodeGen.BurstILPostProcessor
1 processor(s) skipped this assembly
running Unity.Jobs.CodeGen.JobsILPostProcessor
[741/763    0s] ILPostProcess Library/Bee/artifacts/200b0aE.dag/post-processed/Janseon.Data.dll (+pdb)
Processing assembly Library/Bee/artifacts/200b0aE.dag/Janseon.Data.dll, with 143 defines and 305 references
processors: Unity.Jobs.CodeGen.JobsILPostProcessor, zzzUnity.Burst.CodeGen.BurstILPostProcessor
1 processor(s) skipped this assembly
running Unity.Jobs.CodeGen.JobsILPostProcessor
[742/763    0s] ILPostProcess Library/Bee/artifacts/200b0aE.dag/post-processed/Janseon.Core.dll (+pdb)
Processing assembly Library/Bee/artifacts/200b0aE.dag/Janseon.Core.dll, with 143 defines and 143 references
processors: Unity.Jobs.CodeGen.JobsILPostProcessor, zzzUnity.Burst.CodeGen.BurstILPostProcessor
1 processor(s) skipped this assembly
running Unity.Jobs.CodeGen.JobsILPostProcessor
[743/763    0s] ILPostProcess Library/Bee/artifacts/200b0aE.dag/post-processed/Janseon.Foundation.dll (+pdb)
Processing assembly Library/Bee/artifacts/200b0aE.dag/Janseon.Foundation.dll, with 143 defines and 308 references
processors: Unity.Jobs.CodeGen.JobsILPostProcessor, zzzUnity.Burst.CodeGen.BurstILPostProcessor
1 processor(s) skipped this assembly
running Unity.Jobs.CodeGen.JobsILPostProcessor
[744/763    0s] ILPostProcess Library/Bee/artifacts/200b0aE.dag/post-processed/Janseon.Foundation.EditModeTests.dll (+pdb)
Processing assembly Library/Bee/artifacts/200b0aE.dag/Janseon.Foundation.EditModeTests.dll, with 141 defines and 315 references
processors: Unity.Jobs.CodeGen.JobsILPostProcessor, zzzUnity.Burst.CodeGen.BurstILPostProcessor
1 processor(s) skipped this assembly
running Unity.Jobs.CodeGen.JobsILPostProcessor
[745/763    0s] ILPostProcess Library/Bee/artifacts/200b0aE.dag/post-processed/Janseon.Foundation.PlayModeTests.dll (+pdb)
Processing assembly Library/Bee/artifacts/200b0aE.dag/Janseon.Foundation.PlayModeTests.dll, with 143 defines and 301 references
processors: Unity.Jobs.CodeGen.JobsILPostProcessor, zzzUnity.Burst.CodeGen.BurstILPostProcessor
1 processor(s) skipped this assembly
running Unity.Jobs.CodeGen.JobsILPostProcessor
[746/763    0s] ILPostProcess Library/Bee/artifacts/200b0aE.dag/post-processed/Assembly-CSharp-Editor.dll (+pdb)
Processing assembly Library/Bee/artifacts/200b0aE.dag/Assembly-CSharp-Editor.dll, with 141 defines and 359 references
processors: Unity.Jobs.CodeGen.JobsILPostProcessor, zzzUnity.Burst.CodeGen.BurstILPostProcessor
1 processor(s) skipped this assembly
running Unity.Jobs.CodeGen.JobsILPostProcessor
[747/763    0s] CopyFiles Library/ScriptAssemblies/Janseon.Core.dll
[748/763    0s] CopyFiles Library/ScriptAssemblies/Janseon.Core.pdb
*** Tundra build success (0.62 seconds), 12 items updated, 763 evaluated
AssetDatabase: script compilation time: 1.205201s
Begin MonoManager ReloadAssembly
Total cache size 266337316
Total cache size after purge 266337316, took 00:00:00.1322821
Symbol file LoadedFromMemory is not a mono symbol file
'Packages/com.unity.render-pipelines.core/Editor/Deprecated.cs' contains partial class of Unity.Object, exactly 1 of the partial classes needs to be in a file with the same filename. This is to know the one that can be referenced from ie. GameObjects
'Packages/com.unity.render-pipelines.core/Editor/Deprecated.cs' contains partial class of Unity.Object, exactly 1 of the partial classes needs to be in a file with the same filename. This is to know the one that can be referenced from ie. GameObjects
[MODES] ModeService[none].Initialize
[MODES] ModeService[none].LoadModes
Native extension for LinuxStandalone target not found
Native extension for iOS target not found
Native extension for Android target not found
Native extension for WindowsStandalone target not found
Native extension for OSXStandalone target not found
Native extension for WebGL target not found
ScheduleIndexationOnStartup MainProcess:True IndexOnStartup:False
Diagnostic switches are active and may impact performance or degrade your user experience. Switches can be configured through the Diagnostics section in the Preferences window.
	DebugAllocatorMode: 0
Scripting: successfully reloaded assembly
- Finished resetting the current domain, in  0.409 seconds
Domain Reload Profiling: 934ms
	BeginReloadAssembly (145ms)
		DisableScriptedObjects (16ms)
		CreateAndSetChildDomain (32ms)
	RebuildCommonClasses (6ms)
	RebuildNativeTypeToScriptingClass (10ms)
	initialDomainReloadingComplete (40ms)
	LoadAllAssembliesAndSetupDomain (324ms)
		LoadAssemblies (140ms)
		TypeCache.Refresh (67ms)
			TypeCache.ScanAssembly (55ms)
		AnalyzeDomain (28ms)
			BuildScriptInfoCaches (25ms)
	FinalizeReload (409ms)
		SetupLoadedEditorAssemblies (0ms)
			InitializePlatformSupportModulesInManaged (10ms)
			BeforeProcessingInitializeOnLoad (56ms)
			ProcessInitializeOnLoadAttributes (64ms)
			ProcessInitializeOnLoadMethodAttributes (37ms)
		AwakeInstancesAfterBackupRestoration (12ms)
Starting new worker id: 0 with log in /Volumes/gameWorkspace/worktrees/seoul-kenshi/layered-full3d-16x9-wave2-task10/GAME/Logs/AssetImportWorkerHW0.log

Asset Pipeline Refresh (id=2f7200ecb2c7c4697977f1417aa1c65a): Total: 3.670 seconds - Initiated by InitialRefreshV2(ForceSynchronousImport)
	(Values over 0.05ms)
	Summary:
		Imports: total=0 (actual=0, local cache=0, cache server=0)
		Asset DB Process Time: managed=0 ms, native=748 ms
		Asset DB Callback time: managed=1162 ms, native=5 ms
		Scripting: domain reloads=1, domain reload time=547 ms, compile time=1206 ms, other=0 ms
		Project Asset Count: scripts=981, non-scripts=1966
		Asset File Changes: new=0, changed=1, moved=0, deleted=0
		Scan Filter Count: 1
	InvokePackagesCallback: 5.151ms
	ApplyChangesToAssetFolders: 0.224ms
	Scan: 217.771ms
	Collect global state as custom dependencies: 3.456ms
	OnSourceAssetsModified: 0.283ms
	CategorizeScriptCompilationAssets: 10.727ms
	ProcessAssetsWithTransientArtifactChanges: 21.840ms
	CategorizeAssets: 31.181ms
	CompileScripts: 1206.012ms
	ImportOutOfDateAssets: 413.247ms (411.130ms without children)
		UnloadImportedAssets: 0.139ms
		EnsureUptoDateAssetsAreRegisteredWithGuidPM: 0.378ms
		ImportSchedulerStart: 1.598ms
	PostProcessAllAssets: 1162.737ms
		MonoPostProcessAllAssets: 1162.403ms
			UniversalRenderPipelineGlobalSettingsPostprocessor.OnPostprocessAllAssets 1100.110ms
			AssetPostprocessor.OnPostprocessAllAssets 30.602ms
			StyleCatalogPostProcessor.OnPostprocessAllAssets 7.203ms
			SyncVS.PostprocessSyncProject 4.878ms
			BuilderAssetPostprocessor.OnPostprocessAllAssets 3.478ms
			SpeedTree9Postprocessor.OnPostprocessAllAssets 1.051ms
			AssetChangedListener.OnPostprocessAllAssets 1.005ms
			ShaderGraphAssetPostProcessor.OnPostprocessAllAssets 0.901ms
			EditModeScopePostprocessor.OnPostprocessAllAssets 0.736ms
			RetainedModeAssetPostprocessor.OnPostprocessAllAssets 0.721ms
			MaterialPostprocessor.OnPostprocessAllAssets 0.418ms
			ShaderReflectionAssetPostProcessor.OnPostprocessAllAssets 0.242ms
			ArtifactBrowserPostProcessor.OnPostprocessAllAssets 0.224ms
			TextAssetPostProcessor.OnPostprocessAllAssets 0.213ms
			InputActionAssetPostprocessor.OnPostprocessAllAssets 0.173ms
			ReferencedClipsPostProcessor.OnPostprocessAllAssets 0.171ms
			AudioMixerPostprocessor.OnPostprocessAllAssets 0.170ms
			PostProcessor.OnPostprocessAllAssets 0.167ms
			TerrainToolbarOverlayPostProcessor.OnPostprocessAllAssets 0.159ms
			AssetEvents.OnPostprocessAllAssets 0.137ms
			Postprocessor.OnPostprocessAllAssets 0.137ms
			InputActionJsonNameModifierAssetProcessor.OnPostprocessAllAssets 0.133ms
			TMPro_TexturePostProcessor.OnPostprocessAllAssets 0.133ms
			WindowAssetPostprocessingWatcher.OnPostprocessAllAssets 0.109ms
			ProjectSettingsPostprocessor.OnPostprocessAllAssets 0.102ms
			SpeedTreePostProcessor.OnPostprocessAllAssets 0.096ms
			AssetDatabaseCallbacks.OnPostprocessAllAssets 0.090ms
			ConfigAssetsTracker.OnPostprocessAllAssets 0.079ms
			ThemePostprocessor.OnPostprocessAllAssets 0.069ms
			AudioContainerPostProcessor.OnPostprocessAllAssets 0.061ms
			RenderPipelineGlobalSettingsPostprocessor.OnPostprocessAllAssets 0.054ms
			ScenarioDriftAssetsTracker.OnPostprocessAllAssets 0.050ms
	PostAssetChangesProfiler: 0.576ms
	UnloadStreamsBegin: 0.653ms
	PersistCurrentRevisions: 0.069ms
	GenerateScriptTypeHashes: 1.005ms
	GenerateScriptTypeSerializationHashes: 2.046ms
	Untracked: 583.514ms

Application.AssetDatabase Initial Refresh End
Shader Hidden/ChartRasterizerHardware is not supported: GPU does not support conservative rasterization
Worker ready: AssetImportWorkerHW0 0
Shader Hidden/ChartRasterizerHardware is not supported: GPU does not support conservative rasterization
Scanning for USB devices : 0.529ms
Initializing Unity extensions:
Unloading 284 Unused Serialized files (Serialized files now loaded: 0)
Unloading 3906 unused Assets / (6.5 MB). Loaded Objects now: 4860.
Memory consumption went from 0.53 GB to 0.53 GB.
Total: 6.902833 ms (FindLiveObjects: 0.279334 ms CreateObjectMapping: 0.080041 ms MarkObjects: 4.899417 ms  DeleteObjects: 1.570250 ms)

[Project] Loading completed in 7.990 seconds
	Project init time: 				7.578 seconds
		Template init time: 		0.000 seconds
		Package Manager init time: 		0.365 seconds
		Asset Database init time: 		0.119 seconds
		Global illumination init time: 	0.001 seconds
		Assemblies load time: 			2.698 seconds
		Unity extensions init time: 	0.006 seconds
		Asset Database refresh time: 	3.671 seconds
	Scene opening time: 			0.372 seconds
##utp:{"type":"ProjectInfo","version":2,"phase":"Immediate","time":1789893473676,"processId":9900,"projectLoad":7.989989000000001,"projectInit":7.577999333,"templateInit":0.0,"packageManagerInit":0.3653595,"assetDatabaseInit":0.119441,"globalIlluminationInit":0.001118541,"assembliesLoad":2.698489291,"unityExtensionsInit":0.006002084,"assetDatabaseRefresh":3.670588792,"sceneOpening":0.371544125}
##utp:{"type":"EditorInfo","version":2,"phase":"Immediate","time":1789893473676,"processId":9900,"editorVersion":"6000.7.0a5 (a15235a53881)","branch":"trunk","buildType":"Release","platform":"OSX"}
Asset Pipeline Refresh (id=c97c0a26cffec40ba8d5702cb9caa6af): Total: 0.100 seconds - Initiated by RefreshV2(ForceSynchronousImport)
[Licensing::Client] Successfully resolved entitlement details
Running tests for ExecutionSettings with details:
targetPlatform = 
playerHeartbeatTimeout = 600
filters[0] = 
   Filter with settings:
   testMode = EditMode
   targetPlatform = 
   testNames = null
   groupNames = Janseon.Foundation.Tests.PerSoldierBattleTests.OccludedTargetAndDeadAttackerCannotDamage
   categoryNames = null
   assemblyNames = Janseon.Foundation.EditModeTests
ignoreTests = {}
featureFlags = null

UnityEngine.Debug:ExtractStackTraceNoAlloc (byte*,int,string)
UnityEngine.StackTraceUtility:ExtractStackTrace () (at /Users/bokken/build/output/unity/unity/Runtime/Export/Scripting/StackTrace.cs:23)
UnityEngine.DebugLogHandler:Internal_Log (UnityEngine.LogType,UnityEngine.LogOption,string,UnityEngine.Object)
UnityEngine.DebugLogHandler:LogFormat (UnityEngine.LogType,UnityEngine.Object,string,object[])
UnityEngine.Logger:Log (UnityEngine.LogType,object)
UnityEngine.Debug:Log (object)
UnityEditor.TestTools.TestRunner.CommandLineTest.Executer:InitializeAndExecuteRun (string[]) (at ./Library/PackageCache/com.unity.test-framework@4c309923fa3b/UnityEditor.TestRunner/CommandLineTest/Executer.cs:53)
UnityEditor.TestTools.TestRunner.CommandLineTest.TestStarter:InitializeAndExecuteRun () (at ./Library/PackageCache/com.unity.test-framework@4c309923fa3b/UnityEditor.TestRunner/CommandLineTest/TestStarter.cs:64)
UnityEditor.EditorApplication:Internal_CallUpdateFunctions () (at /Users/bokken/build/output/unity/unity/Editor/Mono/EditorApplication.cs:463)

(Filename: ./Library/PackageCache/com.unity.test-framework@4c309923fa3b/UnityEditor.TestRunner/CommandLineTest/Executer.cs Line: 53)

[UnityConnectServicesConfig] config is NOT valid, switching to default
Created GICache directory at /Users/ilseoblee/Library/Caches/com.unity3d.UnityEditor/GiCache. Took: 0.007s, timestamps: [7.991 - 7.998]
Unloading 1 Unused Serialized files (Serialized files now loaded: 0)
Unloading 1 unused Assets / (4.5 KB). Loaded Objects now: 5021.
Memory consumption went from 477.8 MB to 477.8 MB.
Total: 6.548666 ms (FindLiveObjects: 0.212833 ms CreateObjectMapping: 0.039125 ms MarkObjects: 6.212334 ms  DeleteObjects: 0.021542 ms)

Executing IPrebuildSetup for: Unity.PerformanceTesting.Editor.TestRunBuilder.
UnityEngine.Debug:ExtractStackTraceNoAlloc (byte*,int,string)
UnityEngine.StackTraceUtility:ExtractStackTrace () (at /Users/bokken/build/output/unity/unity/Runtime/Export/Scripting/StackTrace.cs:23)
UnityEngine.DebugLogHandler:Internal_Log (UnityEngine.LogType,UnityEngine.LogOption,string,UnityEngine.Object)
UnityEngine.DebugLogHandler:LogFormat (UnityEngine.LogType,UnityEngine.Object,string,object[])
UnityEngine.Logger:Log (UnityEngine.LogType,object)
UnityEngine.Debug:Log (object)
UnityEditor.TestTools.TestRunner.TestRun.Tasks.BuildActionTaskBase`1/<ExecuteMethods>d__8<UnityEngine.TestTools.IPrebuildSetup>:MoveNext () (at ./Library/PackageCache/com.unity.test-framework@4c309923fa3b/UnityEditor.TestRunner/TestRun/Tasks/BuildActionTaskBase.cs:48)
UnityEditor.TestTools.TestRunner.TestRun.Tasks.BuildActionTaskBase`1/<Execute>d__7<UnityEngine.TestTools.IPrebuildSetup>:MoveNext () (at ./Library/PackageCache/com.unity.test-framework@4c309923fa3b/UnityEditor.TestRunner/TestRun/Tasks/BuildActionTaskBase.cs:34)
UnityEditor.TestTools.TestRunner.TestRun.TestJobRunner:ExecuteStep () (at ./Library/PackageCache/com.unity.test-framework@4c309923fa3b/UnityEditor.TestRunner/TestRun/TestJobRunner.cs:194)
UnityEditor.TestTools.TestRunner.TestRun.TestJobRunner:ExecuteCallback () (at ./Library/PackageCache/com.unity.test-framework@4c309923fa3b/UnityEditor.TestRunner/TestRun/TestJobRunner.cs:129)
UnityEditor.EditorApplication:Internal_CallUpdateFunctions () (at /Users/bokken/build/output/unity/unity/Editor/Mono/EditorApplication.cs:463)

(Filename: ./Library/PackageCache/com.unity.test-framework@4c309923fa3b/UnityEditor.TestRunner/TestRun/Tasks/BuildActionTaskBase.cs Line: 48)

Saving results to: /Users/ilseoblee/Library/Application Support/Janseon Studio/서울_전국/TestResults.xml
Saving results to: /Volumes/gameWorkspace/worktrees/seoul-kenshi/layered-full3d-16x9-wave2-task10/evidence/layered-full3d-16x9-task10/task-10/failure-mutation-green.xml
Executing IPostBuildCleanup for: Unity.PerformanceTesting.Editor.TestRunBuilder.
UnityEngine.Debug:ExtractStackTraceNoAlloc (byte*,int,string)
UnityEngine.StackTraceUtility:ExtractStackTrace () (at /Users/bokken/build/output/unity/unity/Runtime/Export/Scripting/StackTrace.cs:23)
UnityEngine.DebugLogHandler:Internal_Log (UnityEngine.LogType,UnityEngine.LogOption,string,UnityEngine.Object)
UnityEngine.DebugLogHandler:LogFormat (UnityEngine.LogType,UnityEngine.Object,string,object[])
UnityEngine.Logger:Log (UnityEngine.LogType,object)
UnityEngine.Debug:Log (object)
UnityEditor.TestTools.TestRunner.TestRun.Tasks.BuildActionTaskBase`1/<ExecuteMethods>d__8<UnityEngine.TestTools.IPostBuildCleanup>:MoveNext () (at ./Library/PackageCache/com.unity.test-framework@4c309923fa3b/UnityEditor.TestRunner/TestRun/Tasks/BuildActionTaskBase.cs:48)
UnityEditor.TestTools.TestRunner.TestRun.Tasks.BuildActionTaskBase`1/<Execute>d__7<UnityEngine.TestTools.IPostBuildCleanup>:MoveNext () (at ./Library/PackageCache/com.unity.test-framework@4c309923fa3b/UnityEditor.TestRunner/TestRun/Tasks/BuildActionTaskBase.cs:34)
UnityEditor.TestTools.TestRunner.TestRun.TestJobRunner:ExecuteStep () (at ./Library/PackageCache/com.unity.test-framework@4c309923fa3b/UnityEditor.TestRunner/TestRun/TestJobRunner.cs:194)
UnityEditor.TestTools.TestRunner.TestRun.TestJobRunner:ExecuteCallback () (at ./Library/PackageCache/com.unity.test-framework@4c309923fa3b/UnityEditor.TestRunner/TestRun/TestJobRunner.cs:129)
UnityEditor.EditorApplication:Internal_CallUpdateFunctions () (at /Users/bokken/build/output/unity/unity/Editor/Mono/EditorApplication.cs:463)

(Filename: ./Library/PackageCache/com.unity.test-framework@4c309923fa3b/UnityEditor.TestRunner/TestRun/Tasks/BuildActionTaskBase.cs Line: 48)

Unloading 0 Unused Serialized files (Serialized files now loaded: 0)
Unloading 0 unused Assets / (Unknown). Loaded Objects now: 5022.
Memory consumption went from 437.0 MB to 437.0 MB.
Total: 6.144458 ms (FindLiveObjects: 0.170291 ms CreateObjectMapping: 0.038208 ms MarkObjects: 5.857917 ms  DeleteObjects: 0.005208 ms)

DisplayProgressbar: Undo
Test run completed. Exiting with code 0 (Ok). Run completed.
UnityEngine.Debug:ExtractStackTraceNoAlloc (byte*,int,string)
UnityEngine.StackTraceUtility:ExtractStackTrace () (at /Users/bokken/build/output/unity/unity/Runtime/Export/Scripting/StackTrace.cs:23)
UnityEngine.DebugLogHandler:Internal_Log (UnityEngine.LogType,UnityEngine.LogOption,string,UnityEngine.Object)
UnityEngine.DebugLogHandler:LogFormat (UnityEngine.LogType,UnityEngine.Object,string,object[])
UnityEngine.Logger:Log (UnityEngine.LogType,object)
UnityEngine.Debug:Log (object)
UnityEditor.TestTools.TestRunner.CommandLineTest.Executer:ExitApplication (UnityEditor.TestTools.TestRunner.CommandLineTest.Executer/ReturnCodes,string) (at ./Library/PackageCache/com.unity.test-framework@4c309923fa3b/UnityEditor.TestRunner/CommandLineTest/Executer.cs:81)
UnityEditor.TestTools.TestRunner.CommandLineTest.Executer:ExitIfRunIsCompleted () (at ./Library/PackageCache/com.unity.test-framework@4c309923fa3b/UnityEditor.TestRunner/CommandLineTest/Executer.cs:74)
UnityEditor.EditorApplication:Internal_CallUpdateFunctions () (at /Users/bokken/build/output/unity/unity/Editor/Mono/EditorApplication.cs:463)

(Filename: ./Library/PackageCache/com.unity.test-framework@4c309923fa3b/UnityEditor.TestRunner/CommandLineTest/Executer.cs Line: 81)

MonoPathRemapper: Attempts to remap: 14899; Successful remaps: 224
Serialized file version minimum: 0, current 23
Killing ADB server in 0.042741 seconds.
Thread 0x170da7000 may have been prematurely finalized
Input System module state changed to: ShutdownInProgress.
Input Polling Thread exited.
Input System module state changed to: Shutdown.
Thread 0x171597000 may have been prematurely finalized
Thread 0x171623000 may have been prematurely finalized
Thread 0x1716af000 may have been prematurely finalized
Thread 0x17173b000 may have been prematurely finalized
Thread 0x171853000 may have been prematurely finalized
Thread 0x1717c7000 may have been prematurely finalized
Thread 0x1719f7000 may have been prematurely finalized
Thread 0x171a83000 may have been prematurely finalized
Thread 0x171b0f000 may have been prematurely finalized
Thread 0x171b9b000 may have been prematurely finalized
Thread 0x171d3f000 may have been prematurely finalized
Thread 0x17196b000 may have been prematurely finalized
Thread 0x171c27000 may have been prematurely finalized
Thread 0x171cb3000 may have been prematurely finalized
Thread 0x1718df000 may have been prematurely finalized
Thread 0x171dcb000 may have been prematurely finalized
Thread 0x171e57000 may have been prematurely finalized
[Physics::Module] Cleanup current backend.
[Physics::Module] Id: 0xf2b8ea05
[Licensing::IpcConnector] LicenseClient-ilseoblee-6000.7.0-notifications channel disconnected successfully.
[Licensing::IpcConnector] LicenseClient-ilseoblee-6000.7.0 channel disconnected successfully.
Shut down UDS service system complete
Lingering sessions upon destruction of worker manager
Unity Data Store service was successfully shut down
UDS shutting down local client system
AcceleratorClientConnectionCallback - disconnected - :0
Cleanup mono
CodeReloadManager destroyed
debugger-agent: Unable to listen on 52
[usbmuxd] Stop listen thread
[usbmuxd] Error: 
[usbmuxd] Listen thread exiting
