Unity Editor version:    6000.7.0a5 (a15235a53881)
Branch:                  trunk
Build type:              Release
Batch mode:              YES
macOS version:           Version 26.6.2 (Build 25G83)
Darwin version:          25.6.0
Architecture:            arm64
Running under Rosetta:   NO
Available memory:        65536 MB
Date:                    2026-09-20T08:37:26Z
VBCSCompilerPreWarmer: pre-warm launched (dotnet PID 9012)
VBCSCompiler prewarm took 1.99 ms

The following diagnostic switches are modified from their default values:
	DebugAllocatorMode: ReleaseMemory (default DecommitMemory)

[Licensing::Module] Trying to connect to existing licensing client channel...
[Licensing::IpcConnector] Successfully connected to: "LicenseClient-ilseoblee" at "2026-09-20T08:37:26.699179Z"
Launching external process: /Applications/Unity/Hub/Editor/6000.7.0a5/Unity.app/Contents/Helpers/PackageManager/Server/UnityPackageManager

COMMAND LINE ARGUMENTS:
/Applications/Unity/Hub/Editor/6000.7.0a5/Unity.app/Contents/MacOS/Unity
-batchmode
-nographics
-projectPath
/Volumes/gameWorkspace/worktrees/seoul-kenshi/layered-full3d-16x9-wave2-task10/GAME
-runTests
-testPlatform
EditMode
-assemblyNames
Janseon.Foundation.EditModeTests
-testFilter
Janseon.Foundation.Tests.PerSoldierBattleTests.OccludedTargetAndDeadAttackerCannotDamage
-testResults
/Volumes/gameWorkspace/worktrees/seoul-kenshi/layered-full3d-16x9-wave2-task10/evidence/layered-full3d-16x9-task10/task-10/failure-mutation-red.xml
-logFile
/Volumes/gameWorkspace/worktrees/seoul-kenshi/layered-full3d-16x9-wave2-task10/evidence/layered-full3d-16x9-task10/task-10/failure-mutation-red.log
Successfully changed project path to: /Volumes/gameWorkspace/worktrees/seoul-kenshi/layered-full3d-16x9-wave2-task10/GAME
/Volumes/gameWorkspace/worktrees/seoul-kenshi/layered-full3d-16x9-wave2-task10/GAME
[UnityMemory] Configuration Parameters - Can be set up in boot.config
    "memorysetup-temp-allocator-size-gi-baking-worker=262144"
    "memorysetup-temp-allocator-size-gi-baking-worker=262144"
    "memorysetup-temp-allocator-size-gi-baking-worker=262144"
    "memorysetup-temp-allocator-size-gi-baking-worker=262144"
    "memorysetup-temp-allocator-size-gi-baking-worker=262144"
    "memorysetup-temp-allocator-size-nav-mesh-worker=65536"
    "memorysetup-temp-allocator-size-audio-worker=65536"
    "memorysetup-temp-allocator-size-cloud-worker=32768"
    "memorysetup-entities-archetype-allocator-budget=16777216"
    "memorysetup-entities-query-allocator-budget=16777216"
    "memorysetup-temp-allocator-size-preload-manager=33554432"
    "memorysetup-remapper-allocator-initial-capacity=32768"
    "memorysetup-temp-allocator-size-gfx=262144"
    "memorysetup-allocator-temp-initial-block-size-main=262144"
    "memorysetup-allocator-temp-initial-block-size-worker=262144"
    "memorysetup-temp-allocator-size-background-worker=32768"
    "memorysetup-temp-allocator-size-job-worker=262144"
    "memorysetup-bucket-allocator-granularity=16"
    "memorysetup-bucket-allocator-bucket-count=8"
    "memorysetup-bucket-allocator-block-size=33554432"
    "memorysetup-bucket-allocator-block-count=8"
    "memorysetup-main-allocator-block-size=16777216"
    "memorysetup-thread-allocator-block-size=16777216"
    "memorysetup-main-allocator-mimalloc-enabled=1"
    "memorysetup-gfx-main-allocator-block-size=16777216"
    "memorysetup-gfx-thread-allocator-block-size=16777216"
    "memorysetup-cache-allocator-block-size=4194304"
    "memorysetup-typetree-allocator-block-size=2097152"
    "memorysetup-profiler-bucket-allocator-granularity=16"
    "memorysetup-profiler-bucket-allocator-bucket-count=8"
    "memorysetup-profiler-bucket-allocator-block-size=33554432"
    "memorysetup-profiler-bucket-allocator-block-count=8"
    "memorysetup-profiler-allocator-block-size=16777216"
    "memorysetup-profiler-editor-allocator-block-size=1048576"
    "memorysetup-temp-allocator-size-main=16777216"
    "memorysetup-job-temp-allocator-block-size=2097152"
    "memorysetup-job-temp-allocator-block-size-background=1048576"
    "memorysetup-job-temp-allocator-reduction-small-platforms=262144"
Logging is directed to a specific file, skipping project log.
Player connection [8456692096]  Target information:

Player connection [8456692096]  * "[IP] 192.168.0.218 [Port] 55504 [Flags] 2 [Guid] 3938590914 [EditorId] 3938590914 [Version] 1048832 [Id] OSXEditor(0,MacBook-Pro-2.local) [Debug] 1 [PackageName] OSXEditor [ProjectName] Editor" 

Player connection [8456692096]  * "[IP] 100.71.30.111 [Port] 55504 [Flags] 2 [Guid] 3938590914 [EditorId] 3938590914 [Version] 1048832 [Id] OSXEditor(0,MacBook-Pro-2.local) [Debug] 1 [PackageName] OSXEditor [ProjectName] Editor" 

Player connection [8456692096]  * "[IP] 192.168.0.208 [Port] 55504 [Flags] 2 [Guid] 3938590914 [EditorId] 3938590914 [Version] 1048832 [Id] OSXEditor(0,MacBook-Pro-2.local) [Debug] 1 [PackageName] OSXEditor [ProjectName] Editor" 

Player connection [8456692096] Host joined multi-casting on [225.0.0.222:54997]...
Player connection [8456692096] Host joined alternative multi-casting on [225.0.0.222:34997]...
Input System module state changed to: Initialized.
[Physics::Module] Initialized fallback backend.
[Physics::Module] Id: 0xdecafbad
[Package Manager] Connected to IPC stream "Upm-9011" after 0.1 seconds.
[Licensing::Module] Licensing is not yet initialized.
Launching external process: /Applications/Unity/Hub/Editor/6000.7.0a5/Unity.app/Contents/Helpers/UnityLicensingClient.app/Contents/MacOS/Unity.Licensing.Client
[Licensing::Client] Error: HandshakeResponse reported an error:
	ResponseCode: 505
	ResponseStatus: Unsupported protocol version '1.19.0-rc.1'.
[Licensing::Module] Error: Failed to handshake to channel: "LicenseClient-ilseoblee"
[Licensing::IpcConnector] LicenseClient-ilseoblee channel disconnected successfully.
[Licensing::IpcConnector] Channel LicenseClient-ilseoblee-6000.7.0 doesn't exist
[Licensing::Module] Successfully launched the LicensingClient (PId: 9015)
[Licensing::IpcConnector] Successfully connected to: "LicenseClient-ilseoblee-6000.7.0" at "2026-09-20T08:37:27.082528Z"
Initialising UDS system complete:
  - System type: Client
  - Resource namespace: a86b5087d33bd68f0d9725a1bc68fae8
  - Shared memory size: 1073741824
  - Command buffer id: 1052672
  - Command buffer size: 8192
  - Hashmap size: 4194304
  - Service connected: false
[Licensing::Client] Handshaking with LicensingClient:
  Version:                 1.19.0-rc.1+a1d64c6
  Session Id:              616de9684b884bec93702da7fa489021
  Correlation Id:          411d095e495fc6c74ea1644d0fab48db
  External correlation Id: 5182915058153104378
  Machine Id:              JxhzwWg3pWfWMny3n9AfODBHuIE=
[Licensing::Module] Successfully connected to LicensingClient on channel: "LicenseClient-ilseoblee-6000.7.0" (connect: 0.16s, validation: 0.00s, handshake: 0.06s)
[Licensing::IpcConnector] Successfully connected to: "LicenseClient-ilseoblee-6000.7.0-notifications" at "2026-09-20T08:37:27.142939Z"
[Licensing::Module] Connected to LicensingClient (PId: 9015, launch time: 0.00, total connection time: 0.23s)
[Licensing::Module] Error: Access token is unavailable; failed to update
[Licensing::Client] Successfully resolved entitlement details
[Licensing::Module] License group:
  Id: 86166-UnityPersXXXX
  Product: Unity Personal
  Type: Assigned
  Expiration: Unlimited
[Licensing::Client] Successfully updated license, isAsync: True, time: 0.00
[Licensing::Module] Licensing Background thread has ended after 0.44s
[Licensing::Module] Licensing is initialized (took 0.28s).
[Licensing::Client] Successfully resolved entitlement details
Library Redirect Path: Library/
Launching Unity Data Store - /Applications/Unity/Hub/Editor/6000.7.0a5/Unity.app/Contents/Helpers/Unity.DataStore 
Unity Data Store artifact dir = Library/DataStore, working dir = /Volumes/gameWorkspace/worktrees/seoul-kenshi/layered-full3d-16x9-wave2-task10/GAME[Physics::Module] Selected backend.
[Physics::Module] Name: PhysX
[Physics::Module] Id: 0xf2b8ea05
[Physics::Module] SDK Version: 4.1.2
[Physics::Module] Integration Version: 1.0.0
[Physics::Module] Threading Mode: Multi-Threaded
Unity Data Store running and initialised
Initialize engine version: 6000.7.0a5 (a15235a53881)
[EntityIdStore] init: VM path (explicit commit), pageSize=16384, blockCount=262144, entitiesPerBlock=1024, slots reserved=4294967296 bytes
[Subsystems] Discovering subsystems at path /Applications/Unity/Hub/Editor/6000.7.0a5/Unity.app/Contents/Resources/UnitySubsystems
[Subsystems] Discovering subsystems at path /Volumes/gameWorkspace/worktrees/seoul-kenshi/layered-full3d-16x9-wave2-task10/GAME/Assets
Forcing GfxDevice: Null
GfxDevice: creating device client; kGfxThreadingModeNonThreaded
NullGfxDevice:
    Version:  NULL 1.0 [1.0]
    Renderer: Null Device
    Vendor:   Unity Technologies
Initialize mono
Mono path[0] = '/Applications/Unity/Hub/Editor/6000.7.0a5/Unity.app/Contents/Resources/Scripting/Managed'
Mono path[1] = '/Applications/Unity/Hub/Editor/6000.7.0a5/Unity.app/Contents/Resources/Scripting/BCLExtensions/runtime/netstandard2.1'
Mono path[2] = '/Applications/Unity/Hub/Editor/6000.7.0a5/Unity.app/Contents/Resources/Scripting/MonoBleedingEdge/lib/mono/unityjit-macos'
Mono config path = '/Applications/Unity/Hub/Editor/6000.7.0a5/Unity.app/Contents/Resources/Scripting/MonoBleedingEdge/etc'
Using monoOptions --debugger-agent=transport=dt_socket,embedding=1,server=y,suspend=n,address=127.0.0.1:56011
CodeReloadManager initialized
ImportWorker Server TCP listen port: 0
AcceleratorClientConnectionCallback - disconnected - :0
Begin MonoManager ReloadAssembly
Registering precompiled unity dll's ...
Register platform support module: /Applications/Unity/Hub/Editor/6000.7.0a5/PlaybackEngines/WebGLSupport/UnityEditor.WebGL.Extensions.dll
Register platform support module: /Applications/Unity/Hub/Editor/6000.7.0a5/PlaybackEngines/MacStandaloneSupport/UnityEditor.OSXStandalone.Extensions.dll
Register platform support module: /Applications/Unity/Hub/Editor/6000.7.0a5/PlaybackEngines/WindowsStandaloneSupport/UnityEditor.WindowsStandalone.Extensions.dll
[Licensing::Client] Successfully resolved entitlement details
Register platform support module: /Applications/Unity/Hub/Editor/6000.7.0a5/PlaybackEngines/AndroidPlayer/UnityEditor.Android.Extensions.dll
[Licensing::Client] Successfully resolved entitlement details
Register platform support module: /Applications/Unity/Hub/Editor/6000.7.0a5/PlaybackEngines/iOSSupport/UnityEditor.iOS.Extensions.dll
Register platform support module: /Applications/Unity/Hub/Editor/6000.7.0a5/PlaybackEngines/LinuxStandaloneSupport/UnityEditor.LinuxStandalone.Extensions.dll
Registered in 0.001980 seconds.
[MODES] ModeService[none].Initialize
[MODES] ModeService[none].LoadModes
[MODES] Loading mode Default (0) for mode-current-id-서울:전국
[usbmuxd] Start listen thread
[usbmuxd] Listen thread started
[usbmuxd] Send listen message
Package Manager log level set to [2]
Native extension for LinuxStandalone target not found
Native extension for iOS target not found
Native extension for Android target not found
Native extension for WindowsStandalone target not found
Native extension for OSXStandalone target not found
Native extension for WebGL target not found
[Licensing::Client] Successfully resolved entitlement details
Diagnostic switches are active and may impact performance or degrade your user experience. Switches can be configured through the Diagnostics section in the Preferences window.
	DebugAllocatorMode: 0
ScheduleIndexationOnStartup MainProcess:False IndexOnStartup:False
Scripting: successfully reloaded assembly
- Finished resetting the current domain, in  2.348 seconds
Domain Reload Profiling: 2681ms
	BeginReloadAssembly (74ms)
	RebuildCommonClasses (3ms)
	RebuildNativeTypeToScriptingClass (9ms)
	initialDomainReloadingComplete (32ms)
	LoadAllAssembliesAndSetupDomain (214ms)
		LoadAssemblies (72ms)
		TypeCache.Refresh (126ms)
			TypeCache.ScanAssembly (117ms)
		AnalyzeDomain (0ms)
	FinalizeReload (2349ms)
		SetupLoadedEditorAssemblies (0ms)
			InitializePlatformSupportModulesInManaged (26ms)
			BeforeProcessingInitializeOnLoad (86ms)
			ProcessInitializeOnLoadAttributes (34ms)
			ProcessInitializeOnLoadMethodAttributes (2011ms)
[Licensing::Client] Successfully resolved entitlement details
Application.AssetDatabase Initial Refresh Start
[Package Manager] Restoring resolved packages state from cache
[Licensing::Client] Successfully resolved entitlement details
[Package Manager] Registered 59 packages:
  Packages from [https://packages.unity.com]:
    com.unity.ide.rider@3.0.38 (location: /Volumes/gameWorkspace/worktrees/seoul-kenshi/layered-full3d-16x9-wave2-task10/GAME/Library/PackageCache/com.unity.ide.rider@1f60b3138684)
    com.unity.ide.visualstudio@2.0.26 (location: /Volumes/gameWorkspace/worktrees/seoul-kenshi/layered-full3d-16x9-wave2-task10/GAME/Library/PackageCache/com.unity.ide.visualstudio@a99d56dec63f)
    com.unity.inputsystem@1.20.0 (location: /Volumes/gameWorkspace/worktrees/seoul-kenshi/layered-full3d-16x9-wave2-task10/GAME/Library/PackageCache/com.unity.inputsystem@7a4e1a2a8194)
    com.unity.nuget.newtonsoft-json@3.2.2 (location: /Volumes/gameWorkspace/worktrees/seoul-kenshi/layered-full3d-16x9-wave2-task10/GAME/Library/PackageCache/com.unity.nuget.newtonsoft-json@4dfd81071c64)
    com.unity.searcher@4.9.5 (location: /Volumes/gameWorkspace/worktrees/seoul-kenshi/layered-full3d-16x9-wave2-task10/GAME/Library/PackageCache/com.unity.searcher@a463122f2c00)
    com.unity.nuget.mono-cecil@1.11.6 (location: /Volumes/gameWorkspace/worktrees/seoul-kenshi/layered-full3d-16x9-wave2-task10/GAME/Library/PackageCache/com.unity.nuget.mono-cecil@ecb9724e46ff)
  Built-in packages:
    com.unity.render-pipelines.universal@17.7.0 (location: /Volumes/gameWorkspace/worktrees/seoul-kenshi/layered-full3d-16x9-wave2-task10/GAME/Library/PackageCache/com.unity.render-pipelines.universal@c657e0850617)
    com.unity.test-framework@1.8.0 (location: /Volumes/gameWorkspace/worktrees/seoul-kenshi/layered-full3d-16x9-wave2-task10/GAME/Library/PackageCache/com.unity.test-framework@4c309923fa3b)
    com.unity.ugui@2.7.0 (location: /Volumes/gameWorkspace/worktrees/seoul-kenshi/layered-full3d-16x9-wave2-task10/GAME/Library/PackageCache/com.unity.ugui@8e276752998c)
    com.unity.modules.accessibility@1.0.0 (location: /Volumes/gameWorkspace/worktrees/seoul-kenshi/layered-full3d-16x9-wave2-task10/GAME/Library/PackageCache/com.unity.modules.accessibility)
    com.unity.modules.adaptiveperformance@1.0.0 (location: /Volumes/gameWorkspace/worktrees/seoul-kenshi/layered-full3d-16x9-wave2-task10/GAME/Library/PackageCache/com.unity.modules.adaptiveperformance)
    com.unity.modules.ai@1.0.0 (location: /Volumes/gameWorkspace/worktrees/seoul-kenshi/layered-full3d-16x9-wave2-task10/GAME/Library/PackageCache/com.unity.modules.ai)
    com.unity.modules.androidjni@1.0.0 (location: /Volumes/gameWorkspace/worktrees/seoul-kenshi/layered-full3d-16x9-wave2-task10/GAME/Library/PackageCache/com.unity.modules.androidjni)
    com.unity.modules.animation@1.0.0 (location: /Volumes/gameWorkspace/worktrees/seoul-kenshi/layered-full3d-16x9-wave2-task10/GAME/Library/PackageCache/com.unity.modules.animation)
    com.unity.modules.assetbundle@1.0.0 (location: /Volumes/gameWorkspace/worktrees/seoul-kenshi/layered-full3d-16x9-wave2-task10/GAME/Library/PackageCache/com.unity.modules.assetbundle)
    com.unity.modules.audio@1.0.0 (location: /Volumes/gameWorkspace/worktrees/seoul-kenshi/layered-full3d-16x9-wave2-task10/GAME/Library/PackageCache/com.unity.modules.audio)
    com.unity.modules.cloth@1.0.0 (location: /Volumes/gameWorkspace/worktrees/seoul-kenshi/layered-full3d-16x9-wave2-task10/GAME/Library/PackageCache/com.unity.modules.cloth)
    com.unity.modules.director@1.0.0 (location: /Volumes/gameWorkspace/worktrees/seoul-kenshi/layered-full3d-16x9-wave2-task10/GAME/Library/PackageCache/com.unity.modules.director)
    com.unity.modules.imageconversion@1.0.0 (location: /Volumes/gameWorkspace/worktrees/seoul-kenshi/layered-full3d-16x9-wave2-task10/GAME/Library/PackageCache/com.unity.modules.imageconversion)
    com.unity.modules.imgui@1.0.0 (location: /Volumes/gameWorkspace/worktrees/seoul-kenshi/layered-full3d-16x9-wave2-task10/GAME/Library/PackageCache/com.unity.modules.imgui)
    com.unity.modules.jsonserialize@1.0.0 (location: /Volumes/gameWorkspace/worktrees/seoul-kenshi/layered-full3d-16x9-wave2-task10/GAME/Library/PackageCache/com.unity.modules.jsonserialize)
    com.unity.modules.particlesystem@1.0.0 (location: /Volumes/gameWorkspace/worktrees/seoul-kenshi/layered-full3d-16x9-wave2-task10/GAME/Library/PackageCache/com.unity.modules.particlesystem)
    com.unity.modules.physics@1.0.0 (location: /Volumes/gameWorkspace/worktrees/seoul-kenshi/layered-full3d-16x9-wave2-task10/GAME/Library/PackageCache/com.unity.modules.physics)
    com.unity.modules.physics2d@1.0.0 (location: /Volumes/gameWorkspace/worktrees/seoul-kenshi/layered-full3d-16x9-wave2-task10/GAME/Library/PackageCache/com.unity.modules.physics2d)
    com.unity.modules.physicscore2d@1.0.0 (location: /Volumes/gameWorkspace/worktrees/seoul-kenshi/layered-full3d-16x9-wave2-task10/GAME/Library/PackageCache/com.unity.modules.physicscore2d)
    com.unity.modules.screencapture@1.0.0 (location: /Volumes/gameWorkspace/worktrees/seoul-kenshi/layered-full3d-16x9-wave2-task10/GAME/Library/PackageCache/com.unity.modules.screencapture)
    com.unity.modules.smartstrings@1.0.0 (location: /Volumes/gameWorkspace/worktrees/seoul-kenshi/layered-full3d-16x9-wave2-task10/GAME/Library/PackageCache/com.unity.modules.smartstrings)
    com.unity.modules.terrain@1.0.0 (location: /Volumes/gameWorkspace/worktrees/seoul-kenshi/layered-full3d-16x9-wave2-task10/GAME/Library/PackageCache/com.unity.modules.terrain)
    com.unity.modules.terrainphysics@1.0.0 (location: /Volumes/gameWorkspace/worktrees/seoul-kenshi/layered-full3d-16x9-wave2-task10/GAME/Library/PackageCache/com.unity.modules.terrainphysics)
    com.unity.modules.tetgen@1.0.0 (location: /Volumes/gameWorkspace/worktrees/seoul-kenshi/layered-full3d-16x9-wave2-task10/GAME/Library/PackageCache/com.unity.modules.tetgen)
    com.unity.modules.tilemap@1.0.0 (location: /Volumes/gameWorkspace/worktrees/seoul-kenshi/layered-full3d-16x9-wave2-task10/GAME/Library/PackageCache/com.unity.modules.tilemap)
    com.unity.modules.timelinefoundation@1.0.0 (location: /Volumes/gameWorkspace/worktrees/seoul-kenshi/layered-full3d-16x9-wave2-task10/GAME/Library/PackageCache/com.unity.modules.timelinefoundation)
    com.unity.modules.ui@1.0.0 (location: /Volumes/gameWorkspace/worktrees/seoul-kenshi/layered-full3d-16x9-wave2-task10/GAME/Library/PackageCache/com.unity.modules.ui)
    com.unity.modules.uielements@1.0.0 (location: /Volumes/gameWorkspace/worktrees/seoul-kenshi/layered-full3d-16x9-wave2-task10/GAME/Library/PackageCache/com.unity.modules.uielements)
    com.unity.modules.umbra@1.0.0 (location: /Volumes/gameWorkspace/worktrees/seoul-kenshi/layered-full3d-16x9-wave2-task10/GAME/Library/PackageCache/com.unity.modules.umbra)
    com.unity.modules.unityanalytics@1.0.0 (location: /Volumes/gameWorkspace/worktrees/seoul-kenshi/layered-full3d-16x9-wave2-task10/GAME/Library/PackageCache/com.unity.modules.unityanalytics)
    com.unity.modules.unitywebrequest@1.0.0 (location: /Volumes/gameWorkspace/worktrees/seoul-kenshi/layered-full3d-16x9-wave2-task10/GAME/Library/PackageCache/com.unity.modules.unitywebrequest)
    com.unity.modules.unitywebrequestassetbundle@1.0.0 (location: /Volumes/gameWorkspace/worktrees/seoul-kenshi/layered-full3d-16x9-wave2-task10/GAME/Library/PackageCache/com.unity.modules.unitywebrequestassetbundle)
    com.unity.modules.unitywebrequestaudio@1.0.0 (location: /Volumes/gameWorkspace/worktrees/seoul-kenshi/layered-full3d-16x9-wave2-task10/GAME/Library/PackageCache/com.unity.modules.unitywebrequestaudio)
    com.unity.modules.unitywebrequesttexture@1.0.0 (location: /Volumes/gameWorkspace/worktrees/seoul-kenshi/layered-full3d-16x9-wave2-task10/GAME/Library/PackageCache/com.unity.modules.unitywebrequesttexture)
    com.unity.modules.unitywebrequestwww@1.0.0 (location: /Volumes/gameWorkspace/worktrees/seoul-kenshi/layered-full3d-16x9-wave2-task10/GAME/Library/PackageCache/com.unity.modules.unitywebrequestwww)
    com.unity.modules.vectorgraphics@1.0.0 (location: /Volumes/gameWorkspace/worktrees/seoul-kenshi/layered-full3d-16x9-wave2-task10/GAME/Library/PackageCache/com.unity.modules.vectorgraphics)
    com.unity.modules.vehicles@1.0.0 (location: /Volumes/gameWorkspace/worktrees/seoul-kenshi/layered-full3d-16x9-wave2-task10/GAME/Library/PackageCache/com.unity.modules.vehicles)
    com.unity.modules.video@1.0.0 (location: /Volumes/gameWorkspace/worktrees/seoul-kenshi/layered-full3d-16x9-wave2-task10/GAME/Library/PackageCache/com.unity.modules.video)
    com.unity.modules.wind@1.0.0 (location: /Volumes/gameWorkspace/worktrees/seoul-kenshi/layered-full3d-16x9-wave2-task10/GAME/Library/PackageCache/com.unity.modules.wind)
    com.unity.modules.xr@1.0.0 (location: /Volumes/gameWorkspace/worktrees/seoul-kenshi/layered-full3d-16x9-wave2-task10/GAME/Library/PackageCache/com.unity.modules.xr)
    com.unity.modules.subsystems@1.0.0 (location: /Volumes/gameWorkspace/worktrees/seoul-kenshi/layered-full3d-16x9-wave2-task10/GAME/Library/PackageCache/com.unity.modules.subsystems)
    com.unity.modules.hierarchycore@1.0.0 (location: /Volumes/gameWorkspace/worktrees/seoul-kenshi/layered-full3d-16x9-wave2-task10/GAME/Library/PackageCache/com.unity.modules.hierarchycore)
    com.unity.ext.nunit@2.1.1 (location: /Volumes/gameWorkspace/worktrees/seoul-kenshi/layered-full3d-16x9-wave2-task10/GAME/Library/PackageCache/com.unity.ext.nunit@f6178be85c6e)
    com.unity.render-pipelines.core@17.7.0 (location: /Volumes/gameWorkspace/worktrees/seoul-kenshi/layered-full3d-16x9-wave2-task10/GAME/Library/PackageCache/com.unity.render-pipelines.core@c86064616c0c)
    com.unity.shadergraph@17.7.0 (location: /Volumes/gameWorkspace/worktrees/seoul-kenshi/layered-full3d-16x9-wave2-task10/GAME/Library/PackageCache/com.unity.shadergraph@f32f227ad317)
    com.unity.render-pipelines.universal-config@17.7.0 (location: /Volumes/gameWorkspace/worktrees/seoul-kenshi/layered-full3d-16x9-wave2-task10/GAME/Library/PackageCache/com.unity.render-pipelines.universal-config@767fc04a69c2)
    com.unity.graph-authoring@1.0.0 (location: /Volumes/gameWorkspace/worktrees/seoul-kenshi/layered-full3d-16x9-wave2-task10/GAME/Library/PackageCache/com.unity.graph-authoring@cfd2588851ee)
    com.unity.burst@2.0.0 (location: /Volumes/gameWorkspace/worktrees/seoul-kenshi/layered-full3d-16x9-wave2-task10/GAME/Library/PackageCache/com.unity.burst@626e66ab421b)
    com.unity.collections@6.7.0 (location: /Volumes/gameWorkspace/worktrees/seoul-kenshi/layered-full3d-16x9-wave2-task10/GAME/Library/PackageCache/com.unity.collections@642e35c36221)
    com.unity.profiling.core@1.0.3 (location: /Volumes/gameWorkspace/worktrees/seoul-kenshi/layered-full3d-16x9-wave2-task10/GAME/Library/PackageCache/com.unity.profiling.core@9f367c25a5d3)
    com.unity.test-framework.performance@6.6.0 (location: /Volumes/gameWorkspace/worktrees/seoul-kenshi/layered-full3d-16x9-wave2-task10/GAME/Library/PackageCache/com.unity.test-framework.performance@2779acc3f9c0)
  Local packages:
    com.islee.unity-remote@file:/Volumes/gameWorkspace/worktrees/seoul-kenshi/layered-full3d-16x9-wave2-task10/TOOL/unity-remote/unity-package (location: /Volumes/gameWorkspace/worktrees/seoul-kenshi/layered-full3d-16x9-wave2-task10/TOOL/unity-remote/unity-package)
  Git packages:
    jp.hadashikick.vcontainer@https://github.com/hadashiA/VContainer.git?path=VContainer/Assets/VContainer#1.19.0 (location: /Volumes/gameWorkspace/worktrees/seoul-kenshi/layered-full3d-16x9-wave2-task10/GAME/Library/PackageCache/jp.hadashikick.vcontainer@dcf16cda6a65)
[Subsystems] No new subsystems found in resolved package list.
[Package Manager] Done registering packages in 0.00 seconds
ADB: OOP importers: 'AudioImporter' is OOP-eligible (per-importer)
ADB: OOP importers: 'ComputeShaderImporter' is OOP-eligible (per-importer)
ADB: OOP importers: 'FBXImporter' is OOP-eligible (per-importer)
ADB: OOP importers: 'Mesh3DSImporter' is OOP-eligible (per-importer)
ADB: OOP importers: 'PrefabImporter' is OOP-eligible (per-importer)
ADB: OOP importers: 'RayTracingShaderImporter' is OOP-eligible (per-importer)
ADB: OOP importers: 'ShaderImporter' is OOP-eligible (per-importer)
ADB: OOP importers: 'TextScriptImporter' is OOP-eligible (per-importer)
ADB: OOP importers: 'TextureImporter' is OOP-eligible (per-importer)
ADB: OOP importers: 'TrueTypeFontImporter' is OOP-eligible (per-importer)
ADB: OOP importers: 'VideoClipImporter' is OOP-eligible (per-importer)
ADB: OOP importers: queue -1003 composition: TextureImporter, TextureImporter, TextureImporter, TextureImporter, TextureImporter, TextureImporter, TextureImporter, TextureImporter, TextureImporter, TextureImporter, TextureImporter, TextureImporter, TextureImporter, TextureImporter, TextureImporter (only the named importers above run OOP; the rest stay in-process)
ADB: OOP importers: queue -1001 composition: ShaderImporter, ComputeShaderImporter, RayTracingShaderImporter (only the named importers above run OOP; the rest stay in-process)
ADB: OOP importers: queue 2 composition: TrueTypeFontImporter, TrueTypeFontImporter, TrueTypeFontImporter, TrueTypeFontImporter (only the named importers above run OOP; the rest stay in-process)
ADB: OOP importers: queue 100 composition: Mesh3DSImporter, FBXImporter, FBXImporter, FBXImporter, FBXImporter, FBXImporter, FBXImporter, FBXImporter, FBXImporter, FBXImporter, FBXImporter (only the named importers above run OOP; the rest stay in-process)
ADB: OOP importers: queue 1050 composition: TextScriptImporter, TextScriptImporter, TextScriptImporter, TextScriptImporter, TextScriptImporter, TextScriptImporter, TextScriptImporter, TextScriptImporter, TextScriptImporter, TextScriptImporter, TextScriptImporter, TextScriptImporter (only the named importers above run OOP; the rest stay in-process)
ADB: OOP importers: queue 1100 composition: AudioImporter, AudioImporter, AudioImporter, AudioImporter, AudioImporter, AudioImporter, AudioImporter, AudioImporter, AudioImporter, AudioImporter (only the named importers above run OOP; the rest stay in-process)
ADB: OOP importers: queue 1500 composition: PrefabImporter (only the named importers above run OOP; the rest stay in-process)
ADB: OOP importers: queue 1700 composition: VideoClipImporter, VideoClipImporter, VideoClipImporter, VideoClipImporter, VideoClipImporter, VideoClipImporter, VideoClipImporter, VideoClipImporter, VideoClipImporter, VideoClipImporter (only the named importers above run OOP; the rest stay in-process)
[ScriptCompilation] Requested script compilation because: AssetDatabase observed changes in script compilation related files
Starting: /Applications/Unity/Hub/Editor/6000.7.0a5/Unity.app/Contents/Resources/BuildPipeline/bee_backend --ipc --defer-dag-verification --dagfile="Library/Bee/200b0aE.dag" --continue-on-failure --profile="Library/Bee/backend1.traceevents" ScriptAssemblies
WorkingDir: /Volumes/gameWorkspace/worktrees/seoul-kenshi/layered-full3d-16x9-wave2-task10/GAME
DisplayProgressbar: Compiling Scripts
warn: Unity.ILPP.Runner.PostProcessingAssemblyLoadContext[0]
      Assembly unityeditor.ios.extensions.xcode has duplicate hint path. Ignoring "/Applications/Unity/Hub/Editor/6000.7.0a5/PlaybackEngines/iOSSupport/UnityEditor.iOS.Extensions.Xcode.dll" in favor of "/Applications/Unity/Hub/Editor/6000.7.0a5/PlaybackEngines/MacStandaloneSupport/UnityEditor.iOS.Extensions.Xcode.dll"
warn: Unity.ILPP.Runner.PostProcessingAssemblyLoadContext[0]
      Assembly system.runtime.interopservices.windowsruntime has duplicate hint path. Ignoring "/Applications/Unity/Hub/Editor/6000.7.0a5/Unity.app/Contents/Resources/Scripting/UnityReferenceAssemblies/unity-4.8-api/Facades/System.Runtime.InteropServices.WindowsRuntime.dll" in favor of "/Applications/Unity/Hub/Editor/6000.7.0a5/Unity.app/Contents/Resources/Scripting/NetStandard/Extensions/2.0.0/System.Runtime.InteropServices.WindowsRuntime.dll"
warn: Unity.ILPP.Runner.PostProcessingAssemblyLoadContext[0]
      Assembly system.componentmodel.composition has duplicate hint path. Ignoring "/Applications/Unity/Hub/Editor/6000.7.0a5/Unity.app/Contents/Resources/Scripting/UnityReferenceAssemblies/unity-4.8-api/System.ComponentModel.Composition.dll" in favor of "/Applications/Unity/Hub/Editor/6000.7.0a5/Unity.app/Contents/Resources/Scripting/NetStandard/compat/2.1.0/shims/netfx/System.ComponentModel.Composition.dll"
ExitCode: 0 Duration: 0s577ms
[580/763    0s] Csc Library/Bee/artifacts/200b0aE.dag/Janseon.Core.dll (+2 others)
[588/763    0s] ILPP-Configuration Library/ilpp-configuration.nevergeneratedoutput
[739/763    0s] ILPostProcess Library/Bee/artifacts/200b0aE.dag/post-processed/Janseon.Foundation.Editor.dll (+pdb)
Processing assembly Library/Bee/artifacts/200b0aE.dag/Janseon.Foundation.Editor.dll, with 141 defines and 317 references
processors: Unity.Jobs.CodeGen.JobsILPostProcessor, zzzUnity.Burst.CodeGen.BurstILPostProcessor
1 processor(s) skipped this assembly
running Unity.Jobs.CodeGen.JobsILPostProcessor
[740/763    0s] ILPostProcess Library/Bee/artifacts/200b0aE.dag/post-processed/Janseon.Data.Editor.dll (+pdb)
Processing assembly Library/Bee/artifacts/200b0aE.dag/Janseon.Data.Editor.dll, with 141 defines and 315 references
processors: Unity.Jobs.CodeGen.JobsILPostProcessor, zzzUnity.Burst.CodeGen.BurstILPostProcessor
1 processor(s) skipped this assembly
running Unity.Jobs.CodeGen.JobsILPostProcessor
[741/763    0s] ILPostProcess Library/Bee/artifacts/200b0aE.dag/post-processed/Janseon.Data.dll (+pdb)
Processing assembly Library/Bee/artifacts/200b0aE.dag/Janseon.Data.dll, with 143 defines and 305 references
processors: Unity.Jobs.CodeGen.JobsILPostProcessor, zzzUnity.Burst.CodeGen.BurstILPostProcessor
1 processor(s) skipped this assembly
running Unity.Jobs.CodeGen.JobsILPostProcessor
[742/763    0s] ILPostProcess Library/Bee/artifacts/200b0aE.dag/post-processed/Janseon.Foundation.dll (+pdb)
Processing assembly Library/Bee/artifacts/200b0aE.dag/Janseon.Foundation.dll, with 143 defines and 308 references
processors: Unity.Jobs.CodeGen.JobsILPostProcessor, zzzUnity.Burst.CodeGen.BurstILPostProcessor
1 processor(s) skipped this assembly
running Unity.Jobs.CodeGen.JobsILPostProcessor
[743/763    0s] ILPostProcess Library/Bee/artifacts/200b0aE.dag/post-processed/Janseon.Foundation.EditModeTests.dll (+pdb)
Processing assembly Library/Bee/artifacts/200b0aE.dag/Janseon.Foundation.EditModeTests.dll, with 141 defines and 315 references
processors: Unity.Jobs.CodeGen.JobsILPostProcessor, zzzUnity.Burst.CodeGen.BurstILPostProcessor
1 processor(s) skipped this assembly
running Unity.Jobs.CodeGen.JobsILPostProcessor
[744/763    0s] ILPostProcess Library/Bee/artifacts/200b0aE.dag/post-processed/Janseon.Core.dll (+pdb)
Processing assembly Library/Bee/artifacts/200b0aE.dag/Janseon.Core.dll, with 143 defines and 143 references
processors: Unity.Jobs.CodeGen.JobsILPostProcessor, zzzUnity.Burst.CodeGen.BurstILPostProcessor
1 processor(s) skipped this assembly
running Unity.Jobs.CodeGen.JobsILPostProcessor
[745/763    0s] ILPostProcess Library/Bee/artifacts/200b0aE.dag/post-processed/Janseon.Foundation.PlayModeTests.dll (+pdb)
Processing assembly Library/Bee/artifacts/200b0aE.dag/Janseon.Foundation.PlayModeTests.dll, with 143 defines and 301 references
processors: Unity.Jobs.CodeGen.JobsILPostProcessor, zzzUnity.Burst.CodeGen.BurstILPostProcessor
1 processor(s) skipped this assembly
running Unity.Jobs.CodeGen.JobsILPostProcessor
[746/763    0s] ILPostProcess Library/Bee/artifacts/200b0aE.dag/post-processed/Assembly-CSharp-Editor.dll (+pdb)
Processing assembly Library/Bee/artifacts/200b0aE.dag/Assembly-CSharp-Editor.dll, with 141 defines and 359 references
processors: Unity.Jobs.CodeGen.JobsILPostProcessor, zzzUnity.Burst.CodeGen.BurstILPostProcessor
1 processor(s) skipped this assembly
running Unity.Jobs.CodeGen.JobsILPostProcessor
[755/763    0s] CopyFiles Library/ScriptAssemblies/Janseon.Core.dll
[756/763    0s] CopyFiles Library/ScriptAssemblies/Janseon.Core.pdb
*** Tundra build success (0.53 seconds), 12 items updated, 763 evaluated
AssetDatabase: script compilation time: 1.035981s
Total cache size 266337316
Total cache size after purge 266337316, took 00:00:00.0852415
Begin MonoManager ReloadAssembly
Symbol file LoadedFromMemory is not a mono symbol file
'Packages/com.unity.render-pipelines.core/Editor/Deprecated.cs' contains partial class of Unity.Object, exactly 1 of the partial classes needs to be in a file with the same filename. This is to know the one that can be referenced from ie. GameObjects
'Packages/com.unity.render-pipelines.core/Editor/Deprecated.cs' contains partial class of Unity.Object, exactly 1 of the partial classes needs to be in a file with the same filename. This is to know the one that can be referenced from ie. GameObjects
[MODES] ModeService[none].Initialize
[MODES] ModeService[none].LoadModes
Native extension for LinuxStandalone target not found
Native extension for iOS target not found
Native extension for Android target not found
Native extension for WindowsStandalone target not found
Native extension for OSXStandalone target not found
Native extension for WebGL target not found
ScheduleIndexationOnStartup MainProcess:True IndexOnStartup:False
Diagnostic switches are active and may impact performance or degrade your user experience. Switches can be configured through the Diagnostics section in the Preferences window.
	DebugAllocatorMode: 0
Scripting: successfully reloaded assembly
- Finished resetting the current domain, in  0.381 seconds
Domain Reload Profiling: 807ms
	BeginReloadAssembly (112ms)
		DisableScriptedObjects (10ms)
		CreateAndSetChildDomain (24ms)
	RebuildCommonClasses (5ms)
	RebuildNativeTypeToScriptingClass (8ms)
	initialDomainReloadingComplete (31ms)
	LoadAllAssembliesAndSetupDomain (270ms)
		LoadAssemblies (112ms)
		TypeCache.Refresh (55ms)
			TypeCache.ScanAssembly (46ms)
		AnalyzeDomain (23ms)
			BuildScriptInfoCaches (21ms)
	FinalizeReload (382ms)
		SetupLoadedEditorAssemblies (0ms)
			InitializePlatformSupportModulesInManaged (9ms)
			BeforeProcessingInitializeOnLoad (54ms)
			ProcessInitializeOnLoadAttributes (63ms)
			ProcessInitializeOnLoadMethodAttributes (33ms)
		AwakeInstancesAfterBackupRestoration (12ms)
Starting new worker id: 0 with log in /Volumes/gameWorkspace/worktrees/seoul-kenshi/layered-full3d-16x9-wave2-task10/GAME/Logs/AssetImportWorkerHW0.log

Asset Pipeline Refresh (id=37e5bcfc9b4184491960c3d2f46b846c): Total: 3.272 seconds - Initiated by InitialRefreshV2(ForceSynchronousImport)
	(Values over 0.05ms)
	Summary:
		Imports: total=0 (actual=0, local cache=0, cache server=0)
		Asset DB Process Time: managed=0 ms, native=653 ms
		Asset DB Callback time: managed=1135 ms, native=4 ms
		Scripting: domain reloads=1, domain reload time=440 ms, compile time=1037 ms, other=0 ms
		Project Asset Count: scripts=981, non-scripts=1966
		Asset File Changes: new=0, changed=2, moved=0, deleted=0
		Scan Filter Count: 1
	InvokePackagesCallback: 4.756ms
	ApplyChangesToAssetFolders: 0.235ms
	Scan: 163.225ms
	Collect global state as custom dependencies: 3.319ms
	OnSourceAssetsModified: 0.287ms
	CategorizeScriptCompilationAssets: 9.977ms
	ProcessAssetsWithTransientArtifactChanges: 21.551ms
	CategorizeAssets: 29.133ms
	CompileScripts: 1036.699ms
	ImportOutOfDateAssets: 385.388ms (383.579ms without children)
		UnloadImportedAssets: 0.128ms
		EnsureUptoDateAssetsAreRegisteredWithGuidPM: 0.268ms
		ImportSchedulerStart: 1.412ms
	PostProcessAllAssets: 1135.729ms
		MonoPostProcessAllAssets: 1135.402ms
			UniversalRenderPipelineGlobalSettingsPostprocessor.OnPostprocessAllAssets 1083.287ms
			AssetPostprocessor.OnPostprocessAllAssets 27.276ms
			StyleCatalogPostProcessor.OnPostprocessAllAssets 6.154ms
			SyncVS.PostprocessSyncProject 4.221ms
			BuilderAssetPostprocessor.OnPostprocessAllAssets 3.009ms
			AssetChangedListener.OnPostprocessAllAssets 0.935ms
			ShaderGraphAssetPostProcessor.OnPostprocessAllAssets 0.832ms
			SpeedTree9Postprocessor.OnPostprocessAllAssets 0.823ms
			RetainedModeAssetPostprocessor.OnPostprocessAllAssets 0.666ms
			EditModeScopePostprocessor.OnPostprocessAllAssets 0.660ms
			MaterialPostprocessor.OnPostprocessAllAssets 0.358ms
			ShaderReflectionAssetPostProcessor.OnPostprocessAllAssets 0.220ms
			ArtifactBrowserPostProcessor.OnPostprocessAllAssets 0.187ms
			TextAssetPostProcessor.OnPostprocessAllAssets 0.171ms
			PostProcessor.OnPostprocessAllAssets 0.155ms
			AudioMixerPostprocessor.OnPostprocessAllAssets 0.152ms
			ReferencedClipsPostProcessor.OnPostprocessAllAssets 0.149ms
			InputActionAssetPostprocessor.OnPostprocessAllAssets 0.145ms
			TerrainToolbarOverlayPostProcessor.OnPostprocessAllAssets 0.135ms
			AssetEvents.OnPostprocessAllAssets 0.125ms
			InputActionJsonNameModifierAssetProcessor.OnPostprocessAllAssets 0.113ms
			TMPro_TexturePostProcessor.OnPostprocessAllAssets 0.109ms
			Postprocessor.OnPostprocessAllAssets 0.105ms
			WindowAssetPostprocessingWatcher.OnPostprocessAllAssets 0.102ms
			ProjectSettingsPostprocessor.OnPostprocessAllAssets 0.092ms
			ConfigAssetsTracker.OnPostprocessAllAssets 0.075ms
			SpeedTreePostProcessor.OnPostprocessAllAssets 0.073ms
			AssetDatabaseCallbacks.OnPostprocessAllAssets 0.073ms
			ThemePostprocessor.OnPostprocessAllAssets 0.056ms
			AudioContainerPostProcessor.OnPostprocessAllAssets 0.053ms
			ScenarioDriftAssetsTracker.OnPostprocessAllAssets 0.051ms
	PostAssetChangesProfiler: 0.519ms
	UnloadStreamsBegin: 0.623ms
	PersistCurrentRevisions: 0.062ms
	GenerateScriptTypeHashes: 0.936ms
	GenerateScriptTypeSerializationHashes: 1.930ms
	Untracked: 474.947ms

Application.AssetDatabase Initial Refresh End
Worker ready: AssetImportWorkerHW0 0
Shader Hidden/ChartRasterizerHardware is not supported: GPU does not support conservative rasterization
Shader Hidden/ChartRasterizerHardware is not supported: GPU does not support conservative rasterization
Scanning for USB devices : 0.513ms
Initializing Unity extensions:
Unloading 284 Unused Serialized files (Serialized files now loaded: 0)
Unloading 3906 unused Assets / (5.8 MB). Loaded Objects now: 4860.
Memory consumption went from 0.53 GB to 0.53 GB.
Total: 6.606708 ms (FindLiveObjects: 0.285292 ms CreateObjectMapping: 0.071416 ms MarkObjects: 4.703000 ms  DeleteObjects: 1.482458 ms)

[Project] Loading completed in 7.557 seconds
	Project init time: 				7.149 seconds
		Template init time: 		0.000 seconds
		Package Manager init time: 		0.357 seconds
		Asset Database init time: 		0.112 seconds
		Global illumination init time: 	0.001 seconds
		Assemblies load time: 			2.698 seconds
		Unity extensions init time: 	0.006 seconds
		Asset Database refresh time: 	3.272 seconds
	Scene opening time: 			0.368 seconds
##utp:{"type":"ProjectInfo","version":2,"phase":"Immediate","time":1789893454251,"processId":9011,"projectLoad":7.5569325,"projectInit":7.148850875,"templateInit":0.0,"packageManagerInit":0.356982208,"assetDatabaseInit":0.111979916,"globalIlluminationInit":0.000813209,"assembliesLoad":2.6978255,"unityExtensionsInit":0.005736875,"assetDatabaseRefresh":3.271671959,"sceneOpening":0.368446125}
##utp:{"type":"EditorInfo","version":2,"phase":"Immediate","time":1789893454251,"processId":9011,"editorVersion":"6000.7.0a5 (a15235a53881)","branch":"trunk","buildType":"Release","platform":"OSX"}
Asset Pipeline Refresh (id=e022d24f0b8034b7aa3563088360609c): Total: 0.111 seconds - Initiated by RefreshV2(ForceSynchronousImport)
[Licensing::Client] Successfully resolved entitlement details
Running tests for ExecutionSettings with details:
targetPlatform = 
playerHeartbeatTimeout = 600
filters[0] = 
   Filter with settings:
   testMode = EditMode
   targetPlatform = 
   testNames = null
   groupNames = Janseon.Foundation.Tests.PerSoldierBattleTests.OccludedTargetAndDeadAttackerCannotDamage
   categoryNames = null
   assemblyNames = Janseon.Foundation.EditModeTests
ignoreTests = {}
featureFlags = null

UnityEngine.Debug:ExtractStackTraceNoAlloc (byte*,int,string)
UnityEngine.StackTraceUtility:ExtractStackTrace () (at /Users/bokken/build/output/unity/unity/Runtime/Export/Scripting/StackTrace.cs:23)
UnityEngine.DebugLogHandler:Internal_Log (UnityEngine.LogType,UnityEngine.LogOption,string,UnityEngine.Object)
UnityEngine.DebugLogHandler:LogFormat (UnityEngine.LogType,UnityEngine.Object,string,object[])
UnityEngine.Logger:Log (UnityEngine.LogType,object)
UnityEngine.Debug:Log (object)
UnityEditor.TestTools.TestRunner.CommandLineTest.Executer:InitializeAndExecuteRun (string[]) (at ./Library/PackageCache/com.unity.test-framework@4c309923fa3b/UnityEditor.TestRunner/CommandLineTest/Executer.cs:53)
UnityEditor.TestTools.TestRunner.CommandLineTest.TestStarter:InitializeAndExecuteRun () (at ./Library/PackageCache/com.unity.test-framework@4c309923fa3b/UnityEditor.TestRunner/CommandLineTest/TestStarter.cs:64)
UnityEditor.EditorApplication:Internal_CallUpdateFunctions () (at /Users/bokken/build/output/unity/unity/Editor/Mono/EditorApplication.cs:463)

(Filename: ./Library/PackageCache/com.unity.test-framework@4c309923fa3b/UnityEditor.TestRunner/CommandLineTest/Executer.cs Line: 53)

[UnityConnectServicesConfig] config is NOT valid, switching to default
Created GICache directory at /Users/ilseoblee/Library/Caches/com.unity3d.UnityEditor/GiCache. Took: 0.006s, timestamps: [7.558 - 7.564]
Unloading 1 Unused Serialized files (Serialized files now loaded: 0)
Unloading 1 unused Assets / (3.8 KB). Loaded Objects now: 5021.
Memory consumption went from 436.1 MB to 436.1 MB.
Total: 6.289084 ms (FindLiveObjects: 0.177042 ms CreateObjectMapping: 0.036709 ms MarkObjects: 5.993416 ms  DeleteObjects: 0.020167 ms)

Executing IPrebuildSetup for: Unity.PerformanceTesting.Editor.TestRunBuilder.
UnityEngine.Debug:ExtractStackTraceNoAlloc (byte*,int,string)
UnityEngine.StackTraceUtility:ExtractStackTrace () (at /Users/bokken/build/output/unity/unity/Runtime/Export/Scripting/StackTrace.cs:23)
UnityEngine.DebugLogHandler:Internal_Log (UnityEngine.LogType,UnityEngine.LogOption,string,UnityEngine.Object)
UnityEngine.DebugLogHandler:LogFormat (UnityEngine.LogType,UnityEngine.Object,string,object[])
UnityEngine.Logger:Log (UnityEngine.LogType,object)
UnityEngine.Debug:Log (object)
UnityEditor.TestTools.TestRunner.TestRun.Tasks.BuildActionTaskBase`1/<ExecuteMethods>d__8<UnityEngine.TestTools.IPrebuildSetup>:MoveNext () (at ./Library/PackageCache/com.unity.test-framework@4c309923fa3b/UnityEditor.TestRunner/TestRun/Tasks/BuildActionTaskBase.cs:48)
UnityEditor.TestTools.TestRunner.TestRun.Tasks.BuildActionTaskBase`1/<Execute>d__7<UnityEngine.TestTools.IPrebuildSetup>:MoveNext () (at ./Library/PackageCache/com.unity.test-framework@4c309923fa3b/UnityEditor.TestRunner/TestRun/Tasks/BuildActionTaskBase.cs:34)
UnityEditor.TestTools.TestRunner.TestRun.TestJobRunner:ExecuteStep () (at ./Library/PackageCache/com.unity.test-framework@4c309923fa3b/UnityEditor.TestRunner/TestRun/TestJobRunner.cs:194)
UnityEditor.TestTools.TestRunner.TestRun.TestJobRunner:ExecuteCallback () (at ./Library/PackageCache/com.unity.test-framework@4c309923fa3b/UnityEditor.TestRunner/TestRun/TestJobRunner.cs:129)
UnityEditor.EditorApplication:Internal_CallUpdateFunctions () (at /Users/bokken/build/output/unity/unity/Editor/Mono/EditorApplication.cs:463)

(Filename: ./Library/PackageCache/com.unity.test-framework@4c309923fa3b/UnityEditor.TestRunner/TestRun/Tasks/BuildActionTaskBase.cs Line: 48)

Saving results to: /Users/ilseoblee/Library/Application Support/Janseon Studio/서울_전국/TestResults.xml
Saving results to: /Volumes/gameWorkspace/worktrees/seoul-kenshi/layered-full3d-16x9-wave2-task10/evidence/layered-full3d-16x9-task10/task-10/failure-mutation-red.xml
Executing IPostBuildCleanup for: Unity.PerformanceTesting.Editor.TestRunBuilder.
UnityEngine.Debug:ExtractStackTraceNoAlloc (byte*,int,string)
UnityEngine.StackTraceUtility:ExtractStackTrace () (at /Users/bokken/build/output/unity/unity/Runtime/Export/Scripting/StackTrace.cs:23)
UnityEngine.DebugLogHandler:Internal_Log (UnityEngine.LogType,UnityEngine.LogOption,string,UnityEngine.Object)
UnityEngine.DebugLogHandler:LogFormat (UnityEngine.LogType,UnityEngine.Object,string,object[])
UnityEngine.Logger:Log (UnityEngine.LogType,object)
UnityEngine.Debug:Log (object)
UnityEditor.TestTools.TestRunner.TestRun.Tasks.BuildActionTaskBase`1/<ExecuteMethods>d__8<UnityEngine.TestTools.IPostBuildCleanup>:MoveNext () (at ./Library/PackageCache/com.unity.test-framework@4c309923fa3b/UnityEditor.TestRunner/TestRun/Tasks/BuildActionTaskBase.cs:48)
UnityEditor.TestTools.TestRunner.TestRun.Tasks.BuildActionTaskBase`1/<Execute>d__7<UnityEngine.TestTools.IPostBuildCleanup>:MoveNext () (at ./Library/PackageCache/com.unity.test-framework@4c309923fa3b/UnityEditor.TestRunner/TestRun/Tasks/BuildActionTaskBase.cs:34)
UnityEditor.TestTools.TestRunner.TestRun.TestJobRunner:ExecuteStep () (at ./Library/PackageCache/com.unity.test-framework@4c309923fa3b/UnityEditor.TestRunner/TestRun/TestJobRunner.cs:194)
UnityEditor.TestTools.TestRunner.TestRun.TestJobRunner:ExecuteCallback () (at ./Library/PackageCache/com.unity.test-framework@4c309923fa3b/UnityEditor.TestRunner/TestRun/TestJobRunner.cs:129)
UnityEditor.EditorApplication:Internal_CallUpdateFunctions () (at /Users/bokken/build/output/unity/unity/Editor/Mono/EditorApplication.cs:463)

(Filename: ./Library/PackageCache/com.unity.test-framework@4c309923fa3b/UnityEditor.TestRunner/TestRun/Tasks/BuildActionTaskBase.cs Line: 48)

Unloading 0 Unused Serialized files (Serialized files now loaded: 0)
Unloading 0 unused Assets / (Unknown). Loaded Objects now: 5022.
Memory consumption went from 437.3 MB to 437.3 MB.
Total: 6.464375 ms (FindLiveObjects: 0.141042 ms CreateObjectMapping: 0.034250 ms MarkObjects: 6.223000 ms  DeleteObjects: 0.004458 ms)

DisplayProgressbar: Undo
Test run completed. Exiting with code 2 (Failed). One or more tests failed.
UnityEngine.Debug:ExtractStackTraceNoAlloc (byte*,int,string)
UnityEngine.StackTraceUtility:ExtractStackTrace () (at /Users/bokken/build/output/unity/unity/Runtime/Export/Scripting/StackTrace.cs:23)
UnityEngine.DebugLogHandler:Internal_Log (UnityEngine.LogType,UnityEngine.LogOption,string,UnityEngine.Object)
UnityEngine.DebugLogHandler:LogFormat (UnityEngine.LogType,UnityEngine.Object,string,object[])
UnityEngine.Logger:Log (UnityEngine.LogType,object)
UnityEngine.Debug:Log (object)
UnityEditor.TestTools.TestRunner.CommandLineTest.Executer:ExitApplication (UnityEditor.TestTools.TestRunner.CommandLineTest.Executer/ReturnCodes,string) (at ./Library/PackageCache/com.unity.test-framework@4c309923fa3b/UnityEditor.TestRunner/CommandLineTest/Executer.cs:81)
UnityEditor.TestTools.TestRunner.CommandLineTest.Executer:ExitIfRunIsCompleted () (at ./Library/PackageCache/com.unity.test-framework@4c309923fa3b/UnityEditor.TestRunner/CommandLineTest/Executer.cs:74)
UnityEditor.EditorApplication:Internal_CallUpdateFunctions () (at /Users/bokken/build/output/unity/unity/Editor/Mono/EditorApplication.cs:463)

(Filename: ./Library/PackageCache/com.unity.test-framework@4c309923fa3b/UnityEditor.TestRunner/CommandLineTest/Executer.cs Line: 81)

MonoPathRemapper: Attempts to remap: 14899; Successful remaps: 224
Serialized file version minimum: 0, current 23
Thread 0x16f927000 may have been prematurely finalized
Killing ADB server in 0.042292 seconds.
Input System module state changed to: ShutdownInProgress.
Input Polling Thread exited.
Input System module state changed to: Shutdown.
[Physics::Module] Cleanup current backend.
[Physics::Module] Id: 0xf2b8ea05
[Licensing::IpcConnector] LicenseClient-ilseoblee-6000.7.0-notifications channel disconnected successfully.
[Licensing::IpcConnector] LicenseClient-ilseoblee-6000.7.0 channel disconnected successfully.
Thread 0x1710ab000 may have been prematurely finalized
Thread 0x171137000 may have been prematurely finalized
Thread 0x1711c3000 may have been prematurely finalized
Thread 0x17124f000 may have been prematurely finalized
Thread 0x1713f3000 may have been prematurely finalized
Thread 0x17147f000 may have been prematurely finalized
Thread 0x171367000 may have been prematurely finalized
Thread 0x17150b000 may have been prematurely finalized
Thread 0x1712db000 may have been prematurely finalized
Thread 0x171597000 may have been prematurely finalized
Thread 0x171623000 may have been prematurely finalized
Thread 0x1716af000 may have been prematurely finalized
Thread 0x17173b000 may have been prematurely finalized
Thread 0x171853000 may have been prematurely finalized
Thread 0x17196b000 may have been prematurely finalized
Thread 0x1718df000 may have been prematurely finalized
Thread 0x1717c7000 may have been prematurely finalized
Shut down UDS service system complete
Lingering sessions upon destruction of worker manager
Unity Data Store service was successfully shut down
UDS shutting down local client system
AcceleratorClientConnectionCallback - disconnected - :0
Cleanup mono
CodeReloadManager destroyed
debugger-agent: Unable to listen on 41
[usbmuxd] Stop listen thread
[usbmuxd] Error: 
[usbmuxd] Listen thread exiting
