Unity Editor version:    6000.7.0a5 (a15235a53881)
Branch:                  trunk
Build type:              Release
Batch mode:              YES
macOS version:           Version 26.6.2 (Build 25G83)
Darwin version:          25.6.0
Architecture:            arm64
Running under Rosetta:   NO
Available memory:        65536 MB
Date:                    2026-09-10T16:40:41Z
VBCSCompilerPreWarmer: pre-warm launched (dotnet PID 8794)
VBCSCompiler prewarm took 5.12 ms

The following diagnostic switches are modified from their default values:
	DebugAllocatorMode: ReleaseMemory (default DecommitMemory)

[Licensing::Module] Trying to connect to existing licensing client channel...
[Licensing::IpcConnector] Successfully connected to: "LicenseClient-ilseoblee" at "2026-09-10T16:40:41.600393Z"
Launching external process: /Applications/Unity/Hub/Editor/6000.7.0a5/Unity.app/Contents/Helpers/PackageManager/Server/UnityPackageManager

COMMAND LINE ARGUMENTS:
/Applications/Unity/Hub/Editor/6000.7.0a5/Unity.app/Contents/MacOS/Unity
-batchmode
-nographics
-projectPath
/Users/ilseoblee/workspace/seoul-kenshi-wt/unity-poc-mac/Game
-runTests
-testPlatform
EditMode
-testFilter
Janseon.Foundation.Tests.OwnerCardTargetingTests
-testResults
/Users/ilseoblee/workspace/seoul-kenshi-wt/unity-poc-mac/.omo/evidence/unity-html-poc-ui-parity/task-07/red.xml
-logFile
/Users/ilseoblee/workspace/seoul-kenshi-wt/unity-poc-mac/.omo/evidence/unity-html-poc-ui-parity/task-07/red.log
Successfully changed project path to: /Users/ilseoblee/workspace/seoul-kenshi-wt/unity-poc-mac/Game
/Users/ilseoblee/workspace/seoul-kenshi-wt/unity-poc-mac/Game
[UnityMemory] Configuration Parameters - Can be set up in boot.config
    "memorysetup-temp-allocator-size-gi-baking-worker=262144"
    "memorysetup-temp-allocator-size-gi-baking-worker=262144"
    "memorysetup-temp-allocator-size-gi-baking-worker=262144"
    "memorysetup-temp-allocator-size-gi-baking-worker=262144"
    "memorysetup-temp-allocator-size-gi-baking-worker=262144"
    "memorysetup-temp-allocator-size-nav-mesh-worker=65536"
    "memorysetup-temp-allocator-size-audio-worker=65536"
    "memorysetup-temp-allocator-size-cloud-worker=32768"
    "memorysetup-entities-archetype-allocator-budget=16777216"
    "memorysetup-entities-query-allocator-budget=16777216"
    "memorysetup-temp-allocator-size-preload-manager=33554432"
    "memorysetup-remapper-allocator-initial-capacity=32768"
    "memorysetup-temp-allocator-size-gfx=262144"
    "memorysetup-allocator-temp-initial-block-size-main=262144"
    "memorysetup-allocator-temp-initial-block-size-worker=262144"
    "memorysetup-temp-allocator-size-background-worker=32768"
    "memorysetup-temp-allocator-size-job-worker=262144"
    "memorysetup-bucket-allocator-granularity=16"
    "memorysetup-bucket-allocator-bucket-count=8"
    "memorysetup-bucket-allocator-block-size=33554432"
    "memorysetup-bucket-allocator-block-count=8"
    "memorysetup-main-allocator-block-size=16777216"
    "memorysetup-thread-allocator-block-size=16777216"
    "memorysetup-main-allocator-mimalloc-enabled=1"
    "memorysetup-gfx-main-allocator-block-size=16777216"
    "memorysetup-gfx-thread-allocator-block-size=16777216"
    "memorysetup-cache-allocator-block-size=4194304"
    "memorysetup-typetree-allocator-block-size=2097152"
    "memorysetup-profiler-bucket-allocator-granularity=16"
    "memorysetup-profiler-bucket-allocator-bucket-count=8"
    "memorysetup-profiler-bucket-allocator-block-size=33554432"
    "memorysetup-profiler-bucket-allocator-block-count=8"
    "memorysetup-profiler-allocator-block-size=16777216"
    "memorysetup-profiler-editor-allocator-block-size=1048576"
    "memorysetup-temp-allocator-size-main=16777216"
    "memorysetup-job-temp-allocator-block-size=2097152"
    "memorysetup-job-temp-allocator-block-size-background=1048576"
    "memorysetup-job-temp-allocator-reduction-small-platforms=262144"
Logging is directed to a specific file, skipping project log.
Player connection [8286970240]  Target information:

Player connection [8286970240]  * "[IP] 192.168.0.218 [Port] 55504 [Flags] 2 [Guid] 3510439059 [EditorId] 3510439059 [Version] 1048832 [Id] OSXEditor(0,MacBook-Pro-2.local) [Debug] 1 [PackageName] OSXEditor [ProjectName] Editor" 

Player connection [8286970240]  * "[IP] 192.168.0.205 [Port] 55504 [Flags] 2 [Guid] 3510439059 [EditorId] 3510439059 [Version] 1048832 [Id] OSXEditor(0,MacBook-Pro-2.local) [Debug] 1 [PackageName] OSXEditor [ProjectName] Editor" 

Player connection [8286970240]  * "[IP] 100.71.30.111 [Port] 55504 [Flags] 2 [Guid] 3510439059 [EditorId] 3510439059 [Version] 1048832 [Id] OSXEditor(0,MacBook-Pro-2.local) [Debug] 1 [PackageName] OSXEditor [ProjectName] Editor" 

Player connection [8286970240] Host joined multi-casting on [225.0.0.222:54997]...
Player connection [8286970240] Host joined alternative multi-casting on [225.0.0.222:34997]...
Input System module state changed to: Initialized.
[Physics::Module] Initialized fallback backend.
[Physics::Module] Id: 0xdecafbad
[Package Manager] Connected to IPC stream "Upm-8793" after 0.1 seconds.
[Licensing::Module] Licensing is not yet initialized.
Launching external process: /Applications/Unity/Hub/Editor/6000.7.0a5/Unity.app/Contents/Helpers/UnityLicensingClient.app/Contents/MacOS/Unity.Licensing.Client
[Licensing::Client] Error: HandshakeResponse reported an error:
	ResponseCode: 505
	ResponseStatus: Unsupported protocol version '1.19.0-rc.1'.
[Licensing::Module] Error: Failed to handshake to channel: "LicenseClient-ilseoblee"
[Licensing::IpcConnector] LicenseClient-ilseoblee channel disconnected successfully.
[Licensing::IpcConnector] Channel LicenseClient-ilseoblee-6000.7.0 doesn't exist
[Licensing::Module] Successfully launched the LicensingClient (PId: 8796)
[Licensing::IpcConnector] Successfully connected to: "LicenseClient-ilseoblee-6000.7.0" at "2026-09-10T16:40:42.660788Z"
[Licensing::Client] Handshaking with LicensingClient:
  Version:                 1.19.0-rc.1+a1d64c6
  Session Id:              dc90336dd3f34802b0b6f59c4d390bba
  Correlation Id:          2a34a73c86c1b5d342c92ff5f306117c
  External correlation Id: 3292374808461349123
  Machine Id:              JxhzwWg3pWfWMny3n9AfODBHuIE=
[Licensing::Module] Successfully connected to LicensingClient on channel: "LicenseClient-ilseoblee-6000.7.0" (connect: 0.88s, validation: 0.00s, handshake: 0.05s)
[Licensing::IpcConnector] Successfully connected to: "LicenseClient-ilseoblee-6000.7.0-notifications" at "2026-09-10T16:40:42.714683Z"
[Licensing::Module] Connected to LicensingClient (PId: 8796, launch time: 0.00, total connection time: 0.93s)
[Licensing::Module] Error: Access token is unavailable; failed to update
[Licensing::Client] Successfully resolved entitlement details
[Licensing::Module] License group:
  Id: 86166-UnityPersXXXX
  Product: Unity Personal
  Type: Assigned
  Expiration: Unlimited
[Licensing::Client] Successfully updated license, isAsync: True, time: 0.00
[Licensing::Module] Licensing Background thread has ended after 1.12s
[Licensing::Module] Licensing is initialized (took 0.98s).
[Licensing::Client] Successfully resolved entitlement details
Library Redirect Path: Library/
Initialising UDS system complete:
  - System type: Client
  - Resource namespace: bc31946deaae9c39d09efafd19ef4cc7
  - Shared memory size: 1073741824
  - Command buffer id: 1052672
  - Command buffer size: 8192
  - Hashmap size: 4194304
  - Service connected: false
Launching Unity Data Store - /Applications/Unity/Hub/Editor/6000.7.0a5/Unity.app/Contents/Helpers/Unity.DataStore 
Unity Data Store artifact dir = Library/DataStore, working dir = /Users/ilseoblee/workspace/seoul-kenshi-wt/unity-poc-mac/Game[Physics::Module] Selected backend.
[Physics::Module] Name: PhysX
[Physics::Module] Id: 0xf2b8ea05
[Physics::Module] SDK Version: 4.1.2
[Physics::Module] Integration Version: 1.0.0
[Physics::Module] Threading Mode: Multi-Threaded
Unity Data Store running and initialised
Initialize engine version: 6000.7.0a5 (a15235a53881)
[EntityIdStore] init: VM path (explicit commit), pageSize=16384, blockCount=262144, entitiesPerBlock=1024, slots reserved=4294967296 bytes
[Subsystems] Discovering subsystems at path /Applications/Unity/Hub/Editor/6000.7.0a5/Unity.app/Contents/Resources/UnitySubsystems
[Subsystems] Discovering subsystems at path /Users/ilseoblee/workspace/seoul-kenshi-wt/unity-poc-mac/Game/Assets
Forcing GfxDevice: Null
GfxDevice: creating device client; kGfxThreadingModeNonThreaded
NullGfxDevice:
    Version:  NULL 1.0 [1.0]
    Renderer: Null Device
    Vendor:   Unity Technologies
Initialize mono
Mono path[0] = '/Applications/Unity/Hub/Editor/6000.7.0a5/Unity.app/Contents/Resources/Scripting/Managed'
Mono path[1] = '/Applications/Unity/Hub/Editor/6000.7.0a5/Unity.app/Contents/Resources/Scripting/BCLExtensions/runtime/netstandard2.1'
Mono path[2] = '/Applications/Unity/Hub/Editor/6000.7.0a5/Unity.app/Contents/Resources/Scripting/MonoBleedingEdge/lib/mono/unityjit-macos'
Mono config path = '/Applications/Unity/Hub/Editor/6000.7.0a5/Unity.app/Contents/Resources/Scripting/MonoBleedingEdge/etc'
Using monoOptions --debugger-agent=transport=dt_socket,embedding=1,server=y,suspend=n,address=127.0.0.1:56793
CodeReloadManager initialized
ImportWorker Server TCP listen port: 0
AcceleratorClientConnectionCallback - disconnected - :0
Begin MonoManager ReloadAssembly
Registering precompiled unity dll's ...
Register platform support module: /Applications/Unity/Hub/Editor/6000.7.0a5/PlaybackEngines/WebGLSupport/UnityEditor.WebGL.Extensions.dll
Register platform support module: /Applications/Unity/Hub/Editor/6000.7.0a5/PlaybackEngines/MacStandaloneSupport/UnityEditor.OSXStandalone.Extensions.dll
Register platform support module: /Applications/Unity/Hub/Editor/6000.7.0a5/PlaybackEngines/WindowsStandaloneSupport/UnityEditor.WindowsStandalone.Extensions.dll
[Licensing::Client] Successfully resolved entitlement details
Register platform support module: /Applications/Unity/Hub/Editor/6000.7.0a5/PlaybackEngines/AndroidPlayer/UnityEditor.Android.Extensions.dll
[Licensing::Client] Successfully resolved entitlement details
Register platform support module: /Applications/Unity/Hub/Editor/6000.7.0a5/PlaybackEngines/iOSSupport/UnityEditor.iOS.Extensions.dll
Register platform support module: /Applications/Unity/Hub/Editor/6000.7.0a5/PlaybackEngines/LinuxStandaloneSupport/UnityEditor.LinuxStandalone.Extensions.dll
Registered in 0.001148 seconds.
[MODES] ModeService[none].Initialize
[MODES] ModeService[none].LoadModes
[MODES] Loading mode Default (0) for mode-current-id-잔선: 서울
Package Manager log level set to [2]
Native extension for LinuxStandalone target not found
[usbmuxd] Start listen thread
[usbmuxd] Listen thread started
[usbmuxd] Send listen message
Native extension for iOS target not found
Native extension for Android target not found
Native extension for WindowsStandalone target not found
Native extension for OSXStandalone target not found
Native extension for WebGL target not found
[Licensing::Client] Successfully resolved entitlement details
Diagnostic switches are active and may impact performance or degrade your user experience. Switches can be configured through the Diagnostics section in the Preferences window.
	DebugAllocatorMode: 0
ScheduleIndexationOnStartup MainProcess:False IndexOnStartup:False
Scripting: successfully reloaded assembly
- Finished resetting the current domain, in  2.409 seconds
Domain Reload Profiling: 2674ms
	BeginReloadAssembly (51ms)
		CreateAndSetChildDomain (11ms)
	RebuildNativeTypeToScriptingClass (8ms)
	initialDomainReloadingComplete (27ms)
	LoadAllAssembliesAndSetupDomain (177ms)
		LoadAssemblies (41ms)
		TypeCache.Refresh (106ms)
			TypeCache.ScanAssembly (98ms)
		AnalyzeDomain (0ms)
	FinalizeReload (2409ms)
		SetupLoadedEditorAssemblies (0ms)
			InitializePlatformSupportModulesInManaged (24ms)
			BeforeProcessingInitializeOnLoad (76ms)
			ProcessInitializeOnLoadAttributes (27ms)
			ProcessInitializeOnLoadMethodAttributes (2154ms)
[Licensing::Client] Successfully resolved entitlement details
Application.AssetDatabase Initial Refresh Start
[Package Manager] Restoring resolved packages state from cache
[Licensing::Client] Successfully resolved entitlement details
[Package Manager] Registered 59 packages:
  Packages from [https://packages.unity.com]:
    com.unity.ide.rider@3.0.38 (location: /Users/ilseoblee/workspace/seoul-kenshi-wt/unity-poc-mac/Game/Library/PackageCache/com.unity.ide.rider@1f60b3138684)
    com.unity.ide.visualstudio@2.0.26 (location: /Users/ilseoblee/workspace/seoul-kenshi-wt/unity-poc-mac/Game/Library/PackageCache/com.unity.ide.visualstudio@a99d56dec63f)
    com.unity.inputsystem@1.20.0 (location: /Users/ilseoblee/workspace/seoul-kenshi-wt/unity-poc-mac/Game/Library/PackageCache/com.unity.inputsystem@7a4e1a2a8194)
    com.unity.nuget.newtonsoft-json@3.2.2 (location: /Users/ilseoblee/workspace/seoul-kenshi-wt/unity-poc-mac/Game/Library/PackageCache/com.unity.nuget.newtonsoft-json@4dfd81071c64)
    com.unity.searcher@4.9.5 (location: /Users/ilseoblee/workspace/seoul-kenshi-wt/unity-poc-mac/Game/Library/PackageCache/com.unity.searcher@a463122f2c00)
    com.unity.nuget.mono-cecil@1.11.6 (location: /Users/ilseoblee/workspace/seoul-kenshi-wt/unity-poc-mac/Game/Library/PackageCache/com.unity.nuget.mono-cecil@ecb9724e46ff)
  Built-in packages:
    com.unity.render-pipelines.universal@17.7.0 (location: /Users/ilseoblee/workspace/seoul-kenshi-wt/unity-poc-mac/Game/Library/PackageCache/com.unity.render-pipelines.universal@c657e0850617)
    com.unity.test-framework@1.8.0 (location: /Users/ilseoblee/workspace/seoul-kenshi-wt/unity-poc-mac/Game/Library/PackageCache/com.unity.test-framework@4c309923fa3b)
    com.unity.ugui@2.7.0 (location: /Users/ilseoblee/workspace/seoul-kenshi-wt/unity-poc-mac/Game/Library/PackageCache/com.unity.ugui@8e276752998c)
    com.unity.modules.accessibility@1.0.0 (location: /Users/ilseoblee/workspace/seoul-kenshi-wt/unity-poc-mac/Game/Library/PackageCache/com.unity.modules.accessibility)
    com.unity.modules.adaptiveperformance@1.0.0 (location: /Users/ilseoblee/workspace/seoul-kenshi-wt/unity-poc-mac/Game/Library/PackageCache/com.unity.modules.adaptiveperformance)
    com.unity.modules.ai@1.0.0 (location: /Users/ilseoblee/workspace/seoul-kenshi-wt/unity-poc-mac/Game/Library/PackageCache/com.unity.modules.ai)
    com.unity.modules.androidjni@1.0.0 (location: /Users/ilseoblee/workspace/seoul-kenshi-wt/unity-poc-mac/Game/Library/PackageCache/com.unity.modules.androidjni)
    com.unity.modules.animation@1.0.0 (location: /Users/ilseoblee/workspace/seoul-kenshi-wt/unity-poc-mac/Game/Library/PackageCache/com.unity.modules.animation)
    com.unity.modules.assetbundle@1.0.0 (location: /Users/ilseoblee/workspace/seoul-kenshi-wt/unity-poc-mac/Game/Library/PackageCache/com.unity.modules.assetbundle)
    com.unity.modules.audio@1.0.0 (location: /Users/ilseoblee/workspace/seoul-kenshi-wt/unity-poc-mac/Game/Library/PackageCache/com.unity.modules.audio)
    com.unity.modules.cloth@1.0.0 (location: /Users/ilseoblee/workspace/seoul-kenshi-wt/unity-poc-mac/Game/Library/PackageCache/com.unity.modules.cloth)
    com.unity.modules.director@1.0.0 (location: /Users/ilseoblee/workspace/seoul-kenshi-wt/unity-poc-mac/Game/Library/PackageCache/com.unity.modules.director)
    com.unity.modules.imageconversion@1.0.0 (location: /Users/ilseoblee/workspace/seoul-kenshi-wt/unity-poc-mac/Game/Library/PackageCache/com.unity.modules.imageconversion)
    com.unity.modules.imgui@1.0.0 (location: /Users/ilseoblee/workspace/seoul-kenshi-wt/unity-poc-mac/Game/Library/PackageCache/com.unity.modules.imgui)
    com.unity.modules.jsonserialize@1.0.0 (location: /Users/ilseoblee/workspace/seoul-kenshi-wt/unity-poc-mac/Game/Library/PackageCache/com.unity.modules.jsonserialize)
    com.unity.modules.particlesystem@1.0.0 (location: /Users/ilseoblee/workspace/seoul-kenshi-wt/unity-poc-mac/Game/Library/PackageCache/com.unity.modules.particlesystem)
    com.unity.modules.physics@1.0.0 (location: /Users/ilseoblee/workspace/seoul-kenshi-wt/unity-poc-mac/Game/Library/PackageCache/com.unity.modules.physics)
    com.unity.modules.physics2d@1.0.0 (location: /Users/ilseoblee/workspace/seoul-kenshi-wt/unity-poc-mac/Game/Library/PackageCache/com.unity.modules.physics2d)
    com.unity.modules.physicscore2d@1.0.0 (location: /Users/ilseoblee/workspace/seoul-kenshi-wt/unity-poc-mac/Game/Library/PackageCache/com.unity.modules.physicscore2d)
    com.unity.modules.screencapture@1.0.0 (location: /Users/ilseoblee/workspace/seoul-kenshi-wt/unity-poc-mac/Game/Library/PackageCache/com.unity.modules.screencapture)
    com.unity.modules.smartstrings@1.0.0 (location: /Users/ilseoblee/workspace/seoul-kenshi-wt/unity-poc-mac/Game/Library/PackageCache/com.unity.modules.smartstrings)
    com.unity.modules.terrain@1.0.0 (location: /Users/ilseoblee/workspace/seoul-kenshi-wt/unity-poc-mac/Game/Library/PackageCache/com.unity.modules.terrain)
    com.unity.modules.terrainphysics@1.0.0 (location: /Users/ilseoblee/workspace/seoul-kenshi-wt/unity-poc-mac/Game/Library/PackageCache/com.unity.modules.terrainphysics)
    com.unity.modules.tetgen@1.0.0 (location: /Users/ilseoblee/workspace/seoul-kenshi-wt/unity-poc-mac/Game/Library/PackageCache/com.unity.modules.tetgen)
    com.unity.modules.tilemap@1.0.0 (location: /Users/ilseoblee/workspace/seoul-kenshi-wt/unity-poc-mac/Game/Library/PackageCache/com.unity.modules.tilemap)
    com.unity.modules.timelinefoundation@1.0.0 (location: /Users/ilseoblee/workspace/seoul-kenshi-wt/unity-poc-mac/Game/Library/PackageCache/com.unity.modules.timelinefoundation)
    com.unity.modules.ui@1.0.0 (location: /Users/ilseoblee/workspace/seoul-kenshi-wt/unity-poc-mac/Game/Library/PackageCache/com.unity.modules.ui)
    com.unity.modules.uielements@1.0.0 (location: /Users/ilseoblee/workspace/seoul-kenshi-wt/unity-poc-mac/Game/Library/PackageCache/com.unity.modules.uielements)
    com.unity.modules.umbra@1.0.0 (location: /Users/ilseoblee/workspace/seoul-kenshi-wt/unity-poc-mac/Game/Library/PackageCache/com.unity.modules.umbra)
    com.unity.modules.unityanalytics@1.0.0 (location: /Users/ilseoblee/workspace/seoul-kenshi-wt/unity-poc-mac/Game/Library/PackageCache/com.unity.modules.unityanalytics)
    com.unity.modules.unitywebrequest@1.0.0 (location: /Users/ilseoblee/workspace/seoul-kenshi-wt/unity-poc-mac/Game/Library/PackageCache/com.unity.modules.unitywebrequest)
    com.unity.modules.unitywebrequestassetbundle@1.0.0 (location: /Users/ilseoblee/workspace/seoul-kenshi-wt/unity-poc-mac/Game/Library/PackageCache/com.unity.modules.unitywebrequestassetbundle)
    com.unity.modules.unitywebrequestaudio@1.0.0 (location: /Users/ilseoblee/workspace/seoul-kenshi-wt/unity-poc-mac/Game/Library/PackageCache/com.unity.modules.unitywebrequestaudio)
    com.unity.modules.unitywebrequesttexture@1.0.0 (location: /Users/ilseoblee/workspace/seoul-kenshi-wt/unity-poc-mac/Game/Library/PackageCache/com.unity.modules.unitywebrequesttexture)
    com.unity.modules.unitywebrequestwww@1.0.0 (location: /Users/ilseoblee/workspace/seoul-kenshi-wt/unity-poc-mac/Game/Library/PackageCache/com.unity.modules.unitywebrequestwww)
    com.unity.modules.vectorgraphics@1.0.0 (location: /Users/ilseoblee/workspace/seoul-kenshi-wt/unity-poc-mac/Game/Library/PackageCache/com.unity.modules.vectorgraphics)
    com.unity.modules.vehicles@1.0.0 (location: /Users/ilseoblee/workspace/seoul-kenshi-wt/unity-poc-mac/Game/Library/PackageCache/com.unity.modules.vehicles)
    com.unity.modules.video@1.0.0 (location: /Users/ilseoblee/workspace/seoul-kenshi-wt/unity-poc-mac/Game/Library/PackageCache/com.unity.modules.video)
    com.unity.modules.wind@1.0.0 (location: /Users/ilseoblee/workspace/seoul-kenshi-wt/unity-poc-mac/Game/Library/PackageCache/com.unity.modules.wind)
    com.unity.modules.xr@1.0.0 (location: /Users/ilseoblee/workspace/seoul-kenshi-wt/unity-poc-mac/Game/Library/PackageCache/com.unity.modules.xr)
    com.unity.modules.subsystems@1.0.0 (location: /Users/ilseoblee/workspace/seoul-kenshi-wt/unity-poc-mac/Game/Library/PackageCache/com.unity.modules.subsystems)
    com.unity.modules.hierarchycore@1.0.0 (location: /Users/ilseoblee/workspace/seoul-kenshi-wt/unity-poc-mac/Game/Library/PackageCache/com.unity.modules.hierarchycore)
    com.unity.ext.nunit@2.1.1 (location: /Users/ilseoblee/workspace/seoul-kenshi-wt/unity-poc-mac/Game/Library/PackageCache/com.unity.ext.nunit@f6178be85c6e)
    com.unity.render-pipelines.core@17.7.0 (location: /Users/ilseoblee/workspace/seoul-kenshi-wt/unity-poc-mac/Game/Library/PackageCache/com.unity.render-pipelines.core@c86064616c0c)
    com.unity.shadergraph@17.7.0 (location: /Users/ilseoblee/workspace/seoul-kenshi-wt/unity-poc-mac/Game/Library/PackageCache/com.unity.shadergraph@f32f227ad317)
    com.unity.render-pipelines.universal-config@17.7.0 (location: /Users/ilseoblee/workspace/seoul-kenshi-wt/unity-poc-mac/Game/Library/PackageCache/com.unity.render-pipelines.universal-config@767fc04a69c2)
    com.unity.graph-authoring@1.0.0 (location: /Users/ilseoblee/workspace/seoul-kenshi-wt/unity-poc-mac/Game/Library/PackageCache/com.unity.graph-authoring@cfd2588851ee)
    com.unity.burst@2.0.0 (location: /Users/ilseoblee/workspace/seoul-kenshi-wt/unity-poc-mac/Game/Library/PackageCache/com.unity.burst@626e66ab421b)
    com.unity.collections@6.7.0 (location: /Users/ilseoblee/workspace/seoul-kenshi-wt/unity-poc-mac/Game/Library/PackageCache/com.unity.collections@642e35c36221)
    com.unity.profiling.core@1.0.3 (location: /Users/ilseoblee/workspace/seoul-kenshi-wt/unity-poc-mac/Game/Library/PackageCache/com.unity.profiling.core@9f367c25a5d3)
    com.unity.test-framework.performance@6.6.0 (location: /Users/ilseoblee/workspace/seoul-kenshi-wt/unity-poc-mac/Game/Library/PackageCache/com.unity.test-framework.performance@2779acc3f9c0)
  Local packages:
    com.islee.unity-remote@file:/Users/ilseoblee/workspace/seoul-kenshi-wt/unity-poc-mac/tools/unity-remote/unity-package (location: /Users/ilseoblee/workspace/seoul-kenshi-wt/unity-poc-mac/tools/unity-remote/unity-package)
  Git packages:
    jp.hadashikick.vcontainer@https://github.com/hadashiA/VContainer.git?path=VContainer/Assets/VContainer#1.19.0 (location: /Users/ilseoblee/workspace/seoul-kenshi-wt/unity-poc-mac/Game/Library/PackageCache/jp.hadashikick.vcontainer@dcf16cda6a65)
[Subsystems] No new subsystems found in resolved package list.
[Package Manager] Done registering packages in 0.00 seconds
ADB: OOP importers: 'AudioImporter' is OOP-eligible (per-importer)
ADB: OOP importers: 'ComputeShaderImporter' is OOP-eligible (per-importer)
ADB: OOP importers: 'FBXImporter' is OOP-eligible (per-importer)
ADB: OOP importers: 'Mesh3DSImporter' is OOP-eligible (per-importer)
ADB: OOP importers: 'PrefabImporter' is OOP-eligible (per-importer)
ADB: OOP importers: 'RayTracingShaderImporter' is OOP-eligible (per-importer)
ADB: OOP importers: 'ShaderImporter' is OOP-eligible (per-importer)
ADB: OOP importers: 'TextScriptImporter' is OOP-eligible (per-importer)
ADB: OOP importers: 'TextureImporter' is OOP-eligible (per-importer)
ADB: OOP importers: 'TrueTypeFontImporter' is OOP-eligible (per-importer)
ADB: OOP importers: 'VideoClipImporter' is OOP-eligible (per-importer)
ADB: OOP importers: queue -1003 composition: TextureImporter, TextureImporter, TextureImporter, TextureImporter, TextureImporter, TextureImporter, TextureImporter, TextureImporter, TextureImporter, TextureImporter, TextureImporter, TextureImporter, TextureImporter, TextureImporter, TextureImporter (only the named importers above run OOP; the rest stay in-process)
ADB: OOP importers: queue -1001 composition: ShaderImporter, ComputeShaderImporter, RayTracingShaderImporter (only the named importers above run OOP; the rest stay in-process)
ADB: OOP importers: queue 2 composition: TrueTypeFontImporter, TrueTypeFontImporter, TrueTypeFontImporter, TrueTypeFontImporter (only the named importers above run OOP; the rest stay in-process)
ADB: OOP importers: queue 100 composition: Mesh3DSImporter, FBXImporter, FBXImporter, FBXImporter, FBXImporter, FBXImporter, FBXImporter, FBXImporter, FBXImporter, FBXImporter, FBXImporter (only the named importers above run OOP; the rest stay in-process)
ADB: OOP importers: queue 1050 composition: TextScriptImporter, TextScriptImporter, TextScriptImporter, TextScriptImporter, TextScriptImporter, TextScriptImporter, TextScriptImporter, TextScriptImporter, TextScriptImporter, TextScriptImporter, TextScriptImporter, TextScriptImporter (only the named importers above run OOP; the rest stay in-process)
ADB: OOP importers: queue 1100 composition: AudioImporter, AudioImporter, AudioImporter, AudioImporter, AudioImporter, AudioImporter, AudioImporter, AudioImporter, AudioImporter, AudioImporter (only the named importers above run OOP; the rest stay in-process)
ADB: OOP importers: queue 1500 composition: PrefabImporter (only the named importers above run OOP; the rest stay in-process)
ADB: OOP importers: queue 1700 composition: VideoClipImporter, VideoClipImporter, VideoClipImporter, VideoClipImporter, VideoClipImporter, VideoClipImporter, VideoClipImporter, VideoClipImporter, VideoClipImporter, VideoClipImporter (only the named importers above run OOP; the rest stay in-process)
[ScriptCompilation] Requested script compilation because: AssetDatabase observed changes in script compilation related files
Starting: /Applications/Unity/Hub/Editor/6000.7.0a5/Unity.app/Contents/Resources/BuildPipeline/bee_backend --ipc --defer-dag-verification --dagfile="Library/Bee/200b0aE.dag" --continue-on-failure --profile="Library/Bee/backend1.traceevents" ScriptAssemblies
WorkingDir: /Users/ilseoblee/workspace/seoul-kenshi-wt/unity-poc-mac/Game
DisplayProgressbar: Compiling Scripts
warn: Unity.ILPP.Runner.PostProcessingAssemblyLoadContext[0]
      Assembly unityeditor.ios.extensions.xcode has duplicate hint path. Ignoring "/Applications/Unity/Hub/Editor/6000.7.0a5/PlaybackEngines/iOSSupport/UnityEditor.iOS.Extensions.Xcode.dll" in favor of "/Applications/Unity/Hub/Editor/6000.7.0a5/PlaybackEngines/MacStandaloneSupport/UnityEditor.iOS.Extensions.Xcode.dll"
warn: Unity.ILPP.Runner.PostProcessingAssemblyLoadContext[0]
      Assembly system.runtime.interopservices.windowsruntime has duplicate hint path. Ignoring "/Applications/Unity/Hub/Editor/6000.7.0a5/Unity.app/Contents/Resources/Scripting/UnityReferenceAssemblies/unity-4.8-api/Facades/System.Runtime.InteropServices.WindowsRuntime.dll" in favor of "/Applications/Unity/Hub/Editor/6000.7.0a5/Unity.app/Contents/Resources/Scripting/NetStandard/Extensions/2.0.0/System.Runtime.InteropServices.WindowsRuntime.dll"
warn: Unity.ILPP.Runner.PostProcessingAssemblyLoadContext[0]
      Assembly system.componentmodel.composition has duplicate hint path. Ignoring "/Applications/Unity/Hub/Editor/6000.7.0a5/Unity.app/Contents/Resources/Scripting/UnityReferenceAssemblies/unity-4.8-api/System.ComponentModel.Composition.dll" in favor of "/Applications/Unity/Hub/Editor/6000.7.0a5/Unity.app/Contents/Resources/Scripting/NetStandard/compat/2.1.0/shims/netfx/System.ComponentModel.Composition.dll"
ExitCode: 0 Duration: 0s394ms
[587/763    0s] ILPP-Configuration Library/ilpp-configuration.nevergeneratedoutput
[759/763    0s] Csc Library/Bee/artifacts/200b0aE.dag/Janseon.Foundation.EditModeTests.dll (+2 others)
Assets/Tests/EditMode/UiToolkitVisualQaDefectTests.cs(125,18): warning CS8321: The local function 'Add' is declared but never used
[760/763    0s] ILPostProcess Library/Bee/artifacts/200b0aE.dag/post-processed/Janseon.Foundation.EditModeTests.dll (+pdb)
Processing assembly Library/Bee/artifacts/200b0aE.dag/Janseon.Foundation.EditModeTests.dll, with 141 defines and 315 references
processors: Unity.Jobs.CodeGen.JobsILPostProcessor, zzzUnity.Burst.CodeGen.BurstILPostProcessor
1 processor(s) skipped this assembly
running Unity.Jobs.CodeGen.JobsILPostProcessor
[761/763    0s] CopyFiles Library/ScriptAssemblies/Janseon.Foundation.EditModeTests.pdb
[762/763    0s] CopyFiles Library/ScriptAssemblies/Janseon.Foundation.EditModeTests.dll
*** Tundra build success (0.38 seconds), 5 items updated, 763 evaluated
Assets/Tests/EditMode/UiToolkitVisualQaDefectTests.cs(125,18): warning CS8321: The local function 'Add' is declared but never used
AssetDatabase: script compilation time: 0.681516s
Begin MonoManager ReloadAssembly
Total cache size 268303384
Symbol file LoadedFromMemory is not a mono symbol file
'Packages/com.unity.render-pipelines.core/Editor/Deprecated.cs' contains partial class of Unity.Object, exactly 1 of the partial classes needs to be in a file with the same filename. This is to know the one that can be referenced from ie. GameObjects
'Packages/com.unity.render-pipelines.core/Editor/Deprecated.cs' contains partial class of Unity.Object, exactly 1 of the partial classes needs to be in a file with the same filename. This is to know the one that can be referenced from ie. GameObjects
Importing 'GUID: f12abc9294f60d0061250f0b462b45d5 - Path: Packages/com.islee.unity-remote' with importer (DefaultImporter)
Imported 'GUID: f12abc9294f60d0061250f0b462b45d5' -> (Import Result ID: '6d188357ba8bfc23c151b19ca0255bd1') in 0.005 seconds [static dependencies only]. Details - ImportResultOutputID=d97e694f7b8e3900816ddfddbe4a0a70 DependenciesID=5901ac73bac59784a95ac33bebb1c8a9 StaticDependenciesID=bcf1884fad7695cea2fc59922e1fd0bc 
Importing 'GUID: a5a20a36fab5ed4fc023d92d2ac579fb - Path: Packages/com.unity.nuget.newtonsoft-json' with importer (DefaultImporter)
Imported 'GUID: a5a20a36fab5ed4fc023d92d2ac579fb' -> (Import Result ID: '9489ec383e68dc99ffc852f1a7fbed99') in 0.000 seconds [static dependencies only]. Details - ImportResultOutputID=fe5fbc1e24b945ce2c978b45d67c2dc7 DependenciesID=517f0f75f26219e9eec8770f8ad8feff StaticDependenciesID=41c3ddc70981c645543832ca807d1665 
Importing 'GUID: c920258f98df1477b9b64c26dca7c53c - Path: Packages/com.islee.unity-remote/Editor' with importer (DefaultImporter)
Imported 'GUID: c920258f98df1477b9b64c26dca7c53c' -> (Import Result ID: 'a6f6c511189fed7bafb1df7e70daf7a0') in 0.000 seconds [static dependencies only]. Details - ImportResultOutputID=f06a4077e5cfe7c471b0df9505db6aa1 DependenciesID=534fbab806112f01f5c659b16470f077 StaticDependenciesID=e18dc42ae8b46d9cfdaff8b1a5724965 
Importing 'GUID: 5bab5a596d7b94358a0b35aee62e902b - Path: Packages/com.islee.unity-remote/Tests' with importer (DefaultImporter)
Imported 'GUID: 5bab5a596d7b94358a0b35aee62e902b' -> (Import Result ID: '94e844a467c95fc5ce22e95622c60b1c') in 0.000 seconds [static dependencies only]. Details - ImportResultOutputID=cbe13e99c658549d673f441c0d248b02 DependenciesID=9aac72633cf7a59b768ffdb42b25eea2 StaticDependenciesID=4db23a42c3369f8d813d3695e22c6b47 
Importing 'GUID: de1c7164adaf49d47b5de31c140713c9 - Path: Packages/com.unity.nuget.newtonsoft-json/Runtime' with importer (DefaultImporter)
Imported 'GUID: de1c7164adaf49d47b5de31c140713c9' -> (Import Result ID: '718dcfa549095447524ff6529dca65a3') in 0.000 seconds [static dependencies only]. Details - ImportResultOutputID=bbea067e49c3c5fd89eb480026418361 DependenciesID=36379ea8bdae4311a9a5523ee7b33fea StaticDependenciesID=10e65b8f1fe7b82582df40f90deee53c 
Importing 'GUID: 11c19774afcbe49249ab81b67ca87ad0 - Path: Packages/com.islee.unity-remote/Tests/Editor' with importer (DefaultImporter)
Imported 'GUID: 11c19774afcbe49249ab81b67ca87ad0' -> (Import Result ID: 'd88b400093b4fa11e663db9eebd8fe99') in 0.000 seconds [static dependencies only]. Details - ImportResultOutputID=f5bdf17076b7bba8b771700b5bd34d7e DependenciesID=1c008662d2f6bad5be9838acba4a3d05 StaticDependenciesID=765d3274d10fa2bea4f6292710d2090e 
Importing 'GUID: 14f21d7a1e53a8c4e87b25526a7eb63c - Path: Packages/com.unity.nuget.newtonsoft-json/Runtime/AOT' with importer (DefaultImporter)
Imported 'GUID: 14f21d7a1e53a8c4e87b25526a7eb63c' -> (Import Result ID: 'cc23578241b9887324faaf4f1638c6c6') in 0.000 seconds [static dependencies only]. Details - ImportResultOutputID=7eaea1f8e77b6d7f05c1f03c83471bf1 DependenciesID=4006d5ab5d965913da15a9f2696c47ae StaticDependenciesID=d4c10699f9429ec0b094dafb32da3e50 
Importing 'GUID: 0ae7c033e3b054759882b19d5e28272d - Path: Packages/com.islee.unity-remote/Editor/Islee.UnityRemote.Editor.asmdef' with importer (AssemblyDefinitionImporter)
Imported 'GUID: 0ae7c033e3b054759882b19d5e28272d' -> (Import Result ID: '519c4ad4268797ae4be2709d24e7238b') in 0.000 seconds [static dependencies only]. Details - ImportResultOutputID=df0629b45def40055506851d8dae7a89 DependenciesID=3423786d9edb921a88ba66c0d289c114 StaticDependenciesID=0241e96f38701ff1dbc4f8856cde48ee 
Importing 'GUID: 8b03795794e6d44368929d0fa7e67c54 - Path: Packages/com.islee.unity-remote/Tests/Editor/Islee.UnityRemote.Editor.Tests.asmdef' with importer (AssemblyDefinitionImporter)
Imported 'GUID: 8b03795794e6d44368929d0fa7e67c54' -> (Import Result ID: '27e65616bf4b40529d7d8eb1c538048b') in 0.000 seconds [static dependencies only]. Details - ImportResultOutputID=83ab049411678ab08de9e6d49821bd58 DependenciesID=02fb095ae6209828d16fabff8d918af5 StaticDependenciesID=4c8027b64d769798716dad7603a60d65 
[MODES] ModeService[none].Initialize
[MODES] ModeService[none].LoadModes
Native extension for LinuxStandalone target not found
Native extension for iOS target not found
Native extension for Android target not found
Native extension for WindowsStandalone target not found
Native extension for OSXStandalone target not found
Native extension for WebGL target not found
ScheduleIndexationOnStartup MainProcess:True IndexOnStartup:False
Diagnostic switches are active and may impact performance or degrade your user experience. Switches can be configured through the Diagnostics section in the Preferences window.
	DebugAllocatorMode: 0
Scripting: successfully reloaded assembly
- Finished resetting the current domain, in  0.317 seconds
Domain Reload Profiling: 779ms
	BeginReloadAssembly (196ms)
		DisableScriptedObjects (7ms)
		CreateAndSetChildDomain (119ms)
	RebuildCommonClasses (4ms)
	RebuildNativeTypeToScriptingClass (7ms)
	initialDomainReloadingComplete (26ms)
	LoadAllAssembliesAndSetupDomain (229ms)
		LoadAssemblies (98ms)
		TypeCache.Refresh (48ms)
			TypeCache.ScanAssembly (40ms)
		AnalyzeDomain (18ms)
			BuildScriptInfoCaches (16ms)
	FinalizeReload (317ms)
		SetupLoadedEditorAssemblies (0ms)
			InitializePlatformSupportModulesInManaged (8ms)
			BeforeProcessingInitializeOnLoad (45ms)
			ProcessInitializeOnLoadAttributes (51ms)
			ProcessInitializeOnLoadMethodAttributes (30ms)
		AwakeInstancesAfterBackupRestoration (9ms)
Starting new worker id: 0 with log in /Users/ilseoblee/workspace/seoul-kenshi-wt/unity-poc-mac/Game/Logs/AssetImportWorkerHW0.log
Importing 'GUID: 8a729ebff83c047e8aa09a396d2ce2c5 - Path: Assets/Scenes/Foundation.unity' with importer (DefaultImporter)
Imported 'GUID: 8a729ebff83c047e8aa09a396d2ce2c5' -> (Import Result ID: '95f9ecc413bccde278e9bb2411b86377') in 0.000 seconds [static dependencies only]. Details - ImportResultOutputID=7fd5ee3e0749ddce52905929174ec8d0 DependenciesID=136b15d12f90c0dd61aaa6bb6ab84efe StaticDependenciesID=6b3f12e97297c382cae45234acb72a00 
Importing 'GUID: 7d34f3cc1c0185b4990cf748e55a8688 - Path: Packages/com.unity.nuget.newtonsoft-json/Runtime/Newtonsoft.Json.pdb' with importer (DefaultImporter)
Imported 'GUID: 7d34f3cc1c0185b4990cf748e55a8688' -> (Import Result ID: '1843fd59d6358e9bb1e462f87b47803f') in 0.042 seconds [static dependencies only]. Details - ImportResultOutputID=16bb9b4545675e71f391b643dcd12d66 DependenciesID=77c588be16425798f3a87992571b76a1 StaticDependenciesID=c19939e8c4c5e8ed7522893d42c91425 
Importing 'GUID: 1396f5bdc432cd247ac75b97a31e4d1a - Path: Packages/com.unity.nuget.newtonsoft-json/Runtime/AOT/Newtonsoft.Json.pdb' with importer (DefaultImporter)
Imported 'GUID: 1396f5bdc432cd247ac75b97a31e4d1a' -> (Import Result ID: '9a02adcb5ccf7d6902b62d7e517b5552') in 0.001 seconds [static dependencies only]. Details - ImportResultOutputID=83c1a13d3cf8ededa13cd3939806fad8 DependenciesID=b73296531138ae56fabe83ae472f22e4 StaticDependenciesID=057532221e48c49cebe5a35adaee63d8 
Importing 'GUID: d19f4f8a13b6edb48b986a47ec96402e - Path: Packages/com.unity.render-pipelines.core/Runtime/PathTracing/Shaders/LightmapShadowMaskIntegration.urtshader' with importer (ScriptedImporter : Unity.Rendering.LightTransport.Editor:UnityEditor.Rendering.UnifiedRayTracing:UnifiedRTShaderImporter)
Launching external process: /Applications/Unity/Hub/Editor/6000.7.0a5/Unity.app/Contents/Helpers/UnityShaderCompiler
Launched and connected shader compiler UnityShaderCompiler after 0.02 seconds
Imported 'GUID: d19f4f8a13b6edb48b986a47ec96402e' -> (Import Result ID: '9af1ce1688b2e9ec91a8a7fd9f4e0ffe') in 0.038 seconds [static and dynamic dependencies]. Details - ImportResultOutputID=9d8fb5d4dcd3fa928fa93f3b15a231e8 DependenciesID=434ab9b315b48a4a2a1a3abbd3db881a StaticDependenciesID=9fd4e9b2e1ad89e7cbffc601eff4d03f 
Importing 'GUID: 737a1597422c12547a8714d76a9406ec - Path: Packages/com.unity.render-pipelines.core/Runtime/PathTracing/Shaders/LightmapGBufferDebug.urtshader' with importer (ScriptedImporter : Unity.Rendering.LightTransport.Editor:UnityEditor.Rendering.UnifiedRayTracing:UnifiedRTShaderImporter)
Imported 'GUID: 737a1597422c12547a8714d76a9406ec' -> (Import Result ID: 'e0754dd8912c9d551c95358d3c9dbd1c') in 0.003 seconds [static and dynamic dependencies]. Details - ImportResultOutputID=48995d6ca7889714f49e509d5a428dd0 DependenciesID=7691bf1670c5b607a805339848fa6157 StaticDependenciesID=b513b01e29d0aa4d28825e4d4fb57fb4 
Importing 'GUID: f32463968f29423cad25aee15a14b9f1 - Path: Packages/com.unity.render-pipelines.core/Runtime/Lighting/SurfaceCache/PunctualLightSampling.urtshader' with importer (ScriptedImporter : Unity.Rendering.LightTransport.Editor:UnityEditor.Rendering.UnifiedRayTracing:UnifiedRTShaderImporter)
Imported 'GUID: f32463968f29423cad25aee15a14b9f1' -> (Import Result ID: '9ed1bda251b76496bfacd8df8d5936f2') in 0.005 seconds [static and dynamic dependencies]. Details - ImportResultOutputID=c0ea17caa62d1dd2daf507aeefa1ec2c DependenciesID=b0051137b829c798a89d4ec738cf09fe StaticDependenciesID=b63d74c4e924df89cb98a36e44fc1845 
Importing 'GUID: 1451d029813b192429211be28181beab - Path: Packages/com.unity.render-pipelines.core/Runtime/PathTracing/Shaders/LightmapNormalIntegration.urtshader' with importer (ScriptedImporter : Unity.Rendering.LightTransport.Editor:UnityEditor.Rendering.UnifiedRayTracing:UnifiedRTShaderImporter)
Imported 'GUID: 1451d029813b192429211be28181beab' -> (Import Result ID: '162460c9e72fe57a0b2905094dc356be') in 0.003 seconds [static and dynamic dependencies]. Details - ImportResultOutputID=56256f83d24e518316a5f3e6d97c2e2f DependenciesID=96b1905ffe484829203493379ab0aa29 StaticDependenciesID=5afd8eadeec03e368f74c3a5603c453d 
Importing 'GUID: 94a070d33e408384bafc1dea4a565df9 - Path: Packages/com.unity.render-pipelines.core/Editor/Lighting/ProbeVolume/RenderingLayerMask/TraceRenderingLayerMask.urtshader' with importer (ScriptedImporter : Unity.Rendering.LightTransport.Editor:UnityEditor.Rendering.UnifiedRayTracing:UnifiedRTShaderImporter)
Imported 'GUID: 94a070d33e408384bafc1dea4a565df9' -> (Import Result ID: 'c2fdd1397f0559453105709dfd3d6cf7') in 0.002 seconds [static and dynamic dependencies]. Details - ImportResultOutputID=52c3226e2589794598d96a2d06494892 DependenciesID=a9ce6e943c5303bbbc1f9cd698702c0a StaticDependenciesID=25a592d065c9c4788553066128367c57 
Importing 'GUID: 94a39d12848d8d64ca962a72b74e7c50 - Path: Packages/com.unity.render-pipelines.core/Runtime/Lighting/SurfaceCache/Estimation.urtshader' with importer (ScriptedImporter : Unity.Rendering.LightTransport.Editor:UnityEditor.Rendering.UnifiedRayTracing:UnifiedRTShaderImporter)
Imported 'GUID: 94a39d12848d8d64ca962a72b74e7c50' -> (Import Result ID: 'be271183bb7621de7f1dc874a698580f') in 0.002 seconds [static and dynamic dependencies]. Details - ImportResultOutputID=01a9cc8c9e6dd04848efcccad9ce4ac7 DependenciesID=1dee9315a344eb13f3ff86abe199f58a StaticDependenciesID=ffb0a11028fb7b99287455d15347e1d8 
Importing 'GUID: f5ba4d424d4566249b3d94cf81a3e916 - Path: Packages/com.unity.render-pipelines.core/Runtime/PathTracing/Shaders/LightmapDirectDirectionalAndEnvironmentIntegration.urtshader' with importer (ScriptedImporter : Unity.Rendering.LightTransport.Editor:UnityEditor.Rendering.UnifiedRayTracing:UnifiedRTShaderImporter)
Imported 'GUID: f5ba4d424d4566249b3d94cf81a3e916' -> (Import Result ID: '77ca60ee05466482e40f35992e3131d3') in 0.003 seconds [static and dynamic dependencies]. Details - ImportResultOutputID=0cb766ef425e9cbe961bedf7694d5f7f DependenciesID=27dba5c2bb1a3066839105e636675fe9 StaticDependenciesID=d4bdfd2147f181839dcd88d16b4cc45b 
Importing 'GUID: 7624adbeb148b5c48ab5ab660cc2602a - Path: Packages/com.unity.render-pipelines.core/Runtime/PathTracing/Shaders/LightmapIndirectIntegration.urtshader' with importer (ScriptedImporter : Unity.Rendering.LightTransport.Editor:UnityEditor.Rendering.UnifiedRayTracing:UnifiedRTShaderImporter)
Imported 'GUID: 7624adbeb148b5c48ab5ab660cc2602a' -> (Import Result ID: 'e254d2c0c22851bf62124fe2cbe0b6ae') in 0.003 seconds [static and dynamic dependencies]. Details - ImportResultOutputID=2d37cf0f9a6803cdce2a1da00369fdd5 DependenciesID=d4d23e4b9787af294fcf2757241f7bfe StaticDependenciesID=637eaa30376abb268136eb146f59c034 
Importing 'GUID: f8d4e5c2f2df25449ae8c391afbe5114 - Path: Packages/com.unity.nuget.newtonsoft-json/package.json' with importer (PackageManifestImporter)
Imported 'GUID: f8d4e5c2f2df25449ae8c391afbe5114' -> (Import Result ID: '88e088a9286c8818e053202c84f66d29') in 0.000 seconds [static dependencies only]. Details - ImportResultOutputID=1f5103898843f049e7634a31685109fc DependenciesID=b4b9e306687269809a38990ec048c86d StaticDependenciesID=203dde2c326c9f123664d78e6ffdf577 
Importing 'GUID: 29d818aafe88b4fe595552eebb29e5d2 - Path: Packages/com.islee.unity-remote/package.json' with importer (PackageManifestImporter)
Imported 'GUID: 29d818aafe88b4fe595552eebb29e5d2' -> (Import Result ID: 'c04f8ad6551dc6a11689401f09562e94') in 0.000 seconds [static dependencies only]. Details - ImportResultOutputID=7a27a0baa9c35505a4ceaf8ebc97653f DependenciesID=4be0ee58206560bd7a37b3a4e49d854d StaticDependenciesID=0949cf053902ff09f9adea99bf29c34f 
Importing 'GUID: 5951703b3d165764c95c653e98350884 - Path: Packages/com.unity.render-pipelines.core/Runtime/PathTracing/Shaders/LightmapDirectBRDFIntegration.urtshader' with importer (ScriptedImporter : Unity.Rendering.LightTransport.Editor:UnityEditor.Rendering.UnifiedRayTracing:UnifiedRTShaderImporter)
Imported 'GUID: 5951703b3d165764c95c653e98350884' -> (Import Result ID: '4cfaf136603ba0527694a215b451d0f5') in 0.002 seconds [static and dynamic dependencies]. Details - ImportResultOutputID=12056605eff3e3a6b883d59d0ccf3dff DependenciesID=467ccceee6782d66844ff5619b6cad7f StaticDependenciesID=059ad849da4bff5dcc29e3cff7813344 
Importing 'GUID: 99ac6221b6ecd7b479be13e8b9866300 - Path: Packages/com.unity.render-pipelines.core/Tests/Editor/PathTracing/Shaders/TerrainRayMarchingTest.urtshader' with importer (ScriptedImporter : Unity.Rendering.LightTransport.Editor:UnityEditor.Rendering.UnifiedRayTracing:UnifiedRTShaderImporter)
Imported 'GUID: 99ac6221b6ecd7b479be13e8b9866300' -> (Import Result ID: 'a3d12b57c5bbdfad73945c933c052f1a') in 0.002 seconds [static and dynamic dependencies]. Details - ImportResultOutputID=80866f2d3d6f4d4eda16935d08bc8d92 DependenciesID=f88ba83feb60b2579aa6eee86bc76471 StaticDependenciesID=dc53200b7c0c8c0e6f9de4f99348b559 
Importing 'GUID: e9f4de6d1e07fb94f9a60d35b618f724 - Path: Packages/com.unity.render-pipelines.core/Runtime/PathTracing/Shaders/LightmapGBufferIntegration.urtshader' with importer (ScriptedImporter : Unity.Rendering.LightTransport.Editor:UnityEditor.Rendering.UnifiedRayTracing:UnifiedRTShaderImporter)
Imported 'GUID: e9f4de6d1e07fb94f9a60d35b618f724' -> (Import Result ID: '87a94e8f605572f88bc1b18d709fb730') in 0.002 seconds [static and dynamic dependencies]. Details - ImportResultOutputID=0beee0aa3c602a4cf9445c6328fde5f3 DependenciesID=7d034bc668812b7f5f31ed2d60a943a8 StaticDependenciesID=3c625e26646b7228663e0de2b2c1d69b 
Importing 'GUID: 5a2a534753fbdb44e96c3c78b5a6999d - Path: Packages/com.unity.render-pipelines.core/Editor/Lighting/ProbeVolume/DynamicGI/DynamicGISkyOcclusion.urtshader' with importer (ScriptedImporter : Unity.Rendering.LightTransport.Editor:UnityEditor.Rendering.UnifiedRayTracing:UnifiedRTShaderImporter)
Imported 'GUID: 5a2a534753fbdb44e96c3c78b5a6999d' -> (Import Result ID: '8fe789141b93e011a7e1d17d73001a42') in 0.002 seconds [static and dynamic dependencies]. Details - ImportResultOutputID=151e0ec91128ed075457c903c7176bea DependenciesID=a9bbb0ac94a26282492127b616768071 StaticDependenciesID=72ee5fda06862b709c15f6cbb7db6f05 
Importing 'GUID: 5bbebdef5916845478fcef13fa10d89f - Path: Packages/com.unity.render-pipelines.core/Runtime/PathTracing/Shaders/LightmapDirectStochasticLightIntegration.urtshader' with importer (ScriptedImporter : Unity.Rendering.LightTransport.Editor:UnityEditor.Rendering.UnifiedRayTracing:UnifiedRTShaderImporter)
Imported 'GUID: 5bbebdef5916845478fcef13fa10d89f' -> (Import Result ID: '13f0688b56ddef4ea3096d18dd5d4389') in 0.002 seconds [static and dynamic dependencies]. Details - ImportResultOutputID=d41fb2fc35ec34f4ff4460635ea2c866 DependenciesID=2e3e8a55826773c04e8c23ff624fe91f StaticDependenciesID=471ca71b6b19c4611a46691a7356c8a6 
Importing 'GUID: 1c410815c01ce1d4d82c645c0cd45747 - Path: Packages/com.unity.render-pipelines.core/Runtime/PathTracing/Shaders/LightmapAOIntegration.urtshader' with importer (ScriptedImporter : Unity.Rendering.LightTransport.Editor:UnityEditor.Rendering.UnifiedRayTracing:UnifiedRTShaderImporter)
Imported 'GUID: 1c410815c01ce1d4d82c645c0cd45747' -> (Import Result ID: 'afeea392c3db67f98e4e89a90d287353') in 0.002 seconds [static and dynamic dependencies]. Details - ImportResultOutputID=66ddf4fe173ecf3750e63c54de3baf65 DependenciesID=7743c2785622910722eaf3263dd57f31 StaticDependenciesID=219d1b7269d01f2442d424f53e04d073 
Importing 'GUID: 2c32233d92a2d0745930664c087c5c9a - Path: Packages/com.unity.render-pipelines.core/Runtime/PathTracing/Shaders/ProbeIntegrationValidity.urtshader' with importer (ScriptedImporter : Unity.Rendering.LightTransport.Editor:UnityEditor.Rendering.UnifiedRayTracing:UnifiedRTShaderImporter)
Imported 'GUID: 2c32233d92a2d0745930664c087c5c9a' -> (Import Result ID: '91334d4e9c60ccddfb972f2aed56cf18') in 0.003 seconds [static and dynamic dependencies]. Details - ImportResultOutputID=16e585d7cae8a529aab17f3886c5c672 DependenciesID=07e56f118d37d41918a664ea348bc74c StaticDependenciesID=89ce6b5e76d568c473e42bb2e82d857d 
Importing 'GUID: ace95ac84e213794891b4bd7c9b3c158 - Path: Packages/com.unity.render-pipelines.core/Runtime/PathTracing/Shaders/LightmapValidityIntegration.urtshader' with importer (ScriptedImporter : Unity.Rendering.LightTransport.Editor:UnityEditor.Rendering.UnifiedRayTracing:UnifiedRTShaderImporter)
Imported 'GUID: ace95ac84e213794891b4bd7c9b3c158' -> (Import Result ID: '73a0560ded1a8359e251e4e3b8ea14f6') in 0.002 seconds [static and dynamic dependencies]. Details - ImportResultOutputID=1e7e3541ec2d9b31499633eeefd69527 DependenciesID=879060da268c63f5771be60e8ebc1645 StaticDependenciesID=af3a8789fbe725883be9c99ebb7cf5e2 
Importing 'GUID: 5ecdabd800f05984696f22ba95284516 - Path: Packages/com.unity.render-pipelines.core/Runtime/PathTracing/Shaders/ProbeIntegrationIndirect.urtshader' with importer (ScriptedImporter : Unity.Rendering.LightTransport.Editor:UnityEditor.Rendering.UnifiedRayTracing:UnifiedRTShaderImporter)
Imported 'GUID: 5ecdabd800f05984696f22ba95284516' -> (Import Result ID: '8fc898af840f7187d1126de3fc2663cb') in 0.003 seconds [static and dynamic dependencies]. Details - ImportResultOutputID=2fed7b88b19bb08b6d2796812271c767 DependenciesID=8aabc2d15d56a1e7d6ffaa44d2ff7726 StaticDependenciesID=1ad901001e2e557153e1de5753d25220 
Importing 'GUID: de3013e16d99f2746ab1735ec06a660b - Path: Packages/com.unity.render-pipelines.core/Runtime/PathTracing/Shaders/ProbeIntegrationOcclusion.urtshader' with importer (ScriptedImporter : Unity.Rendering.LightTransport.Editor:UnityEditor.Rendering.UnifiedRayTracing:UnifiedRTShaderImporter)
Imported 'GUID: de3013e16d99f2746ab1735ec06a660b' -> (Import Result ID: '1eaf5467e78505166c8fb3b9d197237f') in 0.004 seconds [static and dynamic dependencies]. Details - ImportResultOutputID=cf915cae9369a99a07bfe4802d578e5b DependenciesID=e302bb279fd6a99dd6fb585a163476ad StaticDependenciesID=d23a0c4a2896e547ad436f2fd232bb27 
Importing 'GUID: fe7f1a959d1d3f544a208b7e8805e6cd - Path: Packages/com.unity.render-pipelines.core/Runtime/PathTracing/Shaders/ProbeIntegrationDirectDirectionalAndEnvironment.urtshader' with importer (ScriptedImporter : Unity.Rendering.LightTransport.Editor:UnityEditor.Rendering.UnifiedRayTracing:UnifiedRTShaderImporter)
Imported 'GUID: fe7f1a959d1d3f544a208b7e8805e6cd' -> (Import Result ID: '1c6e2497a68e2a70f6014c2f0b1868e6') in 0.002 seconds [static and dynamic dependencies]. Details - ImportResultOutputID=9c364069a89a081cc1ecc81c38d4943a DependenciesID=4b4be6bc0d169b4274360f9bf141e2c5 StaticDependenciesID=b8525778ccd6bf87644fae631483c773 
Importing 'GUID: 1f9bfe60b4ad75943a5281839c1a4e5c - Path: Packages/com.unity.render-pipelines.core/Runtime/PathTracing/Shaders/ProbeIntegrationDirectStochasticLight.urtshader' with importer (ScriptedImporter : Unity.Rendering.LightTransport.Editor:UnityEditor.Rendering.UnifiedRayTracing:UnifiedRTShaderImporter)
Imported 'GUID: 1f9bfe60b4ad75943a5281839c1a4e5c' -> (Import Result ID: '6119b18d879c58538e320b645c6de95d') in 0.002 seconds [static and dynamic dependencies]. Details - ImportResultOutputID=12efef011675eed986c7c96d14c84ad3 DependenciesID=5639a608ef4534858ad976eabf906ce2 StaticDependenciesID=bb23e9aed0fe8778db1283cad6c57003 
Importing 'GUID: ff2cbab5da58bf04d82c5f34037ed123 - Path: Packages/com.unity.render-pipelines.core/Editor/Lighting/ProbeVolume/VirtualOffset/TraceVirtualOffset.urtshader' with importer (ScriptedImporter : Unity.Rendering.LightTransport.Editor:UnityEditor.Rendering.UnifiedRayTracing:UnifiedRTShaderImporter)
Imported 'GUID: ff2cbab5da58bf04d82c5f34037ed123' -> (Import Result ID: '41f25a6b55a8cd6c421837eef08c1a03') in 0.002 seconds [static and dynamic dependencies]. Details - ImportResultOutputID=2a7d06ae2a4341f26e688d8e5cb10693 DependenciesID=6c77d8d9451e98fb6392b66a860721c1 StaticDependenciesID=577fb2ca56f9c9cef1dba593cc7f61b6 
Importing 'GUID: 51bd45ca4f0f28342a12f4b0c80e9f4f - Path: Packages/com.unity.nuget.newtonsoft-json/README.md' with importer (TextScriptImporter)
Imported 'GUID: 51bd45ca4f0f28342a12f4b0c80e9f4f' -> (Import Result ID: '2c39869adc8ff7c51935de855df4e76c') in 0.000 seconds [static dependencies only]. Details - ImportResultOutputID=baecf0d653ec566a578ebd82b3e3475c DependenciesID=09000b10d246e41f0f9da8e9e67b5297 StaticDependenciesID=cd07f7f5f636a4b02d61efb237d25103 
Importing 'GUID: 24efe08f95549ab4699df4c1b55703e5 - Path: Packages/com.unity.nuget.newtonsoft-json/LICENSE.md' with importer (TextScriptImporter)
Imported 'GUID: 24efe08f95549ab4699df4c1b55703e5' -> (Import Result ID: 'a6809643464357fef49730761563fb4e') in 0.000 seconds [static dependencies only]. Details - ImportResultOutputID=4f9626f766f614b9a8f3921e9154e97b DependenciesID=b79c5b02b9e5c83d00dde3409cf72936 StaticDependenciesID=f834eadff454e8358bd2d40ac2d4054b 
Importing 'GUID: 9422d9b1fde3cf644b4a0dddd10a7348 - Path: Packages/com.unity.nuget.newtonsoft-json/Third Party Notices.md' with importer (TextScriptImporter)
Imported 'GUID: 9422d9b1fde3cf644b4a0dddd10a7348' -> (Import Result ID: 'b6984f0b427a9c553e24ea6506cce47f') in 0.000 seconds [static dependencies only]. Details - ImportResultOutputID=0004c8db8e6c0e1d7ddc027349698129 DependenciesID=d77e94b106acb02ac57793e7e056257e StaticDependenciesID=0184b4377f5f2bf67fb6db860275b073 
Importing 'GUID: 06f083aed28994505bd14f6887c853e3 - Path: Packages/com.islee.unity-remote/AGENTS.md' with importer (TextScriptImporter)
Imported 'GUID: 06f083aed28994505bd14f6887c853e3' -> (Import Result ID: '71c777370e7681da6d19a0a39000cb67') in 0.000 seconds [static dependencies only]. Details - ImportResultOutputID=0f06313c2b2b7094929a6458bbb49b81 DependenciesID=78dfa0569e7908b4a762bed6e88197d4 StaticDependenciesID=060b5c7867f7f96b85a7f3d134f99432 
Importing 'GUID: 16f24f695cc06684991baf4b1bc6ad22 - Path: Packages/com.unity.nuget.newtonsoft-json/CHANGELOG.md' with importer (TextScriptImporter)
Imported 'GUID: 16f24f695cc06684991baf4b1bc6ad22' -> (Import Result ID: 'aba0195bb1a5577f159b538bbc7f124b') in 0.000 seconds [static dependencies only]. Details - ImportResultOutputID=a04c6dbc2a3919574bbde9b83fdb71e9 DependenciesID=ca552a6ad0bcf03ec927a1f584c759c2 StaticDependenciesID=a9d1d8cd7c5452b57afa51acb360bee1 
Importing 'GUID: a8a90c35b04530c4f971aaef6fdf3612 - Path: Packages/com.unity.nuget.newtonsoft-json/link.xml' with importer (TextScriptImporter)
Imported 'GUID: a8a90c35b04530c4f971aaef6fdf3612' -> (Import Result ID: 'da970b10eafc19769ada34b4354428f4') in 0.000 seconds [static dependencies only]. Details - ImportResultOutputID=210616fd3a857d0defda6b02b8477b66 DependenciesID=d7b662077794a6987057fc4db57dc71d StaticDependenciesID=91b490bab81f6cc8e83a4d2466a3b499 
Importing 'GUID: 4c5640e415edbe342bbe339175268dfc - Path: Packages/com.unity.nuget.newtonsoft-json/Runtime/AOT/Newtonsoft.Json.xml' with importer (TextScriptImporter)
Imported 'GUID: 4c5640e415edbe342bbe339175268dfc' -> (Import Result ID: '9cf7ac3f6ff683321faffeaa585f9cf6') in 0.001 seconds [static dependencies only]. Details - ImportResultOutputID=5783bba97446e0c5d561e0cf0bc4e85a DependenciesID=be1c1dac25e63f2805076698936086c0 StaticDependenciesID=73a038991d2a92c30bbb061129560a42 
Importing 'GUID: fed01095b990a354289891ead909238f - Path: Packages/com.unity.nuget.newtonsoft-json/Runtime/Newtonsoft.Json.xml' with importer (TextScriptImporter)
Imported 'GUID: fed01095b990a354289891ead909238f' -> (Import Result ID: '5b07b4f12d3b0c33e9854f42dad68a0a') in 0.000 seconds [static dependencies only]. Details - ImportResultOutputID=fd738df41332ff24d3bc05208107e32e DependenciesID=fb3d395449562953aa6c4486b4bdb747 StaticDependenciesID=2a2bdd1bae0f8953e0317952c984d23e 
Worker ready: AssetImportWorkerHW0 0

Asset Pipeline Refresh (id=2e6f25e415d3049efa9962ca523c4c00): Total: 3.439 seconds - Initiated by InitialRefreshV2(ForceSynchronousImport)
	(Values over 0.05ms)
	Summary:
		Imports: total=43 (actual=43, local cache=0, cache server=0)
		Asset DB Process Time: managed=1 ms, native=819 ms
		Asset DB Callback time: managed=1309 ms, native=151 ms
		Scripting: domain reloads=1, domain reload time=475 ms, compile time=682 ms, other=0 ms
		Project Asset Count: scripts=1015, non-scripts=2834
		Asset File Changes: new=0, changed=1, moved=0, deleted=0
		Scan Filter Count: 1
	InvokePackagesCallback: 3.532ms
	ApplyChangesToAssetFolders: 0.175ms
	Scan: 253.879ms
	Collect global state as custom dependencies: 2.785ms
	OnSourceAssetsModified: 0.220ms
	CategorizeScriptCompilationAssets: 9.503ms
	ProcessAssetsWithTransientArtifactChanges: 17.178ms
	CategorizeAssets: 31.087ms
	CompileScripts: 682.128ms
	ImportOutOfDateAssets: 469.954ms (318.693ms without children)
		ImportManagerImport: 148.967ms (2.121ms without children)
			UpdateCategorizedAssets: 1.044ms
		UnloadImportedAssets: 0.140ms
		EnsureUptoDateAssetsAreRegisteredWithGuidPM: 0.272ms
		ImportSchedulerStart: 1.878ms
	PostProcessAllAssets: 1456.650ms
		ComputeShaderImportPostprocess 133.984ms
		RaytracingShaderImportPostprocess 12.996ms
		MonoPostProcessAllAssets: 1308.887ms
			UniversalRenderPipelineGlobalSettingsPostprocessor.OnPostprocessAllAssets 1253.945ms
			AssetPostprocessor.OnPostprocessAllAssets 29.031ms
			StyleCatalogPostProcessor.OnPostprocessAllAssets 6.919ms
			SyncVS.PostprocessSyncProject 4.116ms
			BuilderAssetPostprocessor.OnPostprocessAllAssets 2.907ms
			ShaderGraphAssetPostProcessor.OnPostprocessAllAssets 1.235ms
			AssetChangedListener.OnPostprocessAllAssets 0.846ms
			SpeedTree9Postprocessor.OnPostprocessAllAssets 0.717ms
			EditModeScopePostprocessor.OnPostprocessAllAssets 0.703ms
			RetainedModeAssetPostprocessor.OnPostprocessAllAssets 0.532ms
			MaterialPostprocessor.OnPostprocessAllAssets 0.410ms
			PostProcessor.OnPostprocessAllAssets 0.271ms
			ShaderReflectionAssetPostProcessor.OnPostprocessAllAssets 0.229ms
			InputActionAssetPostprocessor.OnPostprocessAllAssets 0.228ms
			InputActionJsonNameModifierAssetProcessor.OnPostprocessAllAssets 0.200ms
			ArtifactBrowserPostProcessor.OnPostprocessAllAssets 0.184ms
			TextAssetPostProcessor.OnPostprocessAllAssets 0.183ms
			ReferencedClipsPostProcessor.OnPostprocessAllAssets 0.162ms
			AudioMixerPostprocessor.OnPostprocessAllAssets 0.142ms
			AssetEvents.OnPostprocessAllAssets 0.126ms
			TMPro_TexturePostProcessor.OnPostprocessAllAssets 0.122ms
			TerrainToolbarOverlayPostProcessor.OnPostprocessAllAssets 0.111ms
			Postprocessor.OnPostprocessAllAssets 0.107ms
			WindowAssetPostprocessingWatcher.OnPostprocessAllAssets 0.103ms
			AssetDatabaseCallbacks.OnPostprocessAllAssets 0.073ms
			ConfigAssetsTracker.OnPostprocessAllAssets 0.072ms
			ProjectSettingsPostprocessor.OnPostprocessAllAssets 0.068ms
			SpeedTreePostProcessor.OnPostprocessAllAssets 0.064ms
			ThemePostprocessor.OnPostprocessAllAssets 0.054ms
			AudioContainerPostProcessor.OnPostprocessAllAssets 0.053ms
	PostAssetChangesProfiler: 0.819ms
	UnloadStreamsBegin: 0.896ms
	PersistCurrentRevisions: 0.191ms
	GenerateScriptTypeHashes: 0.779ms
	GenerateScriptTypeSerializationHashes: 1.591ms
	Untracked: 508.626ms

Application.AssetDatabase Initial Refresh End
Shader Hidden/ChartRasterizerHardware is not supported: GPU does not support conservative rasterization
Shader Hidden/ChartRasterizerHardware is not supported: GPU does not support conservative rasterization
Scanning for USB devices : 0.267ms
Initializing Unity extensions:
Unloading 282 Unused Serialized files (Serialized files now loaded: 0)
Unloading 3903 unused Assets / (5.3 MB). Loaded Objects now: 4870.
Memory consumption went from 0.52 GB to 0.51 GB.
Total: 5.244750 ms (FindLiveObjects: 0.243958 ms CreateObjectMapping: 0.083042 ms MarkObjects: 3.844292 ms  DeleteObjects: 1.023167 ms)

[Project] Loading completed in 8.821 seconds
	Project init time: 				8.018 seconds
		Template init time: 		0.000 seconds
		Package Manager init time: 		1.029 seconds
		Asset Database init time: 		0.111 seconds
		Global illumination init time: 	0.001 seconds
		Assemblies load time: 			2.687 seconds
		Unity extensions init time: 	0.005 seconds
		Asset Database refresh time: 	3.439 seconds
	Scene opening time: 			0.764 seconds
##utp:{"type":"ProjectInfo","version":2,"phase":"Immediate","time":1789058450413,"processId":8793,"projectLoad":8.820897125,"projectInit":8.018015084,"templateInit":0.0,"packageManagerInit":1.028916833,"assetDatabaseInit":0.110807584,"globalIlluminationInit":0.000701,"assembliesLoad":2.687486541,"unityExtensionsInit":0.004614167,"assetDatabaseRefresh":3.439261333,"sceneOpening":0.76404475}
##utp:{"type":"EditorInfo","version":2,"phase":"Immediate","time":1789058450413,"processId":8793,"editorVersion":"6000.7.0a5 (a15235a53881)","branch":"trunk","buildType":"Release","platform":"OSX"}
Asset Pipeline Refresh (id=719da48c82fe942b79686258104410d1): Total: 0.096 seconds - Initiated by RefreshV2(ForceSynchronousImport)
[Licensing::Client] Successfully resolved entitlement details
Running tests for ExecutionSettings with details:
targetPlatform = 
playerHeartbeatTimeout = 600
filters[0] = 
   Filter with settings:
   testMode = EditMode
   targetPlatform = 
   testNames = null
   groupNames = Janseon.Foundation.Tests.OwnerCardTargetingTests
   categoryNames = null
   assemblyNames = null
ignoreTests = {}
featureFlags = null

UnityEngine.Debug:ExtractStackTraceNoAlloc (byte*,int,string)
UnityEngine.StackTraceUtility:ExtractStackTrace () (at /Users/bokken/build/output/unity/unity/Runtime/Export/Scripting/StackTrace.cs:23)
UnityEngine.DebugLogHandler:Internal_Log (UnityEngine.LogType,UnityEngine.LogOption,string,UnityEngine.Object)
UnityEngine.DebugLogHandler:LogFormat (UnityEngine.LogType,UnityEngine.Object,string,object[])
UnityEngine.Logger:Log (UnityEngine.LogType,object)
UnityEngine.Debug:Log (object)
UnityEditor.TestTools.TestRunner.CommandLineTest.Executer:InitializeAndExecuteRun (string[]) (at ./Library/PackageCache/com.unity.test-framework@4c309923fa3b/UnityEditor.TestRunner/CommandLineTest/Executer.cs:53)
UnityEditor.TestTools.TestRunner.CommandLineTest.TestStarter:InitializeAndExecuteRun () (at ./Library/PackageCache/com.unity.test-framework@4c309923fa3b/UnityEditor.TestRunner/CommandLineTest/TestStarter.cs:64)
UnityEditor.EditorApplication:Internal_CallUpdateFunctions () (at /Users/bokken/build/output/unity/unity/Editor/Mono/EditorApplication.cs:463)

(Filename: ./Library/PackageCache/com.unity.test-framework@4c309923fa3b/UnityEditor.TestRunner/CommandLineTest/Executer.cs Line: 53)

Launching external process: /Applications/Unity/Hub/Editor/6000.7.0a5/Unity.app/Contents/Helpers/UnityShaderCompiler
[UnityConnectServicesConfig] config is NOT valid, switching to default
Created GICache directory at /Users/ilseoblee/Library/Caches/com.unity3d.UnityEditor/GiCache. Took: 0.013s, timestamps: [8.822 - 8.835]
Launched and connected shader compiler UnityShaderCompiler after 0.01 seconds
Unloading 1 Unused Serialized files (Serialized files now loaded: 0)
Unloading 1 unused Assets / (4.4 KB). Loaded Objects now: 5029.
Memory consumption went from 466.0 MB to 466.0 MB.
Total: 5.144708 ms (FindLiveObjects: 0.134959 ms CreateObjectMapping: 0.027792 ms MarkObjects: 4.909792 ms  DeleteObjects: 0.014084 ms)

Executing IPrebuildSetup for: Unity.PerformanceTesting.Editor.TestRunBuilder.
UnityEngine.Debug:ExtractStackTraceNoAlloc (byte*,int,string)
UnityEngine.StackTraceUtility:ExtractStackTrace () (at /Users/bokken/build/output/unity/unity/Runtime/Export/Scripting/StackTrace.cs:23)
UnityEngine.DebugLogHandler:Internal_Log (UnityEngine.LogType,UnityEngine.LogOption,string,UnityEngine.Object)
UnityEngine.DebugLogHandler:LogFormat (UnityEngine.LogType,UnityEngine.Object,string,object[])
UnityEngine.Logger:Log (UnityEngine.LogType,object)
UnityEngine.Debug:Log (object)
UnityEditor.TestTools.TestRunner.TestRun.Tasks.BuildActionTaskBase`1/<ExecuteMethods>d__8<UnityEngine.TestTools.IPrebuildSetup>:MoveNext () (at ./Library/PackageCache/com.unity.test-framework@4c309923fa3b/UnityEditor.TestRunner/TestRun/Tasks/BuildActionTaskBase.cs:48)
UnityEditor.TestTools.TestRunner.TestRun.Tasks.BuildActionTaskBase`1/<Execute>d__7<UnityEngine.TestTools.IPrebuildSetup>:MoveNext () (at ./Library/PackageCache/com.unity.test-framework@4c309923fa3b/UnityEditor.TestRunner/TestRun/Tasks/BuildActionTaskBase.cs:34)
UnityEditor.TestTools.TestRunner.TestRun.TestJobRunner:ExecuteStep () (at ./Library/PackageCache/com.unity.test-framework@4c309923fa3b/UnityEditor.TestRunner/TestRun/TestJobRunner.cs:194)
UnityEditor.TestTools.TestRunner.TestRun.TestJobRunner:ExecuteCallback () (at ./Library/PackageCache/com.unity.test-framework@4c309923fa3b/UnityEditor.TestRunner/TestRun/TestJobRunner.cs:129)
UnityEditor.EditorApplication:Internal_CallUpdateFunctions () (at /Users/bokken/build/output/unity/unity/Editor/Mono/EditorApplication.cs:463)

(Filename: ./Library/PackageCache/com.unity.test-framework@4c309923fa3b/UnityEditor.TestRunner/TestRun/Tasks/BuildActionTaskBase.cs Line: 48)

Saving results to: /Users/ilseoblee/Library/Application Support/Janseon Studio/잔선_ 서울/TestResults.xml
Saving results to: /Users/ilseoblee/workspace/seoul-kenshi-wt/unity-poc-mac/.omo/evidence/unity-html-poc-ui-parity/task-07/red.xml
Executing IPostBuildCleanup for: Unity.PerformanceTesting.Editor.TestRunBuilder.
UnityEngine.Debug:ExtractStackTraceNoAlloc (byte*,int,string)
UnityEngine.StackTraceUtility:ExtractStackTrace () (at /Users/bokken/build/output/unity/unity/Runtime/Export/Scripting/StackTrace.cs:23)
UnityEngine.DebugLogHandler:Internal_Log (UnityEngine.LogType,UnityEngine.LogOption,string,UnityEngine.Object)
UnityEngine.DebugLogHandler:LogFormat (UnityEngine.LogType,UnityEngine.Object,string,object[])
UnityEngine.Logger:Log (UnityEngine.LogType,object)
UnityEngine.Debug:Log (object)
UnityEditor.TestTools.TestRunner.TestRun.Tasks.BuildActionTaskBase`1/<ExecuteMethods>d__8<UnityEngine.TestTools.IPostBuildCleanup>:MoveNext () (at ./Library/PackageCache/com.unity.test-framework@4c309923fa3b/UnityEditor.TestRunner/TestRun/Tasks/BuildActionTaskBase.cs:48)
UnityEditor.TestTools.TestRunner.TestRun.Tasks.BuildActionTaskBase`1/<Execute>d__7<UnityEngine.TestTools.IPostBuildCleanup>:MoveNext () (at ./Library/PackageCache/com.unity.test-framework@4c309923fa3b/UnityEditor.TestRunner/TestRun/Tasks/BuildActionTaskBase.cs:34)
UnityEditor.TestTools.TestRunner.TestRun.TestJobRunner:ExecuteStep () (at ./Library/PackageCache/com.unity.test-framework@4c309923fa3b/UnityEditor.TestRunner/TestRun/TestJobRunner.cs:194)
UnityEditor.TestTools.TestRunner.TestRun.TestJobRunner:ExecuteCallback () (at ./Library/PackageCache/com.unity.test-framework@4c309923fa3b/UnityEditor.TestRunner/TestRun/TestJobRunner.cs:129)
UnityEditor.EditorApplication:Internal_CallUpdateFunctions () (at /Users/bokken/build/output/unity/unity/Editor/Mono/EditorApplication.cs:463)

(Filename: ./Library/PackageCache/com.unity.test-framework@4c309923fa3b/UnityEditor.TestRunner/TestRun/Tasks/BuildActionTaskBase.cs Line: 48)

Unloading 0 Unused Serialized files (Serialized files now loaded: 0)
Unloading 0 unused Assets / (Unknown). Loaded Objects now: 5030.
Memory consumption went from 467.1 MB to 467.1 MB.
Total: 5.396208 ms (FindLiveObjects: 0.126083 ms CreateObjectMapping: 0.028375 ms MarkObjects: 5.179417 ms  DeleteObjects: 0.006667 ms)

DisplayProgressbar: Undo
Test run completed. Exiting with code 2 (Failed). One or more tests failed.
UnityEngine.Debug:ExtractStackTraceNoAlloc (byte*,int,string)
UnityEngine.StackTraceUtility:ExtractStackTrace () (at /Users/bokken/build/output/unity/unity/Runtime/Export/Scripting/StackTrace.cs:23)
UnityEngine.DebugLogHandler:Internal_Log (UnityEngine.LogType,UnityEngine.LogOption,string,UnityEngine.Object)
UnityEngine.DebugLogHandler:LogFormat (UnityEngine.LogType,UnityEngine.Object,string,object[])
UnityEngine.Logger:Log (UnityEngine.LogType,object)
UnityEngine.Debug:Log (object)
UnityEditor.TestTools.TestRunner.CommandLineTest.Executer:ExitApplication (UnityEditor.TestTools.TestRunner.CommandLineTest.Executer/ReturnCodes,string) (at ./Library/PackageCache/com.unity.test-framework@4c309923fa3b/UnityEditor.TestRunner/CommandLineTest/Executer.cs:81)
UnityEditor.TestTools.TestRunner.CommandLineTest.Executer:ExitIfRunIsCompleted () (at ./Library/PackageCache/com.unity.test-framework@4c309923fa3b/UnityEditor.TestRunner/CommandLineTest/Executer.cs:74)
UnityEditor.EditorApplication:Internal_CallUpdateFunctions () (at /Users/bokken/build/output/unity/unity/Editor/Mono/EditorApplication.cs:463)

(Filename: ./Library/PackageCache/com.unity.test-framework@4c309923fa3b/UnityEditor.TestRunner/CommandLineTest/Executer.cs Line: 81)

MonoPathRemapper: Attempts to remap: 14903; Successful remaps: 224
Serialized file version minimum: 0, current 23
Thread 0x16ea6b000 may have been prematurely finalized
Killing ADB server in 0.056664 seconds.
Input System module state changed to: ShutdownInProgress.
Input Polling Thread exited.
Input System module state changed to: Shutdown.
Thread 0x16d5a3000 may have been prematurely finalized
Thread 0x16d517000 may have been prematurely finalized
Thread 0x16d62f000 may have been prematurely finalized
Thread 0x16d6bb000 may have been prematurely finalized
Thread 0x16d747000 may have been prematurely finalized
[Physics::Module] Cleanup current backend.
[Physics::Module] Id: 0xf2b8ea05
[Licensing::IpcConnector] LicenseClient-ilseoblee-6000.7.0-notifications channel disconnected successfully.
[Licensing::IpcConnector] LicenseClient-ilseoblee-6000.7.0 channel disconnected successfully.
Shut down UDS service system complete
Lingering sessions upon destruction of worker manager
Unity Data Store service was successfully shut down
UDS shutting down local client system
AcceleratorClientConnectionCallback - disconnected - :0
Cleanup mono
CodeReloadManager destroyed
debugger-agent: Unable to listen on 43
[usbmuxd] Stop listen thread
[usbmuxd] Error: 
[usbmuxd] Listen thread exiting
